Component: ARM Compiler 5.06 update 6 (build 750) Tool: armlink [4d35ed]

==============================================================================

Section Cross References

    startup_stm32f103xb.o(RESET) refers to startup_stm32f103xb.o(STACK) for __initial_sp
    startup_stm32f103xb.o(RESET) refers to startup_stm32f103xb.o(.text) for Reset_Handler
    startup_stm32f103xb.o(RESET) refers to stm32f1xx_it.o(i.NMI_Handler) for NMI_Handler
    startup_stm32f103xb.o(RESET) refers to stm32f1xx_it.o(i.HardFault_Handler) for HardFault_Handler
    startup_stm32f103xb.o(RESET) refers to stm32f1xx_it.o(i.MemManage_Handler) for MemManage_Handler
    startup_stm32f103xb.o(RESET) refers to stm32f1xx_it.o(i.BusFault_Handler) for BusFault_Handler
    startup_stm32f103xb.o(RESET) refers to stm32f1xx_it.o(i.UsageFault_Handler) for UsageFault_Handler
    startup_stm32f103xb.o(RESET) refers to port.o(.emb_text) for SVC_Handler
    startup_stm32f103xb.o(RESET) refers to stm32f1xx_it.o(i.DebugMon_Handler) for DebugMon_Handler
    startup_stm32f103xb.o(RESET) refers to stm32f1xx_it.o(i.SysTick_Handler) for SysTick_Handler
    startup_stm32f103xb.o(RESET) refers to stm32f1xx_it.o(i.DMA1_Channel5_IRQHandler) for DMA1_Channel5_IRQHandler
    startup_stm32f103xb.o(RESET) refers to stm32f1xx_it.o(i.USB_LP_CAN1_RX0_IRQHandler) for USB_LP_CAN1_RX0_IRQHandler
    startup_stm32f103xb.o(RESET) refers to stm32f1xx_it.o(i.TIM4_IRQHandler) for TIM4_IRQHandler
    startup_stm32f103xb.o(RESET) refers to stm32f1xx_it.o(i.USART1_IRQHandler) for USART1_IRQHandler
    startup_stm32f103xb.o(.text) refers to system_stm32f1xx.o(i.SystemInit) for SystemInit
    startup_stm32f103xb.o(.text) refers to entry.o(.ARM.Collect$$$$00000000) for __main
    main.o(i.HAL_TIM_PeriodElapsedCallback) refers to stm32f1xx_hal.o(i.HAL_IncTick) for HAL_IncTick
    main.o(i.SystemClock_Config) refers to stm32f1xx_hal_rcc.o(i.HAL_RCC_OscConfig) for HAL_RCC_OscConfig
    main.o(i.SystemClock_Config) refers to main.o(i._Error_Handler) for _Error_Handler
    main.o(i.SystemClock_Config) refers to stm32f1xx_hal_rcc.o(i.HAL_RCC_ClockConfig) for HAL_RCC_ClockConfig
    main.o(i.SystemClock_Config) refers to stm32f1xx_hal_rcc_ex.o(i.HAL_RCCEx_PeriphCLKConfig) for HAL_RCCEx_PeriphCLKConfig
    main.o(i.SystemClock_Config) refers to stm32f1xx_hal_rcc.o(i.HAL_RCC_GetHCLKFreq) for HAL_RCC_GetHCLKFreq
    main.o(i.SystemClock_Config) refers to stm32f1xx_hal_cortex.o(i.HAL_SYSTICK_Config) for HAL_SYSTICK_Config
    main.o(i.SystemClock_Config) refers to stm32f1xx_hal_cortex.o(i.HAL_SYSTICK_CLKSourceConfig) for HAL_SYSTICK_CLKSourceConfig
    main.o(i.SystemClock_Config) refers to stm32f1xx_hal_cortex.o(i.HAL_NVIC_SetPriority) for HAL_NVIC_SetPriority
    main.o(i.main) refers to stm32f1xx_hal.o(i.HAL_Init) for HAL_Init
    main.o(i.main) refers to main.o(i.SystemClock_Config) for SystemClock_Config
    main.o(i.main) refers to gpio.o(i.MX_GPIO_Init) for MX_GPIO_Init
    main.o(i.main) refers to dma.o(i.MX_DMA_Init) for MX_DMA_Init
    main.o(i.main) refers to usart.o(i.MX_USART1_UART_Init) for MX_USART1_UART_Init
    main.o(i.main) refers to usb_device.o(i.MX_USB_DEVICE_Init) for MX_USB_DEVICE_Init
    main.o(i.main) refers to stm32f1xx_hal.o(i.HAL_Delay) for HAL_Delay
    main.o(i.main) refers to freertos.o(i.MX_FREERTOS_Init) for MX_FREERTOS_Init
    main.o(i.main) refers to cmsis_os.o(i.osKernelStart) for osKernelStart
    gpio.o(i.MX_GPIO_Init) refers to stm32f1xx_hal_gpio.o(i.HAL_GPIO_Init) for HAL_GPIO_Init
    gpio.o(i.MX_GPIO_Init) refers to stm32f1xx_hal_gpio.o(i.HAL_GPIO_WritePin) for HAL_GPIO_WritePin
    dma.o(i.MX_DMA_Init) refers to stm32f1xx_hal_cortex.o(i.HAL_NVIC_SetPriority) for HAL_NVIC_SetPriority
    dma.o(i.MX_DMA_Init) refers to stm32f1xx_hal_cortex.o(i.HAL_NVIC_EnableIRQ) for HAL_NVIC_EnableIRQ
    freertos.o(i.MX_FREERTOS_Init) refers to memcpya.o(.text) for __aeabi_memcpy4
    freertos.o(i.MX_FREERTOS_Init) refers to cmsis_os.o(i.osThreadCreate) for osThreadCreate
    freertos.o(i.MX_FREERTOS_Init) refers to thread_usbframe_process.o(i.init_thread_usbframe_process) for init_thread_usbframe_process
    freertos.o(i.MX_FREERTOS_Init) refers to thread_frame_send.o(i.init_thread_frame_send) for init_thread_frame_send
    freertos.o(i.MX_FREERTOS_Init) refers to thread_ble_transfer.o(i.init_thread_ble_transfer) for init_thread_ble_transfer
    freertos.o(i.MX_FREERTOS_Init) refers to freertos.o(.constdata) for .constdata
    freertos.o(i.MX_FREERTOS_Init) refers to freertos.o(.data) for defaultTaskHandle
    freertos.o(i.StartDefaultTask) refers to stm32f1xx_hal_uart.o(i.HAL_UART_Receive_DMA) for HAL_UART_Receive_DMA
    freertos.o(i.StartDefaultTask) refers to cmsis_os.o(i.osDelay) for osDelay
    freertos.o(i.StartDefaultTask) refers to usart.o(.bss) for huart1
    freertos.o(i.StartTask02) refers to usbd_customhid.o(i.USBD_CUSTOM_HID_SendReport) for USBD_CUSTOM_HID_SendReport
    freertos.o(i.StartTask02) refers to cmsis_os.o(i.osDelay) for osDelay
[...]
    i.vPortEnterCritical                     0x08005ee8   Section        0  port.o(i.vPortEnterCritical)
    i.vPortExitCritical                      0x08005f3c   Section        0  port.o(i.vPortExitCritical)
    i.vPortFree                              0x08005f78   Section        0  heap_4.o(i.vPortFree)
    i.vPortSetupTimerInterrupt               0x0800600c   Section        0  port.o(i.vPortSetupTimerInterrupt)
    i.vPortValidateInterruptPriority         0x0800602c   Section        0  port.o(i.vPortValidateInterruptPriority)
    i.vTaskDelay                             0x080060a4   Section        0  tasks.o(i.vTaskDelay)
    i.vTaskMissedYield                       0x08006100   Section        0  tasks.o(i.vTaskMissedYield)
    i.vTaskPlaceOnEventList                  0x0800610c   Section        0  tasks.o(i.vTaskPlaceOnEventList)
    i.vTaskPriorityInherit                   0x08006144   Section        0  tasks.o(i.vTaskPriorityInherit)
    i.vTaskSetTimeOutState                   0x080061f4   Section        0  tasks.o(i.vTaskSetTimeOutState)
    i.vTaskStartScheduler                    0x08006224   Section        0  tasks.o(i.vTaskStartScheduler)
    i.vTaskSuspendAll                        0x080062ac   Section        0  tasks.o(i.vTaskSuspendAll)
    i.vTaskSwitchContext                     0x080062bc   Section        0  tasks.o(i.vTaskSwitchContext)
    i.xPortStartScheduler                    0x08006348   Section        0  port.o(i.xPortStartScheduler)
    i.xPortSysTickHandler                    0x080063e8   Section        0  port.o(i.xPortSysTickHandler)
    i.xQueueGenericCreate                    0x0800641c   Section        0  queue.o(i.xQueueGenericCreate)
    i.xQueueGenericReceive                   0x08006474   Section        0  queue.o(i.xQueueGenericReceive)
    i.xQueueGenericReset                     0x08006638   Section        0  queue.o(i.xQueueGenericReset)
    i.xQueueGenericSend                      0x080066d0   Section        0  queue.o(i.xQueueGenericSend)
    i.xQueueGenericSendFromISR               0x08006878   Section        0  queue.o(i.xQueueGenericSendFromISR)
    i.xQueueReceiveFromISR                   0x08006970   Section        0  queue.o(i.xQueueReceiveFromISR)
    i.xTaskCheckForTimeOut                   0x08006a3c   Section        0  tasks.o(i.xTaskCheckForTimeOut)
    i.xTaskCreate                            0x08006ac8   Section        0  tasks.o(i.xTaskCreate)
    i.xTaskGetSchedulerState                 0x08006b28   Section        0  tasks.o(i.xTaskGetSchedulerState)
    i.xTaskIncrementTick                     0x08006b48   Section        0  tasks.o(i.xTaskIncrementTick)
    i.xTaskPriorityDisinherit                0x08006c90   Section        0  tasks.o(i.xTaskPriorityDisinherit)
    i.xTaskRemoveFromEventList               0x08006d58   Section        0  tasks.o(i.xTaskRemoveFromEventList)
    i.xTaskResumeAll                         0x08006df0   Section        0  tasks.o(i.xTaskResumeAll)
    .constdata                               0x08006ef4   Section       20  freertos.o(.constdata)
    .constdata                               0x08006f08   Section       32  thread_usbframe_process.o(.constdata)
    .constdata                               0x08006f28   Section       20  thread_frame_send.o(.constdata)
    .constdata                               0x08006f3c   Section       52  thread_ble_transfer.o(.constdata)
    .constdata                               0x08006f70   Section       24  system_stm32f1xx.o(.constdata)
    .conststring                             0x08006f88   Section       12  freertos.o(.conststring)
    .conststring                             0x08006f94   Section       17  thread_usbframe_process.o(.conststring)
    .conststring                             0x08006fa8   Section       11  thread_frame_send.o(.conststring)
    .conststring                             0x08006fb4   Section       36  thread_ble_transfer.o(.conststring)
    .data                                    0x20000000   Section       20  freertos.o(.data)
    .data                                    0x20000014   Section       52  usbd_desc.o(.data)
    .data                                    0x20000048   Section      132  usbd_custom_hid_if.o(.data)
    CUSTOM_HID_ReportDesc_FS                 0x20000048   Data          74  usbd_custom_hid_if.o(.data)
    CUSTOM_USER_ReportDesc_FS                0x20000094   Data          34  usbd_custom_hid_if.o(.data)
    .data                                    0x200000cc   Section       24  thread_usbframe_process.o(.data)
    .data                                    0x200000e4   Section        4  thread_frame_send.o(.data)
    .data                                    0x200000e8   Section       13  thread_ble_transfer.o(.data)
    .data                                    0x200000f8   Section        9  stm32f1xx_hal.o(.data)
    .data                                    0x20000104   Section        4  system_stm32f1xx.o(.data)
    .data                                    0x20000108   Section       24  heap_4.o(.data)
    xStart                                   0x20000108   Data           8  heap_4.o(.data)
    pxEnd                                    0x20000110   Data           4  heap_4.o(.data)
    xFreeBytesRemaining                      0x20000114   Data           4  heap_4.o(.data)
    xMinimumEverFreeBytesRemaining           0x20000118   Data           4  heap_4.o(.data)
    xBlockAllocatedBit                       0x2000011c   Data           4  heap_4.o(.data)
    .data                                    0x20000120   Section       12  port.o(.data)
    uxCriticalNesting                        0x20000120   Data           4  port.o(.data)
    ucMaxSysCallPriority                     0x20000124   Data           1  port.o(.data)
    ulMaxPRIGROUPValue                       0x20000128   Data           4  port.o(.data)
    .data                                    0x2000012c   Section       60  tasks.o(.data)
    pxDelayedTaskList                        0x20000130   Data           4  tasks.o(.data)
    pxOverflowDelayedTaskList                0x20000134   Data           4  tasks.o(.data)
    uxDeletedTasksWaitingCleanUp             0x20000138   Data           4  tasks.o(.data)
    uxCurrentNumberOfTasks                   0x2000013c   Data           4  tasks.o(.data)
    xTickCount                               0x20000140   Data           4  tasks.o(.data)
    uxTopReadyPriority                       0x20000144   Data           4  tasks.o(.data)
    xSchedulerRunning                        0x20000148   Data           4  tasks.o(.data)
    uxPendedTicks                            0x2000014c   Data           4  tasks.o(.data)
    xYieldPending                            0x20000150   Data           4  tasks.o(.data)
    xNumOfOverflows                          0x20000154   Data           4  tasks.o(.data)
    uxTaskNumber                             0x20000158   Data           4  tasks.o(.data)
    xNextTaskUnblockTime                     0x2000015c   Data           4  tasks.o(.data)
    xIdleTaskHandle                          0x20000160   Data           4  tasks.o(.data)
    uxSchedulerSuspended                     0x20000164   Data           4  tasks.o(.data)
    .data                                    0x20000168   Section        1  usbd_ctlreq.o(.data)
    cfgidx                                   0x20000168   Data           1  usbd_ctlreq.o(.data)
    .data                                    0x2000016c   Section      150  usbd_customhid.o(.data)
    USBD_CUSTOM_HID_CfgDesc                  0x200001a8   Data          66  usbd_customhid.o(.data)
    USBD_CUSTOM_HID_Desc                     0x200001ec   Data           9  usbd_customhid.o(.data)
    USBD_CUSTOM_HID_DeviceQualifierDesc      0x200001f8   Data          10  usbd_customhid.o(.data)
    .bss                                     0x20000204   Section      208  usart.o(.bss)
    .bss                                     0x200002d4   Section      548  usb_device.o(.bss)
    .bss                                     0x200004f8   Section     1176  usbd_conf.o(.bss)
    mem                                      0x20000958   Data          56  usbd_conf.o(.bss)
    .bss                                     0x20000990   Section      512  usbd_desc.o(.bss)
    .bss                                     0x20000b90   Section       64  stm32f1xx_hal_timebase_tim.o(.bss)
    .bss                                     0x20000bd0   Section       22  thread_usbframe_process.o(.bss)
    .bss                                     0x20000be6   Section    10240  heap_4.o(.bss)
    ucHeap                                   0x20000be6   Data       10240  heap_4.o(.bss)
    .bss                                     0x200033e8   Section      240  tasks.o(.bss)
    pxReadyTasksLists                        0x200033e8   Data         140  tasks.o(.bss)
    xDelayedTaskList1                        0x20003474   Data          20  tasks.o(.bss)
    xDelayedTaskList2                        0x20003488   Data          20  tasks.o(.bss)
    xPendingReadyList                        0x2000349c   Data          20  tasks.o(.bss)
    xTasksWaitingTermination                 0x200034b0   Data          20  tasks.o(.bss)
    xSuspendedTaskList                       0x200034c4   Data          20  tasks.o(.bss)
    STACK                                    0x200034d8   Section     1024  startup_stm32f103xb.o(STACK)

    Global Symbols

    Symbol Name                              Value     Ov Type        Size  Object(Section)

    BuildAttributes$$THM_ISAv4$P$D$K$B$S$PE$A:L22UL41UL21$X:L11$S22US41US21$IEEE1$IW$USESV6$~STKCKD$USESV7$~SHL$OSPACE$ROPI$EBA8$MICROLIB$REQ8$PRES8$EABIv2 0x00000000   Number         0  anon$$obj.o ABSOLUTE
    __ARM_use_no_argv                        0x00000000   Number         0  main.o ABSOLUTE
    _printf_a                                0x00000000   Number         0  stubs.o ABSOLUTE
    _printf_c                                0x00000000   Number         0  stubs.o ABSOLUTE
    _printf_charcount                        0x00000000   Number         0  stubs.o ABSOLUTE
    _printf_d                                0x00000000   Number         0  stubs.o ABSOLUTE
    _printf_e                                0x00000000   Number         0  stubs.o ABSOLUTE
    _printf_f                                0x00000000   Number         0  stubs.o ABSOLUTE
    _printf_flags                            0x00000000   Number         0  stubs.o ABSOLUTE
    _printf_fp_dec                           0x00000000   Number         0  stubs.o ABSOLUTE
    _printf_fp_hex                           0x00000000   Number         0  stubs.o ABSOLUTE
    _printf_g                                0x00000000   Number         0  stubs.o ABSOLUTE
    _printf_i                                0x00000000   Number         0  stubs.o ABSOLUTE
    _printf_int_dec                          0x00000000   Number         0  stubs.o ABSOLUTE
    _printf_l                                0x00000000   Number         0  stubs.o ABSOLUTE
    _printf_lc                               0x00000000   Number         0  stubs.o ABSOLUTE
    _printf_ll                               0x00000000   Number         0  stubs.o ABSOLUTE
    _printf_lld                              0x00000000   Number         0  stubs.o ABSOLUTE
    _printf_lli                              0x00000000   Number         0  stubs.o ABSOLUTE
    _printf_llo                              0x00000000   Number         0  stubs.o ABSOLUTE
    _printf_llu                              0x00000000   Number         0  stubs.o ABSOLUTE
    _printf_llx                              0x00000000   Number         0  stubs.o ABSOLUTE
    _printf_longlong_dec                     0x00000000   Number         0  stubs.o ABSOLUTE
    _printf_longlong_hex                     0x00000000   Number         0  stubs.o ABSOLUTE
    _printf_longlong_oct                     0x00000000   Number         0  stubs.o ABSOLUTE
    _printf_ls                               0x00000000   Number         0  stubs.o ABSOLUTE
    _printf_mbtowc                           0x00000000   Number         0  stubs.o ABSOLUTE
    _printf_n                                0x00000000   Number         0  stubs.o ABSOLUTE
    _printf_o                                0x00000000   Number         0  stubs.o ABSOLUTE
    _printf_p                                0x00000000   Number         0  stubs.o ABSOLUTE
    _printf_percent                          0x00000000   Number         0  stubs.o ABSOLUTE
    _printf_pre_padding                      0x00000000   Number         0  stubs.o ABSOLUTE
    _printf_return_value                     0x00000000   Number         0  stubs.o ABSOLUTE
    _printf_s                                0x00000000   Number         0  stubs.o ABSOLUTE
    _printf_sizespec                         0x00000000   Number         0  stubs.o ABSOLUTE
    _printf_str                              0x00000000   Number         0  stubs.o ABSOLUTE
    _printf_truncate_signed                  0x00000000   Number         0  stubs.o ABSOLUTE
    _printf_truncate_unsigned                0x00000000   Number         0  stubs.o ABSOLUTE
    _printf_u                                0x00000000   Number         0  stubs.o ABSOLUTE
    _printf_wc                               0x00000000   Number         0  stubs.o ABSOLUTE
    _printf_wctomb                           0x00000000   Number         0  stubs.o ABSOLUTE
    _printf_widthprec                        0x00000000   Number         0  stubs.o ABSOLUTE
    _printf_x                                0x00000000   Number         0  stubs.o ABSOLUTE
    __cpp_initialize__aeabi_                  - Undefined Weak Reference
    __cxa_finalize                            - Undefined Weak Reference
    _clock_init                               - Undefined Weak Reference
    _microlib_exit                            - Undefined Weak Reference
    __Vectors_Size                           0x000000ec   Number         0  startup_stm32f103xb.o ABSOLUTE
    __Vectors                                0x08000000   Data           4  startup_stm32f103xb.o(RESET)
    __Vectors_End                            0x080000ec   Data           0  startup_stm32f103xb.o(RESET)
    __main                                   0x080000ed   Thumb Code     0  entry.o(.ARM.Collect$$$$00000000)
    _main_stk                                0x080000ed   Thumb Code     0  entry2.o(.ARM.Collect$$$$00000001)
    _main_scatterload                        0x080000f1   Thumb Code     0  entry5.o(.ARM.Collect$$$$00000004)
    __main_after_scatterload                 0x080000f5   Thumb Code     0  entry5.o(.ARM.Collect$$$$00000004)
    _main_clock                              0x080000f5   Thumb Code     0  entry7b.o(.ARM.Collect$$$$00000008)
    _main_cpp_init                           0x080000f5   Thumb Code     0  entry8b.o(.ARM.Collect$$$$0000000A)
    _main_init                               0x080000f5   Thumb Code     0  entry9a.o(.ARM.Collect$$$$0000000B)
    __rt_final_cpp                           0x080000fd   Thumb Code     0  entry10a.o(.ARM.Collect$$$$0000000D)
    __rt_final_exit                          0x080000fd   Thumb Code     0  entry11a.o(.ARM.Collect$$$$0000000F)
    SVC_Handler                              0x08000101   Thumb Code    32  port.o(.emb_text)
    __asm___6_port_c_39a90d8d__prvStartFirstTask 0x08000125   Thumb Code    28  port.o(.emb_text)
    PendSV_Handler                           0x08000145   Thumb Code    72  port.o(.emb_text)
    vPortGetIPSR                             0x08000191   Thumb Code     6  port.o(.emb_text)
    Reset_Handler                            0x08000199   Thumb Code     8  startup_stm32f103xb.o(.text)
    ADC1_2_IRQHandler                        0x080001b3   Thumb Code     0  startup_stm32f103xb.o(.text)
    CAN1_RX1_IRQHandler                      0x080001b3   Thumb Code     0  startup_stm32f103xb.o(.text)
    CAN1_SCE_IRQHandler                      0x080001b3   Thumb Code     0  startup_stm32f103xb.o(.text)
    DMA1_Channel1_IRQHandler                 0x080001b3   Thumb Code     0  startup_stm32f103xb.o(.text)
    DMA1_Channel2_IRQHandler                 0x080001b3   Thumb Code     0  startup_stm32f103xb.o(.text)
    DMA1_Channel3_IRQHandler                 0x080001b3   Thumb Code     0  startup_stm32f103xb.o(.text)
    DMA1_Channel4_IRQHandler                 0x080001b3   Thumb Code     0  startup_stm32f103xb.o(.text)
    DMA1_Channel6_IRQHandler                 0x080001b3   Thumb Code     0  startup_stm32f103xb.o(.text)
    DMA1_Channel7_IRQHandler                 0x080001b3   Thumb Code     0  startup_stm32f103xb.o(.text)
    EXTI0_IRQHandler                         0x080001b3   Thumb Code     0  startup_stm32f103xb.o(.text)
    EXTI15_10_IRQHandler                     0x080001b3   Thumb Code     0  startup_stm32f103xb.o(.text)
    EXTI1_IRQHandler                         0x080001b3   Thumb Code     0  startup_stm32f103xb.o(.text)
    EXTI2_IRQHandler                         0x080001b3   Thumb Code     0  startup_stm32f103xb.o(.text)
    EXTI3_IRQHandler                         0x080001b3   Thumb Code     0  startup_stm32f103xb.o(.text)
    EXTI4_IRQHandler                         0x080001b3   Thumb Code     0  startup_stm32f103xb.o(.text)
    EXTI9_5_IRQHandler                       0x080001b3   Thumb Code     0  startup_stm32f103xb.o(.text)
    FLASH_IRQHandler                         0x080001b3   Thumb Code     0  startup_stm32f103xb.o(.text)
    I2C1_ER_IRQHandler                       0x080001b3   Thumb Code     0  startup_stm32f103xb.o(.text)
    I2C1_EV_IRQHandler                       0x080001b3   Thumb Code     0  startup_stm32f103xb.o(.text)
    I2C2_ER_IRQHandler                       0x080001b3   Thumb Code     0  startup_stm32f103xb.o(.text)
    I2C2_EV_IRQHandler                       0x080001b3   Thumb Code     0  startup_stm32f103xb.o(.text)
    PVD_IRQHandler                           0x080001b3   Thumb Code     0  startup_stm32f103xb.o(.text)
    RCC_IRQHandler                           0x080001b3   Thumb Code     0  startup_stm32f103xb.o(.text)
    RTC_Alarm_IRQHandler                     0x080001b3   Thumb Code     0  startup_stm32f103xb.o(.text)
    RTC_IRQHandler                           0x080001b3   Thumb Code     0  startup_stm32f103xb.o(.text)
    SPI1_IRQHandler                          0x080001b3   Thumb Code     0  startup_stm32f103xb.o(.text)
    SPI2_IRQHandler                          0x080001b3   Thumb Code     0  startup_stm32f103xb.o(.text)
    TAMPER_IRQHandler                        0x080001b3   Thumb Code     0  startup_stm32f103xb.o(.text)
    TIM1_BRK_IRQHandler                      0x080001b3   Thumb Code     0  startup_stm32f103xb.o(.text)
    TIM1_CC_IRQHandler                       0x080001b3   Thumb Code     0  startup_stm32f103xb.o(.text)
    TIM1_TRG_COM_IRQHandler                  0x080001b3   Thumb Code     0  startup_stm32f103xb.o(.text)
    TIM1_UP_IRQHandler                       0x080001b3   Thumb Code     0  startup_stm32f103xb.o(.text)
    TIM2_IRQHandler                          0x080001b3   Thumb Code     0  startup_stm32f103xb.o(.text)
    TIM3_IRQHandler                          0x080001b3   Thumb Code     0  startup_stm32f103xb.o(.text)
    USART2_IRQHandler                        0x080001b3   Thumb Code     0  startup_stm32f103xb.o(.text)
    USART3_IRQHandler                        0x080001b3   Thumb Code     0  startup_stm32f103xb.o(.text)
    USBWakeUp_IRQHandler                     0x080001b3   Thumb Code     0  startup_stm32f103xb.o(.text)
    USB_HP_CAN1_TX_IRQHandler                0x080001b3   Thumb Code     0  startup_stm32f103xb.o(.text)
    WWDG_IRQHandler                          0x080001b3   Thumb Code     0  startup_stm32f103xb.o(.text)
    __aeabi_llsr                             0x080001bd   Thumb Code    32  llushr.o(.text)
    _ll_ushift_r                             0x080001bd   Thumb Code     0  llushr.o(.text)
    __aeabi_memcpy                           0x080001dd   Thumb Code    36  memcpya.o(.text)
    __aeabi_memcpy4                          0x080001dd   Thumb Code     0  memcpya.o(.text)
    __aeabi_memcpy8                          0x080001dd   Thumb Code     0  memcpya.o(.text)
    strstr                                   0x08000201   Thumb Code    36  strstr.o(.text)
    __aeabi_dadd                             0x08000225   Thumb Code   322  dadd.o(.text)
    __aeabi_dsub                             0x08000367   Thumb Code     6  dadd.o(.text)
    __aeabi_drsub                            0x0800036d   Thumb Code     6  dadd.o(.text)
    __aeabi_dmul                             0x08000373   Thumb Code   228  dmul.o(.text)
    __aeabi_ddiv                             0x08000457   Thumb Code   222  ddiv.o(.text)
    __aeabi_i2d                              0x08000535   Thumb Code    34  dflti.o(.text)
    __aeabi_d2iz                             0x08000557   Thumb Code    62  dfixi.o(.text)
    __aeabi_llsl                             0x08000595   Thumb Code    30  llshl.o(.text)
    _ll_shift_l                              0x08000595   Thumb Code     0  llshl.o(.text)
    __aeabi_lasr                             0x080005b3   Thumb Code    36  llsshr.o(.text)
    _ll_sshift_r                             0x080005b3   Thumb Code     0  llsshr.o(.text)
    __I$use$fp                               0x080005d7   Thumb Code     0  iusefp.o(.text)
    _double_round                            0x080005d7   Thumb Code    30  depilogue.o(.text)
    _double_epilogue                         0x080005f5   Thumb Code   156  depilogue.o(.text)
    __scatterload                            0x08000691   Thumb Code    28  init.o(.text)
    __scatterload_rt2                        0x08000691   Thumb Code     0  init.o(.text)
    __decompress                             0x080006b5   Thumb Code     0  __dczerorl2.o(.text)
    __decompress1                            0x080006b5   Thumb Code    86  __dczerorl2.o(.text)
    BusFault_Handler                         0x0800070b   Thumb Code     4  stm32f1xx_it.o(i.BusFault_Handler)
    DMA1_Channel5_IRQHandler                 0x0800079d   Thumb Code    10  stm32f1xx_it.o(i.DMA1_Channel5_IRQHandler)
    DebugMon_Handler                         0x080007d9   Thumb Code     2  stm32f1xx_it.o(i.DebugMon_Handler)
    HAL_DMA_Abort                            0x080007db   Thumb Code    58  stm32f1xx_hal_dma.o(i.HAL_DMA_Abort)
    HAL_DMA_Abort_IT                         0x08000815   Thumb Code   172  stm32f1xx_hal_dma.o(i.HAL_DMA_Abort_IT)
    HAL_DMA_IRQHandler                       0x080008c5   Thumb Code   408  stm32f1xx_hal_dma.o(i.HAL_DMA_IRQHandler)
    HAL_DMA_Init                             0x08000a61   Thumb Code   108  stm32f1xx_hal_dma.o(i.HAL_DMA_Init)
    HAL_DMA_Start_IT                         0x08000ad1   Thumb Code   156  stm32f1xx_hal_dma.o(i.HAL_DMA_Start_IT)
    HAL_Delay                                0x08000b6d   Thumb Code    36  stm32f1xx_hal.o(i.HAL_Delay)
    HAL_GPIO_Init                            0x08000b95   Thumb Code   764  stm32f1xx_hal_gpio.o(i.HAL_GPIO_Init)
    HAL_GPIO_WritePin                        0x08000eb1   Thumb Code    12  stm32f1xx_hal_gpio.o(i.HAL_GPIO_WritePin)
    HAL_GetTick                              0x08000ebd   Thumb Code     6  stm32f1xx_hal.o(i.HAL_GetTick)
    HAL_IncTick                              0x08000ec9   Thumb Code    16  stm32f1xx_hal.o(i.HAL_IncTick)
    HAL_Init                                 0x08000ee1   Thumb Code    34  stm32f1xx_hal.o(i.HAL_Init)
    HAL_InitTick                             0x08000f09   Thumb Code   118  stm32f1xx_hal_timebase_tim.o(i.HAL_InitTick)
    HAL_MspInit                              0x08000f91   Thumb Code   158  stm32f1xx_hal_msp.o(i.HAL_MspInit)
    HAL_NVIC_EnableIRQ                       0x08001039   Thumb Code    26  stm32f1xx_hal_cortex.o(i.HAL_NVIC_EnableIRQ)
    HAL_NVIC_SetPriority                     0x08001053   Thumb Code   124  stm32f1xx_hal_cortex.o(i.HAL_NVIC_SetPriority)
    HAL_NVIC_SetPriorityGrouping             0x080010d1   Thumb Code    32  stm32f1xx_hal_cortex.o(i.HAL_NVIC_SetPriorityGrouping)
    HAL_PCDEx_PMAConfig                      0x080010f9   Thumb Code    62  stm32f1xx_hal_pcd_ex.o(i.HAL_PCDEx_PMAConfig)
    HAL_PCDEx_SetConnectionState             0x08001137   Thumb Code     2  usbd_conf.o(i.HAL_PCDEx_SetConnectionState)
    HAL_PCD_DataInStageCallback              0x08001139   Thumb Code    28  usbd_conf.o(i.HAL_PCD_DataInStageCallback)
    HAL_PCD_DataOutStageCallback             0x08001155   Thumb Code    28  usbd_conf.o(i.HAL_PCD_DataOutStageCallback)
    HAL_PCD_EP_Close                         0x08001171   Thumb Code   100  stm32f1xx_hal_pcd.o(i.HAL_PCD_EP_Close)
    HAL_PCD_EP_ClrStall                      0x080011d5   Thumb Code    98  stm32f1xx_hal_pcd.o(i.HAL_PCD_EP_ClrStall)
    HAL_PCD_EP_Open                          0x08001237   Thumb Code   118  stm32f1xx_hal_pcd.o(i.HAL_PCD_EP_Open)
    HAL_PCD_EP_Receive                       0x080012ad   Thumb Code    74  stm32f1xx_hal_pcd.o(i.HAL_PCD_EP_Receive)
    HAL_PCD_EP_SetStall                      0x080012f7   Thumb Code   114  stm32f1xx_hal_pcd.o(i.HAL_PCD_EP_SetStall)
    HAL_PCD_EP_Transmit                      0x08001369   Thumb Code    76  stm32f1xx_hal_pcd.o(i.HAL_PCD_EP_Transmit)
    HAL_PCD_IRQHandler                       0x080013b5   Thumb Code   360  stm32f1xx_hal_pcd.o(i.HAL_PCD_IRQHandler)
    HAL_PCD_Init                             0x0800151d   Thumb Code   282  stm32f1xx_hal_pcd.o(i.HAL_PCD_Init)
    HAL_PCD_MspInit                          0x08001639   Thumb Code    58  usbd_conf.o(i.HAL_PCD_MspInit)
    HAL_PCD_ResetCallback                    0x0800167d   Thumb Code    42  usbd_conf.o(i.HAL_PCD_ResetCallback)
    HAL_PCD_ResumeCallback                   0x080016a7   Thumb Code    14  usbd_conf.o(i.HAL_PCD_ResumeCallback)
    HAL_PCD_SOFCallback                      0x080016b5   Thumb Code    14  usbd_conf.o(i.HAL_PCD_SOFCallback)
    HAL_PCD_SetAddress                       0x080016c3   Thumb Code    54  stm32f1xx_hal_pcd.o(i.HAL_PCD_SetAddress)
    HAL_PCD_SetupStageCallback               0x080016f9   Thumb Code    18  usbd_conf.o(i.HAL_PCD_SetupStageCallback)
    HAL_PCD_Start                            0x0800170b   Thumb Code    60  stm32f1xx_hal_pcd.o(i.HAL_PCD_Start)
    HAL_PCD_SuspendCallback                  0x08001749   Thumb Code    30  usbd_conf.o(i.HAL_PCD_SuspendCallback)
    HAL_RCCEx_PeriphCLKConfig                0x0800176d   Thumb Code   290  stm32f1xx_hal_rcc_ex.o(i.HAL_RCCEx_PeriphCLKConfig)
    HAL_RCC_ClockConfig                      0x0800189d   Thumb Code   402  stm32f1xx_hal_rcc.o(i.HAL_RCC_ClockConfig)
    HAL_RCC_GetClockConfig                   0x08001a41   Thumb Code    58  stm32f1xx_hal_rcc.o(i.HAL_RCC_GetClockConfig)
    HAL_RCC_GetHCLKFreq                      0x08001a85   Thumb Code     6  stm32f1xx_hal_rcc.o(i.HAL_RCC_GetHCLKFreq)
    HAL_RCC_GetPCLK1Freq                     0x08001a91   Thumb Code    22  stm32f1xx_hal_rcc.o(i.HAL_RCC_GetPCLK1Freq)
    HAL_RCC_GetPCLK2Freq                     0x08001ab1   Thumb Code    22  stm32f1xx_hal_rcc.o(i.HAL_RCC_GetPCLK2Freq)
    HAL_RCC_GetSysClockFreq                  0x08001ad1   Thumb Code   116  stm32f1xx_hal_rcc.o(i.HAL_RCC_GetSysClockFreq)
    HAL_RCC_OscConfig                        0x08001b65   Thumb Code  1078  stm32f1xx_hal_rcc.o(i.HAL_RCC_OscConfig)
    HAL_SYSTICK_CLKSourceConfig              0x08001fa5   Thumb Code    40  stm32f1xx_hal_cortex.o(i.HAL_SYSTICK_CLKSourceConfig)
    HAL_SYSTICK_Config                       0x08001fcd   Thumb Code    52  stm32f1xx_hal_cortex.o(i.HAL_SYSTICK_Config)
    HAL_TIMEx_BreakCallback                  0x08002001   Thumb Code     2  stm32f1xx_hal_tim_ex.o(i.HAL_TIMEx_BreakCallback)
    HAL_TIMEx_CommutationCallback            0x08002003   Thumb Code     2  stm32f1xx_hal_tim_ex.o(i.HAL_TIMEx_CommutationCallback)
    HAL_TIM_Base_Init                        0x08002005   Thumb Code    52  stm32f1xx_hal_tim.o(i.HAL_TIM_Base_Init)
    HAL_TIM_Base_MspInit                     0x08002039   Thumb Code     2  stm32f1xx_hal_tim.o(i.HAL_TIM_Base_MspInit)
    HAL_TIM_Base_Start_IT                    0x0800203b   Thumb Code    30  stm32f1xx_hal_tim.o(i.HAL_TIM_Base_Start_IT)
    HAL_TIM_IC_CaptureCallback               0x08002059   Thumb Code     2  stm32f1xx_hal_tim.o(i.HAL_TIM_IC_CaptureCallback)
    HAL_TIM_IRQHandler                       0x0800205b   Thumb Code   406  stm32f1xx_hal_tim.o(i.HAL_TIM_IRQHandler)
    HAL_TIM_OC_DelayElapsedCallback          0x080021f1   Thumb Code     2  stm32f1xx_hal_tim.o(i.HAL_TIM_OC_DelayElapsedCallback)
    HAL_TIM_PWM_PulseFinishedCallback        0x080021f3   Thumb Code     2  stm32f1xx_hal_tim.o(i.HAL_TIM_PWM_PulseFinishedCallback)
    HAL_TIM_PeriodElapsedCallback            0x080021f5   Thumb Code    18  main.o(i.HAL_TIM_PeriodElapsedCallback)
    HAL_TIM_TriggerCallback                  0x0800220d   Thumb Code     2  stm32f1xx_hal_tim.o(i.HAL_TIM_TriggerCallback)
    HAL_UART_DMAStop                         0x0800220f   Thumb Code   102  stm32f1xx_hal_uart.o(i.HAL_UART_DMAStop)
    HAL_UART_ErrorCallback                   0x08002275   Thumb Code     2  stm32f1xx_hal_uart.o(i.HAL_UART_ErrorCallback)
    HAL_UART_IRQHandler                      0x08002279   Thumb Code   326  stm32f1xx_hal_uart.o(i.HAL_UART_IRQHandler)
    HAL_UART_Init                            0x080023c5   Thumb Code   114  stm32f1xx_hal_uart.o(i.HAL_UART_Init)
    HAL_UART_MspInit                         0x08002439   Thumb Code   156  usart.o(i.HAL_UART_MspInit)
    HAL_UART_Receive_DMA                     0x080024f9   Thumb Code   182  stm32f1xx_hal_uart.o(i.HAL_UART_Receive_DMA)
    HAL_UART_RxCpltCallback                  0x080025bd   Thumb Code     2  usart.o(i.HAL_UART_RxCpltCallback)
    HAL_UART_RxHalfCpltCallback              0x080025bf   Thumb Code     2  stm32f1xx_hal_uart.o(i.HAL_UART_RxHalfCpltCallback)
    HAL_UART_Transmit                        0x080025c1   Thumb Code   214  stm32f1xx_hal_uart.o(i.HAL_UART_Transmit)
    HAL_UART_TxCpltCallback                  0x08002697   Thumb Code     2  stm32f1xx_hal_uart.o(i.HAL_UART_TxCpltCallback)
    HardFault_Handler                        0x08002699   Thumb Code     4  stm32f1xx_it.o(i.HardFault_Handler)
    MX_DMA_Init                              0x0800269d   Thumb Code    48  dma.o(i.MX_DMA_Init)
    MX_FREERTOS_Init                         0x080026d1   Thumb Code    42  freertos.o(i.MX_FREERTOS_Init)
    MX_GPIO_Init                             0x08002705   Thumb Code   156  gpio.o(i.MX_GPIO_Init)
    MX_USART1_UART_Init                      0x080027a9   Thumb Code    50  usart.o(i.MX_USART1_UART_Init)
    MX_USB_DEVICE_Init                       0x080027f5   Thumb Code    36  usb_device.o(i.MX_USB_DEVICE_Init)
    MemManage_Handler                        0x08002829   Thumb Code     4  stm32f1xx_it.o(i.MemManage_Handler)
    NMI_Handler                              0x0800282d   Thumb Code     2  stm32f1xx_it.o(i.NMI_Handler)
    SerialDatagramEvtAlloc                   0x08002cd5   Thumb Code    32  thread_ble_transfer.o(i.SerialDatagramEvtAlloc)
    SerialDatagramEvtSend                    0x08002cf9   Thumb Code    26  thread_ble_transfer.o(i.SerialDatagramEvtSend)
    StartDefaultTask                         0x08002d19   Thumb Code    70  freertos.o(i.StartDefaultTask)
    SysTick_Handler                          0x08002d69   Thumb Code     8  stm32f1xx_it.o(i.SysTick_Handler)
    SystemClock_Config                       0x08002d71   Thumb Code   152  main.o(i.SystemClock_Config)
    SystemInit                               0x08002e19   Thumb Code    70  system_stm32f1xx.o(i.SystemInit)
    TIM4_IRQHandler                          0x08002e71   Thumb Code    10  stm32f1xx_it.o(i.TIM4_IRQHandler)
    TIM_Base_SetConfig                       0x08002e81   Thumb Code   102  stm32f1xx_hal_tim.o(i.TIM_Base_SetConfig)
    USART1_IDLE_IRQHandler                   0x08003345   Thumb Code   110  usart.o(i.USART1_IDLE_IRQHandler)
    USART1_IRQHandler                        0x080033b9   Thumb Code    16  stm32f1xx_it.o(i.USART1_IRQHandler)
    USBD_CUSTOM_HID_RegisterInterface        0x080034db   Thumb Code    14  usbd_customhid.o(i.USBD_CUSTOM_HID_RegisterInterface)
    USBD_CUSTOM_HID_SendReport               0x080034e9   Thumb Code    74  usbd_customhid.o(i.USBD_CUSTOM_HID_SendReport)
    USBD_ClrClassConfig                      0x08003651   Thumb Code    22  usbd_core.o(i.USBD_ClrClassConfig)
    USBD_CtlContinueRx                       0x080036ab   Thumb Code    24  usbd_ioreq.o(i.USBD_CtlContinueRx)
    USBD_CtlContinueSendData                 0x080036c3   Thumb Code    24  usbd_ioreq.o(i.USBD_CtlContinueSendData)
    USBD_CtlError                            0x080036db   Thumb Code    24  usbd_ctlreq.o(i.USBD_CtlError)
    USBD_CtlPrepareRx                        0x080036f3   Thumb Code    40  usbd_ioreq.o(i.USBD_CtlPrepareRx)
    USBD_CtlReceiveStatus                    0x0800371b   Thumb Code    26  usbd_ioreq.o(i.USBD_CtlReceiveStatus)
    USBD_CtlSendData                         0x08003735   Thumb Code    34  usbd_ioreq.o(i.USBD_CtlSendData)
    USBD_CtlSendStatus                       0x08003757   Thumb Code    26  usbd_ioreq.o(i.USBD_CtlSendStatus)
    USBD_FS_ConfigStrDescriptor              0x08003771   Thumb Code    34  usbd_desc.o(i.USBD_FS_ConfigStrDescriptor)
    USBD_FS_DeviceDescriptor                 0x080037ad   Thumb Code    10  usbd_desc.o(i.USBD_FS_DeviceDescriptor)
    USBD_FS_InterfaceStrDescriptor           0x080037bd   Thumb Code    34  usbd_desc.o(i.USBD_FS_InterfaceStrDescriptor)
    USBD_FS_LangIDStrDescriptor              0x080037fd   Thumb Code    10  usbd_desc.o(i.USBD_FS_LangIDStrDescriptor)
    USBD_FS_ManufacturerStrDescriptor        0x0800380d   Thumb Code    20  usbd_desc.o(i.USBD_FS_ManufacturerStrDescriptor)
    USBD_FS_ProductStrDescriptor             0x08003839   Thumb Code    34  usbd_desc.o(i.USBD_FS_ProductStrDescriptor)
    USBD_FS_SerialStrDescriptor              0x0800386d   Thumb Code    34  usbd_desc.o(i.USBD_FS_SerialStrDescriptor)
    USBD_GetString                           0x08003a9d   Thumb Code    82  usbd_ctlreq.o(i.USBD_GetString)
    USBD_Init                                0x08003aef   Thumb Code    50  usbd_core.o(i.USBD_Init)
    USBD_LL_ClearStallEP                     0x08003b21   Thumb Code    68  usbd_conf.o(i.USBD_LL_ClearStallEP)
    USBD_LL_CloseEP                          0x08003b65   Thumb Code    68  usbd_conf.o(i.USBD_LL_CloseEP)
    USBD_LL_DataInStage                      0x08003ba9   Thumb Code   218  usbd_core.o(i.USBD_LL_DataInStage)
    USBD_LL_DataOutStage                     0x08003c83   Thumb Code   134  usbd_core.o(i.USBD_LL_DataOutStage)
    USBD_LL_Init                             0x08003d09   Thumb Code   116  usbd_conf.o(i.USBD_LL_Init)
    USBD_LL_IsStallEP                        0x08003d99   Thumb Code    48  usbd_conf.o(i.USBD_LL_IsStallEP)
    USBD_LL_OpenEP                           0x08003dc9   Thumb Code    98  usbd_conf.o(i.USBD_LL_OpenEP)
    USBD_LL_PrepareReceive                   0x08003e2b   Thumb Code    98  usbd_conf.o(i.USBD_LL_PrepareReceive)
    USBD_LL_Reset                            0x08003e8d   Thumb Code    68  usbd_core.o(i.USBD_LL_Reset)
    USBD_LL_Resume                           0x08003ed1   Thumb Code    14  usbd_core.o(i.USBD_LL_Resume)
    USBD_LL_SOF                              0x08003edf   Thumb Code    34  usbd_core.o(i.USBD_LL_SOF)
    USBD_LL_SetSpeed                         0x08003f01   Thumb Code     8  usbd_core.o(i.USBD_LL_SetSpeed)
    USBD_LL_SetUSBAddress                    0x08003f09   Thumb Code    68  usbd_conf.o(i.USBD_LL_SetUSBAddress)
    USBD_LL_SetupStage                       0x08003f4d   Thumb Code   110  usbd_core.o(i.USBD_LL_SetupStage)
    USBD_LL_StallEP                          0x08003fbb   Thumb Code    68  usbd_conf.o(i.USBD_LL_StallEP)
    USBD_LL_Start                            0x08003fff   Thumb Code    60  usbd_conf.o(i.USBD_LL_Start)
    USBD_LL_Suspend                          0x0800403b   Thumb Code    20  usbd_core.o(i.USBD_LL_Suspend)
    USBD_LL_Transmit                         0x0800404f   Thumb Code    98  usbd_conf.o(i.USBD_LL_Transmit)
    USBD_ParseSetupRequest                   0x080040b1   Thumb Code    40  usbd_ctlreq.o(i.USBD_ParseSetupRequest)
    USBD_RegisterClass                       0x080040d9   Thumb Code    16  usbd_core.o(i.USBD_RegisterClass)
    USBD_RunTestMode                         0x080040e9   Thumb Code     6  usbd_core.o(i.USBD_RunTestMode)
    USBD_SetClassConfig                      0x08004143   Thumb Code    34  usbd_core.o(i.USBD_SetClassConfig)
    USBD_Start                               0x08004269   Thumb Code    14  usbd_core.o(i.USBD_Start)
    USBD_StdDevReq                           0x08004277   Thumb Code   114  usbd_ctlreq.o(i.USBD_StdDevReq)
    USBD_StdEPReq                            0x080042e9   Thumb Code   342  usbd_ctlreq.o(i.USBD_StdEPReq)
    USBD_StdItfReq                           0x0800443f   Thumb Code    74  usbd_ctlreq.o(i.USBD_StdItfReq)
    USBD_static_free                         0x08004489   Thumb Code     2  usbd_conf.o(i.USBD_static_free)
    USBD_static_malloc                       0x0800448d   Thumb Code     6  usbd_conf.o(i.USBD_static_malloc)
    USB_ActivateEndpoint                     0x08004499   Thumb Code   938  stm32f1xx_ll_usb.o(i.USB_ActivateEndpoint)
    USB_CoreInit                             0x08004843   Thumb Code     8  stm32f1xx_ll_usb.o(i.USB_CoreInit)
    USB_DeactivateEndpoint                   0x0800484b   Thumb Code   532  stm32f1xx_ll_usb.o(i.USB_DeactivateEndpoint)
    USB_DevConnect                           0x08004a5f   Thumb Code     6  stm32f1xx_ll_usb.o(i.USB_DevConnect)
    USB_DevDisconnect                        0x08004a65   Thumb Code     6  stm32f1xx_ll_usb.o(i.USB_DevDisconnect)
    USB_DevInit                              0x08004a6b   Thumb Code    30  stm32f1xx_ll_usb.o(i.USB_DevInit)
    USB_DisableGlobalInt                     0x08004a89   Thumb Code    22  stm32f1xx_ll_usb.o(i.USB_DisableGlobalInt)
    USB_EP0_OutStart                         0x08004a9f   Thumb Code     6  stm32f1xx_ll_usb.o(i.USB_EP0_OutStart)
    USB_EPClearStall                         0x08004aa5   Thumb Code   180  stm32f1xx_ll_usb.o(i.USB_EPClearStall)
    USB_EPSetStall                           0x08004b59   Thumb Code   134  stm32f1xx_ll_usb.o(i.USB_EPSetStall)
    USB_EPStartXfer                          0x08004bdf   Thumb Code   818  stm32f1xx_ll_usb.o(i.USB_EPStartXfer)
    USB_EnableGlobalInt                      0x08004f11   Thumb Code    22  stm32f1xx_ll_usb.o(i.USB_EnableGlobalInt)
    USB_LP_CAN1_RX0_IRQHandler               0x08004f29   Thumb Code    10  stm32f1xx_it.o(i.USB_LP_CAN1_RX0_IRQHandler)
    USB_ReadInterrupts                       0x08004f39   Thumb Code    10  stm32f1xx_ll_usb.o(i.USB_ReadInterrupts)
    USB_ReadPMA                              0x08004f43   Thumb Code    40  stm32f1xx_ll_usb.o(i.USB_ReadPMA)
    USB_SetCurrentMode                       0x08004f6b   Thumb Code     6  stm32f1xx_ll_usb.o(i.USB_SetCurrentMode)
    USB_SetDevAddress                        0x08004f71   Thumb Code    14  stm32f1xx_ll_usb.o(i.USB_SetDevAddress)
    USB_WritePMA                             0x08004f7f   Thumb Code    66  stm32f1xx_ll_usb.o(i.USB_WritePMA)
    UsageFault_Handler                       0x08004fc1   Thumb Code     4  stm32f1xx_it.o(i.UsageFault_Handler)
    _Error_Handler                           0x08004fc5   Thumb Code     4  main.o(i._Error_Handler)
    __scatterload_copy                       0x08004fc9   Thumb Code    14  handlers.o(i.__scatterload_copy)
    __scatterload_null                       0x08004fd7   Thumb Code     2  handlers.o(i.__scatterload_null)
    __scatterload_zeroinit                   0x08004fd9   Thumb Code    14  handlers.o(i.__scatterload_zeroinit)
    init_thread_ble_transfer                 0x08004ff9   Thumb Code    80  thread_ble_transfer.o(i.init_thread_ble_transfer)
    init_thread_frame_send                   0x08005059   Thumb Code    30  thread_frame_send.o(i.init_thread_frame_send)
    init_thread_usbframe_process             0x08005081   Thumb Code    56  thread_usbframe_process.o(i.init_thread_usbframe_process)
    main                                     0x080050c5   Thumb Code    44  main.o(i.main)
    osDelay                                  0x080050ff   Thumb Code    24  cmsis_os.o(i.osDelay)
    osKernelStart                            0x08005117   Thumb Code    10  cmsis_os.o(i.osKernelStart)
    osMailAlloc                              0x08005121   Thumb Code    24  cmsis_os.o(i.osMailAlloc)
    osMailCreate                             0x08005139   Thumb Code   122  cmsis_os.o(i.osMailCreate)
    osMailFree                               0x080051b3   Thumb Code    22  cmsis_os.o(i.osMailFree)
    osMailGet                                0x080051c9   Thumb Code   148  cmsis_os.o(i.osMailGet)
    osMailPut                                0x08005261   Thumb Code    90  cmsis_os.o(i.osMailPut)
    osPoolAlloc                              0x080052c1   Thumb Code   122  cmsis_os.o(i.osPoolAlloc)
    osPoolCreate                             0x0800533b   Thumb Code   112  cmsis_os.o(i.osPoolCreate)
    osPoolFree                               0x080053ab   Thumb Code    74  cmsis_os.o(i.osPoolFree)
    osSystickHandler                         0x080053f5   Thumb Code    16  cmsis_os.o(i.osSystickHandler)
    osThreadCreate                           0x08005405   Thumb Code    48  cmsis_os.o(i.osThreadCreate)
    pvPortMalloc                             0x08005a0d   Thumb Code   296  heap_4.o(i.pvPortMalloc)
    pvTaskIncrementMutexHeldCount            0x08005b49   Thumb Code    26  tasks.o(i.pvTaskIncrementMutexHeldCount)
    pxPortInitialiseStack                    0x08005b69   Thumb Code    30  port.o(i.pxPortInitialiseStack)
    received_dataframe_process               0x08005b8d   Thumb Code   298  thread_usbframe_process.o(i.received_dataframe_process)
    thread_ble_transfer                      0x08005cd1   Thumb Code    54  thread_ble_transfer.o(i.thread_ble_transfer)
    thread_frame_send                        0x08005d11   Thumb Code   102  thread_frame_send.o(i.thread_frame_send)
    thread_setup_data_frame_tx               0x08005d81   Thumb Code    62  thread_ble_transfer.o(i.thread_setup_data_frame_tx)
    thread_usbframe_process                  0x08005dc5   Thumb Code    80  thread_usbframe_process.o(i.thread_usbframe_process)
    usb_dataframe_alloc                      0x08005e19   Thumb Code    32  thread_usbframe_process.o(i.usb_dataframe_alloc)
    usb_dataframe_send                       0x08005e3d   Thumb Code    20  thread_usbframe_process.o(i.usb_dataframe_send)
    uxListRemove                             0x08005e55   Thumb Code    40  list.o(i.uxListRemove)
    vListInitialise                          0x08005e7d   Thumb Code    26  list.o(i.vListInitialise)
    vListInitialiseItem                      0x08005e97   Thumb Code     6  list.o(i.vListInitialiseItem)
    vListInsert                              0x08005e9d   Thumb Code    52  list.o(i.vListInsert)
    vListInsertEnd                           0x08005ed1   Thumb Code    24  list.o(i.vListInsertEnd)
    vPortEnterCritical                       0x08005ee9   Thumb Code    76  port.o(i.vPortEnterCritical)
    vPortExitCritical                        0x08005f3d   Thumb Code    56  port.o(i.vPortExitCritical)
    vPortFree                                0x08005f79   Thumb Code   140  heap_4.o(i.vPortFree)
    vPortSetupTimerInterrupt                 0x0800600d   Thumb Code    26  port.o(i.vPortSetupTimerInterrupt)
    vPortValidateInterruptPriority           0x0800602d   Thumb Code   106  port.o(i.vPortValidateInterruptPriority)
    vTaskDelay                               0x080060a5   Thumb Code    82  tasks.o(i.vTaskDelay)
    vTaskMissedYield                         0x08006101   Thumb Code     8  tasks.o(i.vTaskMissedYield)
    vTaskPlaceOnEventList                    0x0800610d   Thumb Code    52  tasks.o(i.vTaskPlaceOnEventList)
    vTaskPriorityInherit                     0x08006145   Thumb Code   164  tasks.o(i.vTaskPriorityInherit)
    vTaskSetTimeOutState                     0x080061f5   Thumb Code    38  tasks.o(i.vTaskSetTimeOutState)
    vTaskStartScheduler                      0x08006225   Thumb Code   108  tasks.o(i.vTaskStartScheduler)
    vTaskSuspendAll                          0x080062ad   Thumb Code    12  tasks.o(i.vTaskSuspendAll)
    vTaskSwitchContext                       0x080062bd   Thumb Code   118  tasks.o(i.vTaskSwitchContext)
    xPortStartScheduler                      0x08006349   Thumb Code   140  port.o(i.xPortStartScheduler)
    xPortSysTickHandler                      0x080063e9   Thumb Code    46  port.o(i.xPortSysTickHandler)
    xQueueGenericCreate                      0x0800641d   Thumb Code    88  queue.o(i.xQueueGenericCreate)
    xQueueGenericReceive                     0x08006475   Thumb Code   446  queue.o(i.xQueueGenericReceive)
    xQueueGenericReset                       0x08006639   Thumb Code   146  queue.o(i.xQueueGenericReset)
    xQueueGenericSend                        0x080066d1   Thumb Code   420  queue.o(i.xQueueGenericSend)
    xQueueGenericSendFromISR                 0x08006879   Thumb Code   248  queue.o(i.xQueueGenericSendFromISR)
    xQueueReceiveFromISR                     0x08006971   Thumb Code   202  queue.o(i.xQueueReceiveFromISR)
    xTaskCheckForTimeOut                     0x08006a3d   Thumb Code   132  tasks.o(i.xTaskCheckForTimeOut)
    xTaskCreate                              0x08006ac9   Thumb Code    96  tasks.o(i.xTaskCreate)
    xTaskGetSchedulerState                   0x08006b29   Thumb Code    24  tasks.o(i.xTaskGetSchedulerState)
    xTaskIncrementTick                       0x08006b49   Thumb Code   282  tasks.o(i.xTaskIncrementTick)
    xTaskPriorityDisinherit                  0x08006c91   Thumb Code   188  tasks.o(i.xTaskPriorityDisinherit)
    xTaskRemoveFromEventList                 0x08006d59   Thumb Code   128  tasks.o(i.xTaskRemoveFromEventList)
    xTaskResumeAll                           0x08006df1   Thumb Code   224  tasks.o(i.xTaskResumeAll)
    AHBPrescTable                            0x08006f70   Data          16  system_stm32f1xx.o(.constdata)
    APBPrescTable                            0x08006f80   Data           8  system_stm32f1xx.o(.constdata)
    Region$$Table$$Base                      0x08006fd8   Number         0  anon$$obj.o(Region$$Table)
    Region$$Table$$Limit                     0x08006ff8   Number         0  anon$$obj.o(Region$$Table)
    rep                                      0x20000000   Data           5  freertos.o(.data)
    defaultTaskHandle                        0x20000008   Data           4  freertos.o(.data)
    myTask02Handle                           0x2000000c   Data           4  freertos.o(.data)
    myTask03Handle                           0x20000010   Data           4  freertos.o(.data)
    FS_Desc                                  0x20000014   Data          28  usbd_desc.o(.data)
    USBD_FS_DeviceDesc                       0x20000030   Data          18  usbd_desc.o(.data)
    USBD_LangIDDesc                          0x20000044   Data           4  usbd_desc.o(.data)
    USBD_CustomHID_fops_FS                   0x200000b8   Data          20  usbd_custom_hid_if.o(.data)
    usbframe_process_handler                 0x200000cc   Data           4  thread_usbframe_process.o(.data)
    mailid_of_usb_tx                         0x200000d0   Data           4  thread_usbframe_process.o(.data)
    transfer_state                           0x200000d4   Data           1  thread_usbframe_process.o(.data)
    mouse_state                              0x200000d5   Data           4  thread_usbframe_process.o(.data)
    glove_state                              0x200000d9   Data           5  thread_usbframe_process.o(.data)
    times                                    0x200000e0   Data           4  thread_usbframe_process.o(.data)
    frame_send_handler                       0x200000e4   Data           4  thread_frame_send.o(.data)
    ble_transfer_handler                     0x200000e8   Data           4  thread_ble_transfer.o(.data)
    setup_data_frame_tx_handler              0x200000ec   Data           4  thread_ble_transfer.o(.data)
    mailid_of_ble_tx                         0x200000f0   Data           4  thread_ble_transfer.o(.data)
    calibration_cmd_global                   0x200000f4   Data           1  thread_ble_transfer.o(.data)
    uwTick                                   0x200000f8   Data           4  stm32f1xx_hal.o(.data)
    uwTickPrio                               0x200000fc   Data           4  stm32f1xx_hal.o(.data)
    uwTickFreq                               0x20000100   Data           1  stm32f1xx_hal.o(.data)
    SystemCoreClock                          0x20000104   Data           4  system_stm32f1xx.o(.data)
    pxCurrentTCB                             0x2000012c   Data           4  tasks.o(.data)
    USBD_CUSTOM_HID                          0x2000016c   Data          60  usbd_customhid.o(.data)
    UART_Frame                               0x20000204   Data          76  usart.o(.bss)
    huart1                                   0x20000250   Data          64  usart.o(.bss)
    hdma_usart1_rx                           0x20000290   Data          68  usart.o(.bss)
    hUsbDeviceFS                             0x200002d4   Data         548  usb_device.o(.bss)
    hpcd_USB_FS                              0x200004f8   Data        1120  usbd_conf.o(.bss)
    USBD_StrDesc                             0x20000990   Data         512  usbd_desc.o(.bss)
    htim4                                    0x20000b90   Data          64  stm32f1xx_hal_timebase_tim.o(.bss)
    last_angle                               0x20000bd0   Data          12  thread_usbframe_process.o(.bss)
    adc_value                                0x20000bdc   Data          10  thread_usbframe_process.o(.bss)
    __initial_sp                             0x200038d8   Data           0  startup_stm32f103xb.o(STACK)



==============================================================================

Memory Map of the image

  Image Entry point : 0x080000ed

  Load Region LR_IROM1 (Base: 0x08000000, Size: 0x000071fc, Max: 0x00010000, ABSOLUTE, COMPRESSED[0x00007120])

    Execution Region ER_IROM1 (Exec base: 0x08000000, Load base: 0x08000000, Size: 0x00006ff8, Max: 0x00010000, ABSOLUTE)

    Exec Addr    Load Addr    Size         Type   Attr      Idx    E Section Name        Object

    0x08000000   0x08000000   0x000000ec   Data   RO            3    RESET               startup_stm32f103xb.o
    0x080000ec   0x080000ec   0x00000000   Code   RO         5247  * .ARM.Collect$$$$00000000  mc_w.l(entry.o)
    0x080000ec   0x080000ec   0x00000004   Code   RO         5529    .ARM.Collect$$$$00000001  mc_w.l(entry2.o)
    0x080000f0   0x080000f0   0x00000004   Code   RO         5532    .ARM.Collect$$$$00000004  mc_w.l(entry5.o)
    0x080000f4   0x080000f4   0x00000000   Code   RO         5534    .ARM.Collect$$$$00000008  mc_w.l(entry7b.o)
    0x080000f4   0x080000f4   0x00000000   Code   RO         5536    .ARM.Collect$$$$0000000A  mc_w.l(entry8b.o)
    0x080000f4   0x080000f4   0x00000008   Code   RO         5537    .ARM.Collect$$$$0000000B  mc_w.l(entry9a.o)
    0x080000fc   0x080000fc   0x00000000   Code   RO         5539    .ARM.Collect$$$$0000000D  mc_w.l(entry10a.o)
    0x080000fc   0x080000fc   0x00000000   Code   RO         5541    .ARM.Collect$$$$0000000F  mc_w.l(entry11a.o)
    0x080000fc   0x080000fc   0x00000004   Code   RO         5530    .ARM.Collect$$$$00002712  mc_w.l(entry2.o)
    0x08000100   0x08000100   0x00000096   Code   RO         3849    .emb_text           port.o
    0x08000196   0x08000196   0x00000002   PAD
    0x08000198   0x08000198   0x00000024   Code   RO            4    .text               startup_stm32f103xb.o
    0x080001bc   0x080001bc   0x00000020   Code   RO         5250    .text               mc_w.l(llushr.o)
    0x080001dc   0x080001dc   0x00000024   Code   RO         5252    .text               mc_w.l(memcpya.o)
    0x08000200   0x08000200   0x00000024   Code   RO         5254    .text               mc_w.l(strstr.o)
    0x08000224   0x08000224   0x0000014e   Code   RO         5519    .text               mf_w.l(dadd.o)
    0x08000372   0x08000372   0x000000e4   Code   RO         5521    .text               mf_w.l(dmul.o)
    0x08000456   0x08000456   0x000000de   Code   RO         5523    .text               mf_w.l(ddiv.o)
    0x08000534   0x08000534   0x00000022   Code   RO         5525    .text               mf_w.l(dflti.o)
    0x08000556   0x08000556   0x0000003e   Code   RO         5527    .text               mf_w.l(dfixi.o)
    0x08000594   0x08000594   0x0000001e   Code   RO         5550    .text               mc_w.l(llshl.o)
    0x080005b2   0x080005b2   0x00000024   Code   RO         5552    .text               mc_w.l(llsshr.o)
    0x080005d6   0x080005d6   0x00000000   Code   RO         5554    .text               mc_w.l(iusefp.o)
    0x080005d6   0x080005d6   0x000000ba   Code   RO         5555    .text               mf_w.l(depilogue.o)
    0x08000690   0x08000690   0x00000024   Code   RO         5561    .text               mc_w.l(init.o)
    0x080006b4   0x080006b4   0x00000056   Code   RO         5573    .text               mc_w.l(__dczerorl2.o)
    0x0800070a   0x0800070a   0x00000004   Code   RO          790    i.BusFault_Handler  stm32f1xx_it.o
    0x0800070e   0x0800070e   0x00000004   Code   RO          743    i.CUSTOM_HID_DeInit_FS  usbd_custom_hid_if.o
    0x08000712   0x08000712   0x00000004   Code   RO          744    i.CUSTOM_HID_Init_FS  usbd_custom_hid_if.o
    0x08000716   0x08000716   0x00000002   PAD
    0x08000718   0x08000718   0x00000084   Code   RO          745    i.CUSTOM_HID_OutEvent_FS  usbd_custom_hid_if.o
    0x0800079c   0x0800079c   0x00000010   Code   RO          791    i.DMA1_Channel5_IRQHandler  stm32f1xx_it.o
    0x080007ac   0x080007ac   0x0000002c   Code   RO         3194    i.DMA_SetConfig     stm32f1xx_hal_dma.o
    0x080007d8   0x080007d8   0x00000002   Code   RO          792    i.DebugMon_Handler  stm32f1xx_it.o
    0x080007da   0x080007da   0x0000003a   Code   RO         3195    i.HAL_DMA_Abort     stm32f1xx_hal_dma.o
    0x08000814   0x08000814   0x000000b0   Code   RO         3196    i.HAL_DMA_Abort_IT  stm32f1xx_hal_dma.o
    0x080008c4   0x080008c4   0x0000019c   Code   RO         3200    i.HAL_DMA_IRQHandler  stm32f1xx_hal_dma.o
    0x08000a60   0x08000a60   0x00000070   Code   RO         3201    i.HAL_DMA_Init      stm32f1xx_hal_dma.o
    0x08000ad0   0x08000ad0   0x0000009c   Code   RO         3205    i.HAL_DMA_Start_IT  stm32f1xx_hal_dma.o
    0x08000b6c   0x08000b6c   0x00000028   Code   RO         2833    i.HAL_Delay         stm32f1xx_hal.o
    0x08000b94   0x08000b94   0x0000031c   Code   RO         3131    i.HAL_GPIO_Init     stm32f1xx_hal_gpio.o
    0x08000eb0   0x08000eb0   0x0000000c   Code   RO         3135    i.HAL_GPIO_WritePin  stm32f1xx_hal_gpio.o
    0x08000ebc   0x08000ebc   0x0000000c   Code   RO         2837    i.HAL_GetTick       stm32f1xx_hal.o
    0x08000ec8   0x08000ec8   0x00000018   Code   RO         2841    i.HAL_IncTick       stm32f1xx_hal.o
    0x08000ee0   0x08000ee0   0x00000028   Code   RO         2842    i.HAL_Init          stm32f1xx_hal.o
    0x08000f08   0x08000f08   0x00000088   Code   RO          902    i.HAL_InitTick      stm32f1xx_hal_timebase_tim.o
    0x08000f90   0x08000f90   0x000000a8   Code   RO          878    i.HAL_MspInit       stm32f1xx_hal_msp.o
    0x08001038   0x08001038   0x0000001a   Code   RO         3291    i.HAL_NVIC_EnableIRQ  stm32f1xx_hal_cortex.o
    0x08001052   0x08001052   0x0000007c   Code   RO         3297    i.HAL_NVIC_SetPriority  stm32f1xx_hal_cortex.o
    0x080010ce   0x080010ce   0x00000002   PAD
    0x080010d0   0x080010d0   0x00000028   Code   RO         3298    i.HAL_NVIC_SetPriorityGrouping  stm32f1xx_hal_cortex.o
    0x080010f8   0x080010f8   0x0000003e   Code   RO         1399    i.HAL_PCDEx_PMAConfig  stm32f1xx_hal_pcd_ex.o
    0x08001136   0x08001136   0x00000002   Code   RO          466    i.HAL_PCDEx_SetConnectionState  usbd_conf.o
    0x08001138   0x08001138   0x0000001c   Code   RO          468    i.HAL_PCD_DataInStageCallback  usbd_conf.o
    0x08001154   0x08001154   0x0000001c   Code   RO          469    i.HAL_PCD_DataOutStageCallback  usbd_conf.o
    0x08001170   0x08001170   0x00000064   Code   RO         1193    i.HAL_PCD_EP_Close  stm32f1xx_hal_pcd.o
    0x080011d4   0x080011d4   0x00000062   Code   RO         1194    i.HAL_PCD_EP_ClrStall  stm32f1xx_hal_pcd.o
    0x08001236   0x08001236   0x00000076   Code   RO         1197    i.HAL_PCD_EP_Open   stm32f1xx_hal_pcd.o
    0x080012ac   0x080012ac   0x0000004a   Code   RO         1198    i.HAL_PCD_EP_Receive  stm32f1xx_hal_pcd.o
    0x080012f6   0x080012f6   0x00000072   Code   RO         1199    i.HAL_PCD_EP_SetStall  stm32f1xx_hal_pcd.o
    0x08001368   0x08001368   0x0000004c   Code   RO         1200    i.HAL_PCD_EP_Transmit  stm32f1xx_hal_pcd.o
    0x080013b4   0x080013b4   0x00000168   Code   RO         1202    i.HAL_PCD_IRQHandler  stm32f1xx_hal_pcd.o
    0x0800151c   0x0800151c   0x0000011a   Code   RO         1205    i.HAL_PCD_Init      stm32f1xx_hal_pcd.o
    0x08001636   0x08001636   0x00000002   PAD
    0x08001638   0x08001638   0x00000044   Code   RO          474    i.HAL_PCD_MspInit   usbd_conf.o
    0x0800167c   0x0800167c   0x0000002a   Code   RO          475    i.HAL_PCD_ResetCallback  usbd_conf.o
    0x080016a6   0x080016a6   0x0000000e   Code   RO          476    i.HAL_PCD_ResumeCallback  usbd_conf.o
    0x080016b4   0x080016b4   0x0000000e   Code   RO          477    i.HAL_PCD_SOFCallback  usbd_conf.o
    0x080016c2   0x080016c2   0x00000036   Code   RO         1211    i.HAL_PCD_SetAddress  stm32f1xx_hal_pcd.o
    0x080016f8   0x080016f8   0x00000012   Code   RO          478    i.HAL_PCD_SetupStageCallback  usbd_conf.o
    0x0800170a   0x0800170a   0x0000003c   Code   RO         1213    i.HAL_PCD_Start     stm32f1xx_hal_pcd.o
    0x08001746   0x08001746   0x00000002   PAD
    0x08001748   0x08001748   0x00000024   Code   RO          479    i.HAL_PCD_SuspendCallback  usbd_conf.o
    0x0800176c   0x0800176c   0x00000130   Code   RO         3094    i.HAL_RCCEx_PeriphCLKConfig  stm32f1xx_hal_rcc_ex.o
    0x0800189c   0x0800189c   0x000001a4   Code   RO         2986    i.HAL_RCC_ClockConfig  stm32f1xx_hal_rcc.o
    0x08001a40   0x08001a40   0x00000044   Code   RO         2990    i.HAL_RCC_GetClockConfig  stm32f1xx_hal_rcc.o
    0x08001a84   0x08001a84   0x0000000c   Code   RO         2991    i.HAL_RCC_GetHCLKFreq  stm32f1xx_hal_rcc.o
    0x08001a90   0x08001a90   0x00000020   Code   RO         2993    i.HAL_RCC_GetPCLK1Freq  stm32f1xx_hal_rcc.o
    0x08001ab0   0x08001ab0   0x00000020   Code   RO         2994    i.HAL_RCC_GetPCLK2Freq  stm32f1xx_hal_rcc.o
    0x08001ad0   0x08001ad0   0x00000094   Code   RO         2995    i.HAL_RCC_GetSysClockFreq  stm32f1xx_hal_rcc.o
    0x08001b64   0x08001b64   0x00000440   Code   RO         2998    i.HAL_RCC_OscConfig  stm32f1xx_hal_rcc.o
    0x08001fa4   0x08001fa4   0x00000028   Code   RO         3300    i.HAL_SYSTICK_CLKSourceConfig  stm32f1xx_hal_cortex.o
    0x08001fcc   0x08001fcc   0x00000034   Code   RO         3302    i.HAL_SYSTICK_Config  stm32f1xx_hal_cortex.o
    0x08002000   0x08002000   0x00000002   Code   RO         2262    i.HAL_TIMEx_BreakCallback  stm32f1xx_hal_tim_ex.o
    0x08002002   0x08002002   0x00000002   Code   RO         2263    i.HAL_TIMEx_CommutationCallback  stm32f1xx_hal_tim_ex.o
    0x08002004   0x08002004   0x00000034   Code   RO         1623    i.HAL_TIM_Base_Init  stm32f1xx_hal_tim.o
    0x08002038   0x08002038   0x00000002   Code   RO         1625    i.HAL_TIM_Base_MspInit  stm32f1xx_hal_tim.o
    0x0800203a   0x0800203a   0x0000001e   Code   RO         1628    i.HAL_TIM_Base_Start_IT  stm32f1xx_hal_tim.o
    0x08002058   0x08002058   0x00000002   Code   RO         1652    i.HAL_TIM_IC_CaptureCallback  stm32f1xx_hal_tim.o
    0x0800205a   0x0800205a   0x00000196   Code   RO         1665    i.HAL_TIM_IRQHandler  stm32f1xx_hal_tim.o
    0x080021f0   0x080021f0   0x00000002   Code   RO         1668    i.HAL_TIM_OC_DelayElapsedCallback  stm32f1xx_hal_tim.o
    0x080021f2   0x080021f2   0x00000002   Code   RO         1695    i.HAL_TIM_PWM_PulseFinishedCallback  stm32f1xx_hal_tim.o
    0x080021f4   0x080021f4   0x00000018   Code   RO           13    i.HAL_TIM_PeriodElapsedCallback  main.o
    0x0800220c   0x0800220c   0x00000002   Code   RO         1706    i.HAL_TIM_TriggerCallback  stm32f1xx_hal_tim.o
    0x0800220e   0x0800220e   0x00000066   Code   RO         2514    i.HAL_UART_DMAStop  stm32f1xx_hal_uart.o
    0x08002274   0x08002274   0x00000002   Code   RO         2516    i.HAL_UART_ErrorCallback  stm32f1xx_hal_uart.o
    0x08002276   0x08002276   0x00000002   PAD
    0x08002278   0x08002278   0x0000014c   Code   RO         2519    i.HAL_UART_IRQHandler  stm32f1xx_hal_uart.o
    0x080023c4   0x080023c4   0x00000072   Code   RO         2520    i.HAL_UART_Init     stm32f1xx_hal_uart.o
    0x08002436   0x08002436   0x00000002   PAD
    0x08002438   0x08002438   0x000000c0   Code   RO          369    i.HAL_UART_MspInit  usart.o
    0x080024f8   0x080024f8   0x000000c4   Code   RO         2524    i.HAL_UART_Receive_DMA  stm32f1xx_hal_uart.o
    0x080025bc   0x080025bc   0x00000002   Code   RO          370    i.HAL_UART_RxCpltCallback  usart.o
    0x080025be   0x080025be   0x00000002   Code   RO         2527    i.HAL_UART_RxHalfCpltCallback  stm32f1xx_hal_uart.o
    0x080025c0   0x080025c0   0x000000d6   Code   RO         2528    i.HAL_UART_Transmit  stm32f1xx_hal_uart.o
    0x08002696   0x08002696   0x00000002   Code   RO         2531    i.HAL_UART_TxCpltCallback  stm32f1xx_hal_uart.o
    0x08002698   0x08002698   0x00000004   Code   RO          793    i.HardFault_Handler  stm32f1xx_it.o
    0x0800269c   0x0800269c   0x00000034   Code   RO          241    i.MX_DMA_Init       dma.o
    0x080026d0   0x080026d0   0x00000034   Code   RO          265    i.MX_FREERTOS_Init  freertos.o
    0x08002704   0x08002704   0x000000a4   Code   RO          217    i.MX_GPIO_Init      gpio.o
    0x080027a8   0x080027a8   0x0000004c   Code   RO          371    i.MX_USART1_UART_Init  usart.o
    0x080027f4   0x080027f4   0x00000034   Code   RO          425    i.MX_USB_DEVICE_Init  usb_device.o
    0x08002828   0x08002828   0x00000004   Code   RO          794    i.MemManage_Handler  stm32f1xx_it.o
    0x0800282c   0x0800282c   0x00000002   Code   RO          795    i.NMI_Handler       stm32f1xx_it.o
    0x0800282e   0x0800282e   0x00000002   PAD
    0x08002830   0x08002830   0x00000010   Code   RO         3304    i.NVIC_GetPriorityGrouping  stm32f1xx_hal_cortex.o
    0x08002840   0x08002840   0x00000028   Code   RO         3305    i.NVIC_SetPriority  stm32f1xx_hal_cortex.o
    0x08002868   0x08002868   0x00000444   Code   RO         1216    i.PCD_EP_ISR_Handler  stm32f1xx_hal_pcd.o
    0x08002cac   0x08002cac   0x00000028   Code   RO         2999    i.RCC_Delay         stm32f1xx_hal_rcc.o
    0x08002cd4   0x08002cd4   0x00000024   Code   RO         1081    i.SerialDatagramEvtAlloc  thread_ble_transfer.o
    0x08002cf8   0x08002cf8   0x00000020   Code   RO         1082    i.SerialDatagramEvtSend  thread_ble_transfer.o
    0x08002d18   0x08002d18   0x00000050   Code   RO          266    i.StartDefaultTask  freertos.o
    0x08002d68   0x08002d68   0x00000008   Code   RO          796    i.SysTick_Handler   stm32f1xx_it.o
    0x08002d70   0x08002d70   0x000000a8   Code   RO           14    i.SystemClock_Config  main.o
    0x08002e18   0x08002e18   0x00000058   Code   RO         3746    i.SystemInit        system_stm32f1xx.o
    0x08002e70   0x08002e70   0x00000010   Code   RO          797    i.TIM4_IRQHandler   stm32f1xx_it.o
    0x08002e80   0x08002e80   0x00000074   Code   RO         1707    i.TIM_Base_SetConfig  stm32f1xx_hal_tim.o
    0x08002ef4   0x08002ef4   0x00000014   Code   RO         2533    i.UART_DMAAbortOnError  stm32f1xx_hal_uart.o
    0x08002f08   0x08002f08   0x00000050   Code   RO         2534    i.UART_DMAError     stm32f1xx_hal_uart.o
    0x08002f58   0x08002f58   0x00000046   Code   RO         2535    i.UART_DMAReceiveCplt  stm32f1xx_hal_uart.o
    0x08002f9e   0x08002f9e   0x0000000e   Code   RO         2537    i.UART_DMARxHalfCplt  stm32f1xx_hal_uart.o
    0x08002fac   0x08002fac   0x00000020   Code   RO         2543    i.UART_EndRxTransfer  stm32f1xx_hal_uart.o
    0x08002fcc   0x08002fcc   0x00000020   Code   RO         2544    i.UART_EndTransmit_IT  stm32f1xx_hal_uart.o
    0x08002fec   0x08002fec   0x00000014   Code   RO         2545    i.UART_EndTxTransfer  stm32f1xx_hal_uart.o
    0x08003000   0x08003000   0x000000a6   Code   RO         2546    i.UART_Receive_IT   stm32f1xx_hal_uart.o
    0x080030a6   0x080030a6   0x00000002   PAD
    0x080030a8   0x080030a8   0x000001c8   Code   RO         2547    i.UART_SetConfig    stm32f1xx_hal_uart.o
    0x08003270   0x08003270   0x00000068   Code   RO         2548    i.UART_Transmit_IT  stm32f1xx_hal_uart.o
    0x080032d8   0x080032d8   0x0000006c   Code   RO         2549    i.UART_WaitOnFlagUntilTimeout  stm32f1xx_hal_uart.o
    0x08003344   0x08003344   0x00000074   Code   RO          372    i.USART1_IDLE_IRQHandler  usart.o
    0x080033b8   0x080033b8   0x00000014   Code   RO          798    i.USART1_IRQHandler  stm32f1xx_it.o
    0x080033cc   0x080033cc   0x0000000e   Code   RO         5171    i.USBD_CUSTOM_HID_DataIn  usbd_customhid.o
    0x080033da   0x080033da   0x00000024   Code   RO         5172    i.USBD_CUSTOM_HID_DataOut  usbd_customhid.o
    0x080033fe   0x080033fe   0x00000036   Code   RO         5173    i.USBD_CUSTOM_HID_DeInit  usbd_customhid.o
    0x08003434   0x08003434   0x00000020   Code   RO         5174    i.USBD_CUSTOM_HID_EP0_RxReady  usbd_customhid.o
    0x08003454   0x08003454   0x00000010   Code   RO         5175    i.USBD_CUSTOM_HID_GetCfgDesc  usbd_customhid.o
    0x08003464   0x08003464   0x00000010   Code   RO         5176    i.USBD_CUSTOM_HID_GetDeviceQualifierDesc  usbd_customhid.o
    0x08003474   0x08003474   0x00000066   Code   RO         5177    i.USBD_CUSTOM_HID_Init  usbd_customhid.o
    0x080034da   0x080034da   0x0000000e   Code   RO         5178    i.USBD_CUSTOM_HID_RegisterInterface  usbd_customhid.o
    0x080034e8   0x080034e8   0x0000004a   Code   RO         5179    i.USBD_CUSTOM_HID_SendReport  usbd_customhid.o
    0x08003532   0x08003532   0x00000002   PAD
    0x08003534   0x08003534   0x0000011c   Code   RO         5180    i.USBD_CUSTOM_HID_Setup  usbd_customhid.o
    0x08003650   0x08003650   0x00000016   Code   RO         4878    i.USBD_ClrClassConfig  usbd_core.o
    0x08003666   0x08003666   0x00000044   Code   RO         5016    i.USBD_ClrFeature   usbd_ctlreq.o
    0x080036aa   0x080036aa   0x00000018   Code   RO         5111    i.USBD_CtlContinueRx  usbd_ioreq.o
    0x080036c2   0x080036c2   0x00000018   Code   RO         5112    i.USBD_CtlContinueSendData  usbd_ioreq.o
    0x080036da   0x080036da   0x00000018   Code   RO         5017    i.USBD_CtlError     usbd_ctlreq.o
    0x080036f2   0x080036f2   0x00000028   Code   RO         5113    i.USBD_CtlPrepareRx  usbd_ioreq.o
    0x0800371a   0x0800371a   0x0000001a   Code   RO         5114    i.USBD_CtlReceiveStatus  usbd_ioreq.o
    0x08003734   0x08003734   0x00000022   Code   RO         5115    i.USBD_CtlSendData  usbd_ioreq.o
    0x08003756   0x08003756   0x0000001a   Code   RO         5116    i.USBD_CtlSendStatus  usbd_ioreq.o
    0x08003770   0x08003770   0x0000003c   Code   RO          673    i.USBD_FS_ConfigStrDescriptor  usbd_desc.o
    0x080037ac   0x080037ac   0x00000010   Code   RO          674    i.USBD_FS_DeviceDescriptor  usbd_desc.o
    0x080037bc   0x080037bc   0x00000040   Code   RO          675    i.USBD_FS_InterfaceStrDescriptor  usbd_desc.o
    0x080037fc   0x080037fc   0x00000010   Code   RO          676    i.USBD_FS_LangIDStrDescriptor  usbd_desc.o
    0x0800380c   0x0800380c   0x0000002c   Code   RO          677    i.USBD_FS_ManufacturerStrDescriptor  usbd_desc.o
    0x08003838   0x08003838   0x00000034   Code   RO          678    i.USBD_FS_ProductStrDescriptor  usbd_desc.o
    0x0800386c   0x0800386c   0x00000038   Code   RO          679    i.USBD_FS_SerialStrDescriptor  usbd_desc.o
    0x080038a4   0x080038a4   0x00000050   Code   RO         5018    i.USBD_GetConfig    usbd_ctlreq.o
    0x080038f4   0x080038f4   0x00000150   Code   RO         5019    i.USBD_GetDescriptor  usbd_ctlreq.o
    0x08003a44   0x08003a44   0x00000014   Code   RO         5020    i.USBD_GetLen       usbd_ctlreq.o
    0x08003a58   0x08003a58   0x00000044   Code   RO         5021    i.USBD_GetStatus    usbd_ctlreq.o
    0x08003a9c   0x08003a9c   0x00000052   Code   RO         5022    i.USBD_GetString    usbd_ctlreq.o
    0x08003aee   0x08003aee   0x00000032   Code   RO         4880    i.USBD_Init         usbd_core.o
    0x08003b20   0x08003b20   0x00000044   Code   RO          480    i.USBD_LL_ClearStallEP  usbd_conf.o
    0x08003b64   0x08003b64   0x00000044   Code   RO          481    i.USBD_LL_CloseEP   usbd_conf.o
    0x08003ba8   0x08003ba8   0x000000da   Code   RO         4881    i.USBD_LL_DataInStage  usbd_core.o
    0x08003c82   0x08003c82   0x00000086   Code   RO         4882    i.USBD_LL_DataOutStage  usbd_core.o
    0x08003d08   0x08003d08   0x00000090   Code   RO          486    i.USBD_LL_Init      usbd_conf.o
    0x08003d98   0x08003d98   0x00000030   Code   RO          487    i.USBD_LL_IsStallEP  usbd_conf.o
    0x08003dc8   0x08003dc8   0x00000062   Code   RO          488    i.USBD_LL_OpenEP    usbd_conf.o
    0x08003e2a   0x08003e2a   0x00000062   Code   RO          489    i.USBD_LL_PrepareReceive  usbd_conf.o
    0x08003e8c   0x08003e8c   0x00000044   Code   RO         4887    i.USBD_LL_Reset     usbd_core.o
    0x08003ed0   0x08003ed0   0x0000000e   Code   RO         4888    i.USBD_LL_Resume    usbd_core.o
    0x08003ede   0x08003ede   0x00000022   Code   RO         4889    i.USBD_LL_SOF       usbd_core.o
    0x08003f00   0x08003f00   0x00000008   Code   RO         4890    i.USBD_LL_SetSpeed  usbd_core.o
    0x08003f08   0x08003f08   0x00000044   Code   RO          490    i.USBD_LL_SetUSBAddress  usbd_conf.o
    0x08003f4c   0x08003f4c   0x0000006e   Code   RO         4891    i.USBD_LL_SetupStage  usbd_core.o
    0x08003fba   0x08003fba   0x00000044   Code   RO          491    i.USBD_LL_StallEP   usbd_conf.o
    0x08003ffe   0x08003ffe   0x0000003c   Code   RO          492    i.USBD_LL_Start     usbd_conf.o
    0x0800403a   0x0800403a   0x00000014   Code   RO         4892    i.USBD_LL_Suspend   usbd_core.o
    0x0800404e   0x0800404e   0x00000062   Code   RO          494    i.USBD_LL_Transmit  usbd_conf.o
    0x080040b0   0x080040b0   0x00000028   Code   RO         5023    i.USBD_ParseSetupRequest  usbd_ctlreq.o
    0x080040d8   0x080040d8   0x00000010   Code   RO         4893    i.USBD_RegisterClass  usbd_core.o
    0x080040e8   0x080040e8   0x00000006   Code   RO         4894    i.USBD_RunTestMode  usbd_core.o
    0x080040ee   0x080040ee   0x00000054   Code   RO         5024    i.USBD_SetAddress   usbd_ctlreq.o
    0x08004142   0x08004142   0x00000022   Code   RO         4895    i.USBD_SetClassConfig  usbd_core.o
    0x08004164   0x08004164   0x000000e0   Code   RO         5025    i.USBD_SetConfig    usbd_ctlreq.o
    0x08004244   0x08004244   0x00000024   Code   RO         5026    i.USBD_SetFeature   usbd_ctlreq.o
    0x08004268   0x08004268   0x0000000e   Code   RO         4896    i.USBD_Start        usbd_core.o
    0x08004276   0x08004276   0x00000072   Code   RO         5027    i.USBD_StdDevReq    usbd_ctlreq.o
    0x080042e8   0x080042e8   0x00000156   Code   RO         5028    i.USBD_StdEPReq     usbd_ctlreq.o
    0x0800443e   0x0800443e   0x0000004a   Code   RO         5029    i.USBD_StdItfReq    usbd_ctlreq.o
    0x08004488   0x08004488   0x00000002   Code   RO          495    i.USBD_static_free  usbd_conf.o
    0x0800448a   0x0800448a   0x00000002   PAD
    0x0800448c   0x0800448c   0x0000000c   Code   RO          496    i.USBD_static_malloc  usbd_conf.o
    0x08004498   0x08004498   0x000003aa   Code   RO         1429    i.USB_ActivateEndpoint  stm32f1xx_ll_usb.o
    0x08004842   0x08004842   0x00000008   Code   RO         1432    i.USB_CoreInit      stm32f1xx_ll_usb.o
    0x0800484a   0x0800484a   0x00000214   Code   RO         1434    i.USB_DeactivateEndpoint  stm32f1xx_ll_usb.o
    0x08004a5e   0x08004a5e   0x00000006   Code   RO         1435    i.USB_DevConnect    stm32f1xx_ll_usb.o
    0x08004a64   0x08004a64   0x00000006   Code   RO         1436    i.USB_DevDisconnect  stm32f1xx_ll_usb.o
    0x08004a6a   0x08004a6a   0x0000001e   Code   RO         1437    i.USB_DevInit       stm32f1xx_ll_usb.o
    0x08004a88   0x08004a88   0x00000016   Code   RO         1438    i.USB_DisableGlobalInt  stm32f1xx_ll_usb.o
    0x08004a9e   0x08004a9e   0x00000006   Code   RO         1439    i.USB_EP0_OutStart  stm32f1xx_ll_usb.o
    0x08004aa4   0x08004aa4   0x000000b4   Code   RO         1440    i.USB_EPClearStall  stm32f1xx_ll_usb.o
    0x08004b58   0x08004b58   0x00000086   Code   RO         1441    i.USB_EPSetStall    stm32f1xx_ll_usb.o
    0x08004bde   0x08004bde   0x00000332   Code   RO         1442    i.USB_EPStartXfer   stm32f1xx_ll_usb.o
    0x08004f10   0x08004f10   0x00000016   Code   RO         1443    i.USB_EnableGlobalInt  stm32f1xx_ll_usb.o
    0x08004f26   0x08004f26   0x00000002   PAD
    0x08004f28   0x08004f28   0x00000010   Code   RO          799    i.USB_LP_CAN1_RX0_IRQHandler  stm32f1xx_it.o
    0x08004f38   0x08004f38   0x0000000a   Code   RO         1450    i.USB_ReadInterrupts  stm32f1xx_ll_usb.o
    0x08004f42   0x08004f42   0x00000028   Code   RO         1451    i.USB_ReadPMA       stm32f1xx_ll_usb.o
    0x08004f6a   0x08004f6a   0x00000006   Code   RO         1453    i.USB_SetCurrentMode  stm32f1xx_ll_usb.o
    0x08004f70   0x08004f70   0x0000000e   Code   RO         1454    i.USB_SetDevAddress  stm32f1xx_ll_usb.o
    0x08004f7e   0x08004f7e   0x00000042   Code   RO         1456    i.USB_WritePMA      stm32f1xx_ll_usb.o
    0x08004fc0   0x08004fc0   0x00000004   Code   RO          800    i.UsageFault_Handler  stm32f1xx_it.o
    0x08004fc4   0x08004fc4   0x00000004   Code   RO           15    i._Error_Handler    main.o
    0x08004fc8   0x08004fc8   0x0000000e   Code   RO         5567    i.__scatterload_copy  mc_w.l(handlers.o)
    0x08004fd6   0x08004fd6   0x00000002   Code   RO         5568    i.__scatterload_null  mc_w.l(handlers.o)
    0x08004fd8   0x08004fd8   0x0000000e   Code   RO         5569    i.__scatterload_zeroinit  mc_w.l(handlers.o)
    0x08004fe6   0x08004fe6   0x00000010   Code   RO         4500    i.inHandlerMode     cmsis_os.o
    0x08004ff6   0x08004ff6   0x00000002   PAD
    0x08004ff8   0x08004ff8   0x00000060   Code   RO         1083    i.init_thread_ble_transfer  thread_ble_transfer.o
    0x08005058   0x08005058   0x00000028   Code   RO         1032    i.init_thread_frame_send  thread_frame_send.o
    0x08005080   0x08005080   0x00000044   Code   RO          943    i.init_thread_usbframe_process  thread_usbframe_process.o
    0x080050c4   0x080050c4   0x0000002c   Code   RO           16    i.main              main.o
    0x080050f0   0x080050f0   0x0000000e   Code   RO         4502    i.makeFreeRtosPriority  cmsis_os.o
    0x080050fe   0x080050fe   0x00000018   Code   RO         4504    i.osDelay           cmsis_os.o
    0x08005116   0x08005116   0x0000000a   Code   RO         4507    i.osKernelStart     cmsis_os.o
    0x08005120   0x08005120   0x00000018   Code   RO         4509    i.osMailAlloc       cmsis_os.o
    0x08005138   0x08005138   0x0000007a   Code   RO         4511    i.osMailCreate      cmsis_os.o
    0x080051b2   0x080051b2   0x00000016   Code   RO         4512    i.osMailFree        cmsis_os.o
    0x080051c8   0x080051c8   0x00000098   Code   RO         4513    i.osMailGet         cmsis_os.o
    0x08005260   0x08005260   0x00000060   Code   RO         4514    i.osMailPut         cmsis_os.o
    0x080052c0   0x080052c0   0x0000007a   Code   RO         4526    i.osPoolAlloc       cmsis_os.o
    0x0800533a   0x0800533a   0x00000070   Code   RO         4528    i.osPoolCreate      cmsis_os.o
    0x080053aa   0x080053aa   0x0000004a   Code   RO         4529    i.osPoolFree        cmsis_os.o
    0x080053f4   0x080053f4   0x00000010   Code   RO         4540    i.osSystickHandler  cmsis_os.o
    0x08005404   0x08005404   0x00000030   Code   RO         4541    i.osThreadCreate    cmsis_os.o
    0x08005434   0x08005434   0x00000098   Code   RO         4207    i.prvAddCurrentTaskToDelayedList  tasks.o
    0x080054cc   0x080054cc   0x000000b4   Code   RO         4208    i.prvAddNewTaskToReadyList  tasks.o
    0x08005580   0x08005580   0x00000064   Code   RO         4209    i.prvCheckTasksWaitingTermination  tasks.o
    0x080055e4   0x080055e4   0x0000002a   Code   RO         4052    i.prvCopyDataFromQueue  queue.o
    0x0800560e   0x0800560e   0x0000007c   Code   RO         4053    i.prvCopyDataToQueue  queue.o
    0x0800568a   0x0800568a   0x00000012   Code   RO         4210    i.prvDeleteTCB      tasks.o
    0x0800569c   0x0800569c   0x0000007c   Code   RO         3779    i.prvHeapInit       heap_4.o
    0x08005718   0x08005718   0x00000028   Code   RO         4211    i.prvIdleTask       tasks.o
    0x08005740   0x08005740   0x00000026   Code   RO         4055    i.prvInitialiseNewQueue  queue.o
    0x08005766   0x08005766   0x000000aa   Code   RO         4212    i.prvInitialiseNewTask  tasks.o
    0x08005810   0x08005810   0x00000068   Code   RO         4213    i.prvInitialiseTaskLists  tasks.o
    0x08005878   0x08005878   0x00000068   Code   RO         3780    i.prvInsertBlockIntoFreeList  heap_4.o
    0x080058e0   0x080058e0   0x0000001a   Code   RO         4056    i.prvIsQueueEmpty   queue.o
    0x080058fa   0x080058fa   0x0000001e   Code   RO         4057    i.prvIsQueueFull    queue.o
    0x08005918   0x08005918   0x00000034   Code   RO         4214    i.prvResetNextTaskUnblockTime  tasks.o
    0x0800594c   0x0800594c   0x00000040   Code   RO         3850    i.prvTaskExitError  port.o
    0x0800598c   0x0800598c   0x0000007e   Code   RO         4058    i.prvUnlockQueue    queue.o
    0x08005a0a   0x08005a0a   0x00000002   PAD
    0x08005a0c   0x08005a0c   0x0000013c   Code   RO         3781    i.pvPortMalloc      heap_4.o
    0x08005b48   0x08005b48   0x00000020   Code   RO         4216    i.pvTaskIncrementMutexHeldCount  tasks.o
    0x08005b68   0x08005b68   0x00000024   Code   RO         3851    i.pxPortInitialiseStack  port.o
    0x08005b8c   0x08005b8c   0x00000144   Code   RO          944    i.received_dataframe_process  thread_usbframe_process.o
    0x08005cd0   0x08005cd0   0x00000040   Code   RO         1084    i.thread_ble_transfer  thread_ble_transfer.o
    0x08005d10   0x08005d10   0x00000070   Code   RO         1033    i.thread_frame_send  thread_frame_send.o
    0x08005d80   0x08005d80   0x00000044   Code   RO         1085    i.thread_setup_data_frame_tx  thread_ble_transfer.o
    0x08005dc4   0x08005dc4   0x00000054   Code   RO          946    i.thread_usbframe_process  thread_usbframe_process.o
    0x08005e18   0x08005e18   0x00000024   Code   RO          948    i.usb_dataframe_alloc  thread_usbframe_process.o
    0x08005e3c   0x08005e3c   0x00000018   Code   RO          950    i.usb_dataframe_send  thread_usbframe_process.o
    0x08005e54   0x08005e54   0x00000028   Code   RO         4015    i.uxListRemove      list.o
    0x08005e7c   0x08005e7c   0x0000001a   Code   RO         4016    i.vListInitialise   list.o
    0x08005e96   0x08005e96   0x00000006   Code   RO         4017    i.vListInitialiseItem  list.o
    0x08005e9c   0x08005e9c   0x00000034   Code   RO         4018    i.vListInsert       list.o
    0x08005ed0   0x08005ed0   0x00000018   Code   RO         4019    i.vListInsertEnd    list.o
    0x08005ee8   0x08005ee8   0x00000054   Code   RO         3853    i.vPortEnterCritical  port.o
    0x08005f3c   0x08005f3c   0x0000003c   Code   RO         3854    i.vPortExitCritical  port.o
    0x08005f78   0x08005f78   0x00000094   Code   RO         3782    i.vPortFree         heap_4.o
    0x0800600c   0x0800600c   0x00000020   Code   RO         3855    i.vPortSetupTimerInterrupt  port.o
    0x0800602c   0x0800602c   0x00000078   Code   RO         3856    i.vPortValidateInterruptPriority  port.o
    0x080060a4   0x080060a4   0x0000005c   Code   RO         4222    i.vTaskDelay        tasks.o
    0x08006100   0x08006100   0x0000000c   Code   RO         4225    i.vTaskMissedYield  tasks.o
    0x0800610c   0x0800610c   0x00000038   Code   RO         4227    i.vTaskPlaceOnEventList  tasks.o
    0x08006144   0x08006144   0x000000b0   Code   RO         4229    i.vTaskPriorityInherit  tasks.o
    0x080061f4   0x080061f4   0x00000030   Code   RO         4232    i.vTaskSetTimeOutState  tasks.o
    0x08006224   0x08006224   0x00000088   Code   RO         4233    i.vTaskStartScheduler  tasks.o
    0x080062ac   0x080062ac   0x00000010   Code   RO         4235    i.vTaskSuspendAll   tasks.o
    0x080062bc   0x080062bc   0x0000008c   Code   RO         4236    i.vTaskSwitchContext  tasks.o
    0x08006348   0x08006348   0x000000a0   Code   RO         3857    i.xPortStartScheduler  port.o
    0x080063e8   0x080063e8   0x00000034   Code   RO         3858    i.xPortSysTickHandler  port.o
    0x0800641c   0x0800641c   0x00000058   Code   RO         4066    i.xQueueGenericCreate  queue.o
    0x08006474   0x08006474   0x000001c4   Code   RO         4067    i.xQueueGenericReceive  queue.o
    0x08006638   0x08006638   0x00000098   Code   RO         4068    i.xQueueGenericReset  queue.o
    0x080066d0   0x080066d0   0x000001a8   Code   RO         4069    i.xQueueGenericSend  queue.o
    0x08006878   0x08006878   0x000000f8   Code   RO         4070    i.xQueueGenericSendFromISR  queue.o
    0x08006970   0x08006970   0x000000ca   Code   RO         4075    i.xQueueReceiveFromISR  queue.o
    0x08006a3a   0x08006a3a   0x00000002   PAD
    0x08006a3c   0x08006a3c   0x0000008c   Code   RO         4237    i.xTaskCheckForTimeOut  tasks.o
    0x08006ac8   0x08006ac8   0x00000060   Code   RO         4238    i.xTaskCreate       tasks.o
    0x08006b28   0x08006b28   0x00000020   Code   RO         4242    i.xTaskGetSchedulerState  tasks.o
    0x08006b48   0x08006b48   0x00000148   Code   RO         4245    i.xTaskIncrementTick  tasks.o
    0x08006c90   0x08006c90   0x000000c8   Code   RO         4248    i.xTaskPriorityDisinherit  tasks.o
    0x08006d58   0x08006d58   0x00000098   Code   RO         4249    i.xTaskRemoveFromEventList  tasks.o
    0x08006df0   0x08006df0   0x00000104   Code   RO         4251    i.xTaskResumeAll    tasks.o
    0x08006ef4   0x08006ef4   0x00000014   Data   RO          269    .constdata          freertos.o
    0x08006f08   0x08006f08   0x00000020   Data   RO          952    .constdata          thread_usbframe_process.o
    0x08006f28   0x08006f28   0x00000014   Data   RO         1034    .constdata          thread_frame_send.o
    0x08006f3c   0x08006f3c   0x00000034   Data   RO         1086    .constdata          thread_ble_transfer.o
    0x08006f70   0x08006f70   0x00000018   Data   RO         3747    .constdata          system_stm32f1xx.o
    0x08006f88   0x08006f88   0x0000000c   Data   RO          270    .conststring        freertos.o
    0x08006f94   0x08006f94   0x00000011   Data   RO          953    .conststring        thread_usbframe_process.o
    0x08006fa5   0x08006fa5   0x00000003   PAD
    0x08006fa8   0x08006fa8   0x0000000b   Data   RO         1035    .conststring        thread_frame_send.o
    0x08006fb3   0x08006fb3   0x00000001   PAD
    0x08006fb4   0x08006fb4   0x00000024   Data   RO         1087    .conststring        thread_ble_transfer.o
    0x08006fd8   0x08006fd8   0x00000020   Data   RO         5565    Region$$Table       anon$$obj.o


    Execution Region RW_IRAM1 (Exec base: 0x20000000, Load base: 0x08006ff8, Size: 0x000038d8, Max: 0x00005000, ABSOLUTE, COMPRESSED[0x00000128])

    Exec Addr    Load Addr    Size         Type   Attr      Idx    E Section Name        Object

    0x20000000   COMPRESSED   0x00000014   Data   RW          271    .data               freertos.o
    0x20000014   COMPRESSED   0x00000034   Data   RW          681    .data               usbd_desc.o
    0x20000048   COMPRESSED   0x00000084   Data   RW          746    .data               usbd_custom_hid_if.o
    0x200000cc   COMPRESSED   0x00000018   Data   RW          954    .data               thread_usbframe_process.o
    0x200000e4   COMPRESSED   0x00000004   Data   RW         1036    .data               thread_frame_send.o
    0x200000e8   COMPRESSED   0x0000000d   Data   RW         1088    .data               thread_ble_transfer.o
    0x200000f5   COMPRESSED   0x00000003   PAD
    0x200000f8   COMPRESSED   0x00000009   Data   RW         2849    .data               stm32f1xx_hal.o
    0x20000101   COMPRESSED   0x00000003   PAD
    0x20000104   COMPRESSED   0x00000004   Data   RW         3748    .data               system_stm32f1xx.o
    0x20000108   COMPRESSED   0x00000018   Data   RW         3787    .data               heap_4.o
    0x20000120   COMPRESSED   0x0000000c   Data   RW         3859    .data               port.o
    0x2000012c   COMPRESSED   0x0000003c   Data   RW         4254    .data               tasks.o
    0x20000168   COMPRESSED   0x00000001   Data   RW         5030    .data               usbd_ctlreq.o
    0x20000169   COMPRESSED   0x00000003   PAD
    0x2000016c   COMPRESSED   0x00000096   Data   RW         5181    .data               usbd_customhid.o
    0x20000202   COMPRESSED   0x00000002   PAD
    0x20000204        -       0x000000d0   Zero   RW          373    .bss                usart.o
    0x200002d4        -       0x00000224   Zero   RW          426    .bss                usb_device.o
    0x200004f8        -       0x00000498   Zero   RW          497    .bss                usbd_conf.o
    0x20000990        -       0x00000200   Zero   RW          680    .bss                usbd_desc.o
    0x20000b90        -       0x00000040   Zero   RW          905    .bss                stm32f1xx_hal_timebase_tim.o
    0x20000bd0        -       0x00000016   Zero   RW          951    .bss                thread_usbframe_process.o
    0x20000be6        -       0x00002800   Zero   RW         3786    .bss                heap_4.o
    0x200033e6   COMPRESSED   0x00000002   PAD
    0x200033e8        -       0x000000f0   Zero   RW         4253    .bss                tasks.o
    0x200034d8        -       0x00000400   Zero   RW            1    STACK               startup_stm32f103xb.o


==============================================================================

Image component sizes


      Code (inc. data)   RO Data    RW Data    ZI Data      Debug   Object Name

       852         10          0          0          0      21078   cmsis_os.o
        52          4          0          0          0        678   dma.o
         0          0          0          0          0       8032   event_groups.o
       132         20         32         20          0       7514   freertos.o
       164          8          0          0          0        851   gpio.o
       692         62          0         24      10240       8575   heap_4.o
       148          0          0          0          0       3294   list.o
       240         22          0          0          0     468197   main.o
       758         80          0         12          0      10861   port.o
      1952         16          0          0          0      13480   queue.o
        36          8        236          0       1024        784   startup_stm32f103xb.o
       116         24          0          9          0       3062   stm32f1xx_hal.o
       338         22          0          0          0      26629   stm32f1xx_hal_cortex.o
       958         12          0          0          0       4658   stm32f1xx_hal_dma.o
       808         32          0          0          0       2596   stm32f1xx_hal_gpio.o
       168         10          0          0          0        894   stm32f1xx_hal_msp.o
      2428          0          0          0          0       9101   stm32f1xx_hal_pcd.o
        62          0          0          0          0       1134   stm32f1xx_hal_pcd_ex.o
      1840        118          0          0          0       6369   stm32f1xx_hal_rcc.o
       304         14          0          0          0       1352   stm32f1xx_hal_rcc_ex.o
       614         14          0          0          0       5738   stm32f1xx_hal_tim.o
         4          0          0          0          0       1462   stm32f1xx_hal_tim_ex.o
       136         18          0          0         64       1428   stm32f1xx_hal_timebase_tim.o
      2066         26          0          0          0      12681   stm32f1xx_hal_uart.o
        96         22          0          0          0       4609   stm32f1xx_it.o
      2838          0          0          0          0      13131   stm32f1xx_ll_usb.o
        88         18         24          4          0       1103   system_stm32f1xx.o
      2732        358          0         60        240      21259   tasks.o
       296         42         88         13          0       9973   thread_ble_transfer.o
       152         20         31          4          0       7849   thread_frame_send.o
       536         50         49         24         22      10152   thread_usbframe_process.o
       386         68          0          0        208       6639   usart.o
        52         16          0          0        548        656   usb_device.o
      1082         50          0          0       1176      12897   usbd_conf.o
       748          0          0          0          0       9467   usbd_core.o
      1592         30          0          1          0      10148   usbd_ctlreq.o
       140         38          0        132          0       2214   usbd_custom_hid_if.o
       642         26          0        150          0       9351   usbd_customhid.o
       308        132          0         52        512       9351   usbd_desc.o
       174          0          0          0          0       4388   usbd_ioreq.o

    ----------------------------------------------------------------------
     26760       1390        496        516      14036     753635   Object Totals
         0          0         32          0          0          0   (incl. Generated)
        30          0          4         11          2          0   (incl. Padding)

    ----------------------------------------------------------------------

      Code (inc. data)   RO Data    RW Data    ZI Data      Debug   Library Member Name

        86          0          0          0          0          0   __dczerorl2.o
         0          0          0          0          0          0   entry.o
         0          0          0          0          0          0   entry10a.o
         0          0          0          0          0          0   entry11a.o
         8          4          0          0          0          0   entry2.o
         4          0          0          0          0          0   entry5.o
         0          0          0          0          0          0   entry7b.o
         0          0          0          0          0          0   entry8b.o
         8          4          0          0          0          0   entry9a.o
        30          0          0          0          0          0   handlers.o
        36          8          0          0          0         68   init.o
         0          0          0          0          0          0   iusefp.o
        30          0          0          0          0         68   llshl.o
        36          0          0          0          0         68   llsshr.o
        32          0          0          0          0         68   llushr.o
        36          0          0          0          0         68   memcpya.o
        36          0          0          0          0         80   strstr.o
       334          0          0          0          0        148   dadd.o
       222          0          0          0          0        100   ddiv.o
       186          0          0          0          0        176   depilogue.o
        62          0          0          0          0         80   dfixi.o
        34          0          0          0          0         76   dflti.o
       228          0          0          0          0         96   dmul.o

    ----------------------------------------------------------------------
      1408         16          0          0          0       1096   Library Totals
         0          0          0          0          0          0   (incl. Padding)

    ----------------------------------------------------------------------

      Code (inc. data)   RO Data    RW Data    ZI Data      Debug   Library Name

       342         16          0          0          0        420   mc_w.l
      1066          0          0          0          0        676   mf_w.l

    ----------------------------------------------------------------------
      1408         16          0          0          0       1096   Library Totals

    ----------------------------------------------------------------------

==============================================================================


      Code (inc. data)   RO Data    RW Data    ZI Data      Debug   

     28168       1406        496        516      14036     740663   Grand Totals
     28168       1406        496        296      14036     740663   ELF Image Totals (compressed)
     28168       1406        496        296          0          0   ROM Totals

==============================================================================

    Total RO  Size (Code + RO Data)                28664 (  27.99kB)
    Total RW  Size (RW Data + ZI Data)             14552 (  14.21kB)
    Total ROM Size (Code + RO Data + RW Data)      28960 (  28.28kB)

==============================================================================

