Component: ARM Compiler 5.06 update 6 (build 750) Tool: armlink [4d35ed]

==============================================================================

Section Cross References

    startup_stm32f103xb.o(RESET) refers to startup_stm32f103xb.o(STACK) for __initial_sp
    startup_stm32f103xb.o(RESET) refers to startup_stm32f103xb.o(.text) for Reset_Handler
    startup_stm32f103xb.o(RESET) refers to stm32f1xx_it.o(i.NMI_Handler) for NMI_Handler
    startup_stm32f103xb.o(RESET) refers to stm32f1xx_it.o(i.HardFault_Handler) for HardFault_Handler
    startup_stm32f103xb.o(RESET) refers to stm32f1xx_it.o(i.MemManage_Handler) for MemManage_Handler
    startup_stm32f103xb.o(RESET) refers to stm32f1xx_it.o(i.BusFault_Handler) for BusFault_Handler
    startup_stm32f103xb.o(RESET) refers to stm32f1xx_it.o(i.UsageFault_Handler) for UsageFault_Handler
    startup_stm32f103xb.o(RESET) refers to port.o(.emb_text) for SVC_Handler
    startup_stm32f103xb.o(RESET) refers to stm32f1xx_it.o(i.DebugMon_Handler) for DebugMon_Handler
    startup_stm32f103xb.o(RESET) refers to stm32f1xx_it.o(i.SysTick_Handler) for SysTick_Handler
    startup_stm32f103xb.o(RESET) refers to stm32f1xx_it.o(i.DMA1_Channel5_IRQHandler) for DMA1_Channel5_IRQHandler
    startup_stm32f103xb.o(RESET) refers to stm32f1xx_it.o(i.USB_LP_CAN1_RX0_IRQHandler) for USB_LP_CAN1_RX0_IRQHandler
    startup_stm32f103xb.o(RESET) refers to stm32f1xx_it.o(i.TIM4_IRQHandler) for TIM4_IRQHandler
    startup_stm32f103xb.o(RESET) refers to stm32f1xx_it.o(i.USART1_IRQHandler) for USART1_IRQHandler
    startup_stm32f103xb.o(.text) refers to system_stm32f1xx.o(i.SystemInit) for SystemInit
    startup_stm32f103xb.o(.text) refers to entry.o(.ARM.Collect$$$$00000000) for __main
    main.o(i.HAL_TIM_PeriodElapsedCallback) refers to stm32f1xx_hal.o(i.HAL_IncTick) for HAL_IncTick
    main.o(i.SystemClock_Config) refers to stm32f1xx_hal_rcc.o(i.HAL_RCC_OscConfig) for HAL_RCC_OscConfig
    main.o(i.SystemClock_Config) refers to main.o(i._Error_Handler) for _Error_Handler
    main.o(i.SystemClock_Config) refers to stm32f1xx_hal_rcc.o(i.HAL_RCC_ClockConfig) for HAL_RCC_ClockConfig
    main.o(i.SystemClock_Config) refers to stm32f1xx_hal_rcc_ex.o(i.HAL_RCCEx_PeriphCLKConfig) for HAL_RCCEx_PeriphCLKConfig
    main.o(i.SystemClock_Config) refers to stm32f1xx_hal_rcc.o(i.HAL_RCC_GetHCLKFreq) for HAL_RCC_GetHCLKFreq
    main.o(i.SystemClock_Config) refers to stm32f1xx_hal_cortex.o(i.HAL_SYSTICK_Config) for HAL_SYSTICK_Config
    main.o(i.SystemClock_Config) refers to stm32f1xx_hal_cortex.o(i.HAL_SYSTICK_CLKSourceConfig) for HAL_SYSTICK_CLKSourceConfig
    main.o(i.SystemClock_Config) refers to stm32f1xx_hal_cortex.o(i.HAL_NVIC_SetPriority) for HAL_NVIC_SetPriority
    main.o(i.main) refers to stm32f1xx_hal.o(i.HAL_Init) for HAL_Init
    main.o(i.main) refers to main.o(i.SystemClock_Config) for SystemClock_Config
    main.o(i.main) refers to gpio.o(i.MX_GPIO_Init) for MX_GPIO_Init
    main.o(i.main) refers to dma.o(i.MX_DMA_Init) for MX_DMA_Init
    main.o(i.main) refers to usart.o(i.MX_USART1_UART_Init) for MX_USART1_UART_Init
    main.o(i.main) refers to usb_device.o(i.MX_USB_DEVICE_Init) for MX_USB_DEVICE_Init
    main.o(i.main) refers to stm32f1xx_hal.o(i.HAL_Delay) for HAL_Delay
    main.o(i.main) refers to freertos.o(i.MX_FREERTOS_Init) for MX_FREERTOS_Init
    main.o(i.main) refers to cmsis_os.o(i.osKernelStart) for osKernelStart
    gpio.o(i.BLE_Reset) refers to stm32f1xx_hal_gpio.o(i.HAL_GPIO_WritePin) for HAL_GPIO_WritePin
    gpio.o(i.BLE_Reset) refers to cmsis_os.o(i.osDelay) for osDelay
    gpio.o(i.MX_GPIO_Init) refers to stm32f1xx_hal_gpio.o(i.HAL_GPIO_Init) for HAL_GPIO_Init
    gpio.o(i.MX_GPIO_Init) refers to stm32f1xx_hal_gpio.o(i.HAL_GPIO_WritePin) for HAL_GPIO_WritePin
    dma.o(i.MX_DMA_Init) refers to stm32f1xx_hal_cortex.o(i.HAL_NVIC_SetPriority) for HAL_NVIC_SetPriority
    dma.o(i.MX_DMA_Init) refers to stm32f1xx_hal_cortex.o(i.HAL_NVIC_EnableIRQ) for HAL_NVIC_EnableIRQ
    freertos.o(i.MX_FREERTOS_Init) refers to memcpya.o(.text) for __aeabi_memcpy4
    freertos.o(i.MX_FREERTOS_Init) refers to cmsis_os.o(i.osThreadCreate) for osThreadCreate
    freertos.o(i.MX_FREERTOS_Init) refers to thread_usbframe_process.o(i.init_thread_usbframe_process) for init_thread_usbframe_process
    freertos.o(i.MX_FREERTOS_Init) refers to thread_frame_send.o(i.init_thread_frame_send) for init_thread_frame_send
    freertos.o(i.MX_FREERTOS_Init) refers to thread_ble_transfer.o(i.init_thread_ble_transfer) for init_thread_ble_transfer
    freertos.o(i.MX_FREERTOS_Init) refers to freertos.o(.constdata) for .constdata
    freertos.o(i.MX_FREERTOS_Init) refers to freertos.o(.data) for defaultTaskHandle
    freertos.o(i.StartDefaultTask) refers to stm32f1xx_hal_uart.o(i.HAL_UART_Receive_DMA) for HAL_UART_Receive_DMA
    freertos.o(i.StartDefaultTask) refers to cmsis_os.o(i.osDelay) for osDelay
    freertos.o(i.StartDefaultTask) refers to usart.o(.bss) for huart1
[...]
    .data                                    0x200000f8   Section        4  thread_usb_outevent_process.o(.data)
    .data                                    0x200000fc   Section        9  stm32f1xx_hal.o(.data)
    .data                                    0x20000108   Section        4  system_stm32f1xx.o(.data)
    .data                                    0x2000010c   Section       24  heap_4.o(.data)
    xStart                                   0x2000010c   Data           8  heap_4.o(.data)
    pxEnd                                    0x20000114   Data           4  heap_4.o(.data)
    xFreeBytesRemaining                      0x20000118   Data           4  heap_4.o(.data)
    xMinimumEverFreeBytesRemaining           0x2000011c   Data           4  heap_4.o(.data)
    xBlockAllocatedBit                       0x20000120   Data           4  heap_4.o(.data)
    .data                                    0x20000124   Section       12  port.o(.data)
    uxCriticalNesting                        0x20000124   Data           4  port.o(.data)
    ucMaxSysCallPriority                     0x20000128   Data           1  port.o(.data)
    ulMaxPRIGROUPValue                       0x2000012c   Data           4  port.o(.data)
    .data                                    0x20000130   Section       60  tasks.o(.data)
    pxDelayedTaskList                        0x20000134   Data           4  tasks.o(.data)
    pxOverflowDelayedTaskList                0x20000138   Data           4  tasks.o(.data)
    uxDeletedTasksWaitingCleanUp             0x2000013c   Data           4  tasks.o(.data)
    uxCurrentNumberOfTasks                   0x20000140   Data           4  tasks.o(.data)
    xTickCount                               0x20000144   Data           4  tasks.o(.data)
    uxTopReadyPriority                       0x20000148   Data           4  tasks.o(.data)
    xSchedulerRunning                        0x2000014c   Data           4  tasks.o(.data)
    uxPendedTicks                            0x20000150   Data           4  tasks.o(.data)
    xYieldPending                            0x20000154   Data           4  tasks.o(.data)
    xNumOfOverflows                          0x20000158   Data           4  tasks.o(.data)
    uxTaskNumber                             0x2000015c   Data           4  tasks.o(.data)
    xNextTaskUnblockTime                     0x20000160   Data           4  tasks.o(.data)
    xIdleTaskHandle                          0x20000164   Data           4  tasks.o(.data)
    uxSchedulerSuspended                     0x20000168   Data           4  tasks.o(.data)
    .data                                    0x2000016c   Section        1  usbd_ctlreq.o(.data)
    cfgidx                                   0x2000016c   Data           1  usbd_ctlreq.o(.data)
    .data                                    0x20000170   Section      150  usbd_customhid.o(.data)
    USBD_CUSTOM_HID_CfgDesc                  0x200001ac   Data          66  usbd_customhid.o(.data)
    USBD_CUSTOM_HID_Desc                     0x200001f0   Data           9  usbd_customhid.o(.data)
    USBD_CUSTOM_HID_DeviceQualifierDesc      0x200001fc   Data          10  usbd_customhid.o(.data)
    .bss                                     0x20000208   Section      200  usart.o(.bss)
    .bss                                     0x200002d0   Section      548  usb_device.o(.bss)
    .bss                                     0x200004f4   Section     1176  usbd_conf.o(.bss)
    mem                                      0x20000954   Data          56  usbd_conf.o(.bss)
    .bss                                     0x2000098c   Section      512  usbd_desc.o(.bss)
    .bss                                     0x20000b8c   Section       64  stm32f1xx_hal_timebase_tim.o(.bss)
    .bss                                     0x20000bcc   Section       22  thread_usbframe_process.o(.bss)
    .bss                                     0x20000be2   Section       64  thread_usb_outevent_process.o(.bss)
    .bss                                     0x20000c22   Section    10240  heap_4.o(.bss)
    ucHeap                                   0x20000c22   Data       10240  heap_4.o(.bss)
    .bss                                     0x20003424   Section      240  tasks.o(.bss)
    pxReadyTasksLists                        0x20003424   Data         140  tasks.o(.bss)
    xDelayedTaskList1                        0x200034b0   Data          20  tasks.o(.bss)
    xDelayedTaskList2                        0x200034c4   Data          20  tasks.o(.bss)
    xPendingReadyList                        0x200034d8   Data          20  tasks.o(.bss)
    xTasksWaitingTermination                 0x200034ec   Data          20  tasks.o(.bss)
    xSuspendedTaskList                       0x20003500   Data          20  tasks.o(.bss)
    STACK                                    0x20003518   Section     1024  startup_stm32f103xb.o(STACK)

    Global Symbols

    Symbol Name                              Value     Ov Type        Size  Object(Section)

    BuildAttributes$$THM_ISAv4$P$D$K$B$S$PE$A:L22UL41UL21$X:L11$S22US41US21$IEEE1$IW$USESV6$~STKCKD$USESV7$~SHL$OSPACE$ROPI$EBA8$MICROLIB$REQ8$PRES8$EABIv2 0x00000000   Number         0  anon$$obj.o ABSOLUTE
    __ARM_use_no_argv                        0x00000000   Number         0  main.o ABSOLUTE
    _printf_a                                0x00000000   Number         0  stubs.o ABSOLUTE
    _printf_c                                0x00000000   Number         0  stubs.o ABSOLUTE
    _printf_charcount                        0x00000000   Number         0  stubs.o ABSOLUTE
    _printf_d                                0x00000000   Number         0  stubs.o ABSOLUTE
    _printf_e                                0x00000000   Number         0  stubs.o ABSOLUTE
    _printf_f                                0x00000000   Number         0  stubs.o ABSOLUTE
    _printf_flags                            0x00000000   Number         0  stubs.o ABSOLUTE
    _printf_fp_dec                           0x00000000   Number         0  stubs.o ABSOLUTE
    _printf_fp_hex                           0x00000000   Number         0  stubs.o ABSOLUTE
    _printf_g                                0x00000000   Number         0  stubs.o ABSOLUTE
    _printf_i                                0x00000000   Number         0  stubs.o ABSOLUTE
    _printf_int_dec                          0x00000000   Number         0  stubs.o ABSOLUTE
    _printf_l                                0x00000000   Number         0  stubs.o ABSOLUTE
    _printf_lc                               0x00000000   Number         0  stubs.o ABSOLUTE
    _printf_ll                               0x00000000   Number         0  stubs.o ABSOLUTE
    _printf_lld                              0x00000000   Number         0  stubs.o ABSOLUTE
    _printf_lli                              0x00000000   Number         0  stubs.o ABSOLUTE
    _printf_llo                              0x00000000   Number         0  stubs.o ABSOLUTE
    _printf_llu                              0x00000000   Number         0  stubs.o ABSOLUTE
    _printf_llx                              0x00000000   Number         0  stubs.o ABSOLUTE
    _printf_longlong_dec                     0x00000000   Number         0  stubs.o ABSOLUTE
    _printf_longlong_hex                     0x00000000   Number         0  stubs.o ABSOLUTE
    _printf_longlong_oct                     0x00000000   Number         0  stubs.o ABSOLUTE
    _printf_ls                               0x00000000   Number         0  stubs.o ABSOLUTE
    _printf_mbtowc                           0x00000000   Number         0  stubs.o ABSOLUTE
    _printf_n                                0x00000000   Number         0  stubs.o ABSOLUTE
    _printf_o                                0x00000000   Number         0  stubs.o ABSOLUTE
    _printf_p                                0x00000000   Number         0  stubs.o ABSOLUTE
    _printf_percent                          0x00000000   Number         0  stubs.o ABSOLUTE
    _printf_pre_padding                      0x00000000   Number         0  stubs.o ABSOLUTE
    _printf_return_value                     0x00000000   Number         0  stubs.o ABSOLUTE
    _printf_s                                0x00000000   Number         0  stubs.o ABSOLUTE
    _printf_sizespec                         0x00000000   Number         0  stubs.o ABSOLUTE
    _printf_str                              0x00000000   Number         0  stubs.o ABSOLUTE
    _printf_truncate_signed                  0x00000000   Number         0  stubs.o ABSOLUTE
    _printf_truncate_unsigned                0x00000000   Number         0  stubs.o ABSOLUTE
    _printf_u                                0x00000000   Number         0  stubs.o ABSOLUTE
    _printf_wc                               0x00000000   Number         0  stubs.o ABSOLUTE
    _printf_wctomb                           0x00000000   Number         0  stubs.o ABSOLUTE
    _printf_widthprec                        0x00000000   Number         0  stubs.o ABSOLUTE
    _printf_x                                0x00000000   Number         0  stubs.o ABSOLUTE
    __cpp_initialize__aeabi_                  - Undefined Weak Reference
    __cxa_finalize                            - Undefined Weak Reference
    _clock_init                               - Undefined Weak Reference
    _microlib_exit                            - Undefined Weak Reference
    __Vectors_Size                           0x000000ec   Number         0  startup_stm32f103xb.o ABSOLUTE
    __Vectors                                0x08000000   Data           4  startup_stm32f103xb.o(RESET)
    __Vectors_End                            0x080000ec   Data           0  startup_stm32f103xb.o(RESET)
    __main                                   0x080000ed   Thumb Code     0  entry.o(.ARM.Collect$$$$00000000)
    _main_stk                                0x080000ed   Thumb Code     0  entry2.o(.ARM.Collect$$$$00000001)
    _main_scatterload                        0x080000f1   Thumb Code     0  entry5.o(.ARM.Collect$$$$00000004)
    __main_after_scatterload                 0x080000f5   Thumb Code     0  entry5.o(.ARM.Collect$$$$00000004)
    _main_clock                              0x080000f5   Thumb Code     0  entry7b.o(.ARM.Collect$$$$00000008)
    _main_cpp_init                           0x080000f5   Thumb Code     0  entry8b.o(.ARM.Collect$$$$0000000A)
    _main_init                               0x080000f5   Thumb Code     0  entry9a.o(.ARM.Collect$$$$0000000B)
    __rt_final_cpp                           0x080000fd   Thumb Code     0  entry10a.o(.ARM.Collect$$$$0000000D)
    __rt_final_exit                          0x080000fd   Thumb Code     0  entry11a.o(.ARM.Collect$$$$0000000F)
    SVC_Handler                              0x08000101   Thumb Code    32  port.o(.emb_text)
    __asm___6_port_c_39a90d8d__prvStartFirstTask 0x08000125   Thumb Code    28  port.o(.emb_text)
    PendSV_Handler                           0x08000145   Thumb Code    72  port.o(.emb_text)
    vPortGetIPSR                             0x08000191   Thumb Code     6  port.o(.emb_text)
    Reset_Handler                            0x08000199   Thumb Code     8  startup_stm32f103xb.o(.text)
    ADC1_2_IRQHandler                        0x080001b3   Thumb Code     0  startup_stm32f103xb.o(.text)
    CAN1_RX1_IRQHandler                      0x080001b3   Thumb Code     0  startup_stm32f103xb.o(.text)
    CAN1_SCE_IRQHandler                      0x080001b3   Thumb Code     0  startup_stm32f103xb.o(.text)
    DMA1_Channel1_IRQHandler                 0x080001b3   Thumb Code     0  startup_stm32f103xb.o(.text)
    DMA1_Channel2_IRQHandler                 0x080001b3   Thumb Code     0  startup_stm32f103xb.o(.text)
    DMA1_Channel3_IRQHandler                 0x080001b3   Thumb Code     0  startup_stm32f103xb.o(.text)
    DMA1_Channel4_IRQHandler                 0x080001b3   Thumb Code     0  startup_stm32f103xb.o(.text)
    DMA1_Channel6_IRQHandler                 0x080001b3   Thumb Code     0  startup_stm32f103xb.o(.text)
    DMA1_Channel7_IRQHandler                 0x080001b3   Thumb Code     0  startup_stm32f103xb.o(.text)
    EXTI0_IRQHandler                         0x080001b3   Thumb Code     0  startup_stm32f103xb.o(.text)
    EXTI15_10_IRQHandler                     0x080001b3   Thumb Code     0  startup_stm32f103xb.o(.text)
    EXTI1_IRQHandler                         0x080001b3   Thumb Code     0  startup_stm32f103xb.o(.text)
    EXTI2_IRQHandler                         0x080001b3   Thumb Code     0  startup_stm32f103xb.o(.text)
    EXTI3_IRQHandler                         0x080001b3   Thumb Code     0  startup_stm32f103xb.o(.text)
    EXTI4_IRQHandler                         0x080001b3   Thumb Code     0  startup_stm32f103xb.o(.text)
    EXTI9_5_IRQHandler                       0x080001b3   Thumb Code     0  startup_stm32f103xb.o(.text)
    FLASH_IRQHandler                         0x080001b3   Thumb Code     0  startup_stm32f103xb.o(.text)
    I2C1_ER_IRQHandler                       0x080001b3   Thumb Code     0  startup_stm32f103xb.o(.text)
    I2C1_EV_IRQHandler                       0x080001b3   Thumb Code     0  startup_stm32f103xb.o(.text)
    I2C2_ER_IRQHandler                       0x080001b3   Thumb Code     0  startup_stm32f103xb.o(.text)
    I2C2_EV_IRQHandler                       0x080001b3   Thumb Code     0  startup_stm32f103xb.o(.text)
    PVD_IRQHandler                           0x080001b3   Thumb Code     0  startup_stm32f103xb.o(.text)
    RCC_IRQHandler                           0x080001b3   Thumb Code     0  startup_stm32f103xb.o(.text)
    RTC_Alarm_IRQHandler                     0x080001b3   Thumb Code     0  startup_stm32f103xb.o(.text)
    RTC_IRQHandler                           0x080001b3   Thumb Code     0  startup_stm32f103xb.o(.text)
    SPI1_IRQHandler                          0x080001b3   Thumb Code     0  startup_stm32f103xb.o(.text)
    SPI2_IRQHandler                          0x080001b3   Thumb Code     0  startup_stm32f103xb.o(.text)
    TAMPER_IRQHandler                        0x080001b3   Thumb Code     0  startup_stm32f103xb.o(.text)
    TIM1_BRK_IRQHandler                      0x080001b3   Thumb Code     0  startup_stm32f103xb.o(.text)
    TIM1_CC_IRQHandler                       0x080001b3   Thumb Code     0  startup_stm32f103xb.o(.text)
    TIM1_TRG_COM_IRQHandler                  0x080001b3   Thumb Code     0  startup_stm32f103xb.o(.text)
    TIM1_UP_IRQHandler                       0x080001b3   Thumb Code     0  startup_stm32f103xb.o(.text)
    TIM2_IRQHandler                          0x080001b3   Thumb Code     0  startup_stm32f103xb.o(.text)
    TIM3_IRQHandler                          0x080001b3   Thumb Code     0  startup_stm32f103xb.o(.text)
    USART2_IRQHandler                        0x080001b3   Thumb Code     0  startup_stm32f103xb.o(.text)
    USART3_IRQHandler                        0x080001b3   Thumb Code     0  startup_stm32f103xb.o(.text)
    USBWakeUp_IRQHandler                     0x080001b3   Thumb Code     0  startup_stm32f103xb.o(.text)
    USB_HP_CAN1_TX_IRQHandler                0x080001b3   Thumb Code     0  startup_stm32f103xb.o(.text)
    WWDG_IRQHandler                          0x080001b3   Thumb Code     0  startup_stm32f103xb.o(.text)
    __aeabi_llsr                             0x080001bd   Thumb Code    32  llushr.o(.text)
    _ll_ushift_r                             0x080001bd   Thumb Code     0  llushr.o(.text)
    __aeabi_memcpy                           0x080001dd   Thumb Code    36  memcpya.o(.text)
    __aeabi_memcpy4                          0x080001dd   Thumb Code     0  memcpya.o(.text)
    __aeabi_memcpy8                          0x080001dd   Thumb Code     0  memcpya.o(.text)
    __aeabi_dadd                             0x08000201   Thumb Code   322  dadd.o(.text)
    __aeabi_dsub                             0x08000343   Thumb Code     6  dadd.o(.text)
    __aeabi_drsub                            0x08000349   Thumb Code     6  dadd.o(.text)
    __aeabi_dmul                             0x0800034f   Thumb Code   228  dmul.o(.text)
    __aeabi_ddiv                             0x08000433   Thumb Code   222  ddiv.o(.text)
    __aeabi_i2d                              0x08000511   Thumb Code    34  dflti.o(.text)
    __aeabi_d2iz                             0x08000533   Thumb Code    62  dfixi.o(.text)
    __aeabi_uidiv                            0x08000571   Thumb Code     0  uidiv.o(.text)
    __aeabi_uidivmod                         0x08000571   Thumb Code    44  uidiv.o(.text)
    __aeabi_uldivmod                         0x0800059d   Thumb Code    98  uldiv.o(.text)
    __aeabi_llsl                             0x080005ff   Thumb Code    30  llshl.o(.text)
    _ll_shift_l                              0x080005ff   Thumb Code     0  llshl.o(.text)
    __aeabi_lasr                             0x0800061d   Thumb Code    36  llsshr.o(.text)
    _ll_sshift_r                             0x0800061d   Thumb Code     0  llsshr.o(.text)
    __I$use$fp                               0x08000641   Thumb Code     0  iusefp.o(.text)
    _double_round                            0x08000641   Thumb Code    30  depilogue.o(.text)
    _double_epilogue                         0x0800065f   Thumb Code   156  depilogue.o(.text)
    __aeabi_d2ulz                            0x080006fb   Thumb Code    48  dfixul.o(.text)
    __aeabi_cdrcmple                         0x0800072d   Thumb Code    48  cdrcmple.o(.text)
    __scatterload                            0x0800075d   Thumb Code    28  init.o(.text)
    __scatterload_rt2                        0x0800075d   Thumb Code     0  init.o(.text)
    __decompress                             0x08000781   Thumb Code     0  __dczerorl2.o(.text)
    __decompress1                            0x08000781   Thumb Code    86  __dczerorl2.o(.text)
    BLE_Reset                                0x080007d9   Thumb Code    38  gpio.o(i.BLE_Reset)
    BusFault_Handler                         0x08000805   Thumb Code     4  stm32f1xx_it.o(i.BusFault_Handler)
    DMA1_Channel5_IRQHandler                 0x08000835   Thumb Code    10  stm32f1xx_it.o(i.DMA1_Channel5_IRQHandler)
    DebugMon_Handler                         0x08000871   Thumb Code     2  stm32f1xx_it.o(i.DebugMon_Handler)
    HAL_DMA_Abort                            0x08000873   Thumb Code    58  stm32f1xx_hal_dma.o(i.HAL_DMA_Abort)
    HAL_DMA_Abort_IT                         0x080008ad   Thumb Code   172  stm32f1xx_hal_dma.o(i.HAL_DMA_Abort_IT)
    HAL_DMA_IRQHandler                       0x0800095d   Thumb Code   408  stm32f1xx_hal_dma.o(i.HAL_DMA_IRQHandler)
    HAL_DMA_Init                             0x08000af9   Thumb Code   108  stm32f1xx_hal_dma.o(i.HAL_DMA_Init)
    HAL_DMA_Start_IT                         0x08000b69   Thumb Code   156  stm32f1xx_hal_dma.o(i.HAL_DMA_Start_IT)
    HAL_Delay                                0x08000c05   Thumb Code    36  stm32f1xx_hal.o(i.HAL_Delay)
    HAL_GPIO_Init                            0x08000c2d   Thumb Code   764  stm32f1xx_hal_gpio.o(i.HAL_GPIO_Init)
    HAL_GPIO_ReadPin                         0x08000f49   Thumb Code    16  stm32f1xx_hal_gpio.o(i.HAL_GPIO_ReadPin)
    HAL_GPIO_TogglePin                       0x08000f59   Thumb Code     8  stm32f1xx_hal_gpio.o(i.HAL_GPIO_TogglePin)
    HAL_GPIO_WritePin                        0x08000f61   Thumb Code    12  stm32f1xx_hal_gpio.o(i.HAL_GPIO_WritePin)
    HAL_GetTick                              0x08000f6d   Thumb Code     6  stm32f1xx_hal.o(i.HAL_GetTick)
    HAL_IncTick                              0x08000f79   Thumb Code    16  stm32f1xx_hal.o(i.HAL_IncTick)
    HAL_Init                                 0x08000f91   Thumb Code    34  stm32f1xx_hal.o(i.HAL_Init)
    HAL_InitTick                             0x08000fb9   Thumb Code   118  stm32f1xx_hal_timebase_tim.o(i.HAL_InitTick)
    HAL_MspInit                              0x08001041   Thumb Code   158  stm32f1xx_hal_msp.o(i.HAL_MspInit)
    HAL_NVIC_EnableIRQ                       0x080010e9   Thumb Code    26  stm32f1xx_hal_cortex.o(i.HAL_NVIC_EnableIRQ)
    HAL_NVIC_SetPriority                     0x08001103   Thumb Code   124  stm32f1xx_hal_cortex.o(i.HAL_NVIC_SetPriority)
    HAL_NVIC_SetPriorityGrouping             0x08001181   Thumb Code    32  stm32f1xx_hal_cortex.o(i.HAL_NVIC_SetPriorityGrouping)
    HAL_PCDEx_PMAConfig                      0x080011a9   Thumb Code    62  stm32f1xx_hal_pcd_ex.o(i.HAL_PCDEx_PMAConfig)
    HAL_PCDEx_SetConnectionState             0x080011e7   Thumb Code     2  usbd_conf.o(i.HAL_PCDEx_SetConnectionState)
    HAL_PCD_DataInStageCallback              0x080011e9   Thumb Code    28  usbd_conf.o(i.HAL_PCD_DataInStageCallback)
    HAL_PCD_DataOutStageCallback             0x08001205   Thumb Code    28  usbd_conf.o(i.HAL_PCD_DataOutStageCallback)
    HAL_PCD_EP_Close                         0x08001221   Thumb Code   100  stm32f1xx_hal_pcd.o(i.HAL_PCD_EP_Close)
    HAL_PCD_EP_ClrStall                      0x08001285   Thumb Code    98  stm32f1xx_hal_pcd.o(i.HAL_PCD_EP_ClrStall)
    HAL_PCD_EP_Open                          0x080012e7   Thumb Code   118  stm32f1xx_hal_pcd.o(i.HAL_PCD_EP_Open)
    HAL_PCD_EP_Receive                       0x0800135d   Thumb Code    74  stm32f1xx_hal_pcd.o(i.HAL_PCD_EP_Receive)
    HAL_PCD_EP_SetStall                      0x080013a7   Thumb Code   114  stm32f1xx_hal_pcd.o(i.HAL_PCD_EP_SetStall)
    HAL_PCD_EP_Transmit                      0x08001419   Thumb Code    76  stm32f1xx_hal_pcd.o(i.HAL_PCD_EP_Transmit)
    HAL_PCD_IRQHandler                       0x08001465   Thumb Code   360  stm32f1xx_hal_pcd.o(i.HAL_PCD_IRQHandler)
    HAL_PCD_Init                             0x080015cd   Thumb Code   282  stm32f1xx_hal_pcd.o(i.HAL_PCD_Init)
    HAL_PCD_MspInit                          0x080016e9   Thumb Code    58  usbd_conf.o(i.HAL_PCD_MspInit)
    HAL_PCD_ResetCallback                    0x0800172d   Thumb Code    42  usbd_conf.o(i.HAL_PCD_ResetCallback)
    HAL_PCD_ResumeCallback                   0x08001757   Thumb Code    14  usbd_conf.o(i.HAL_PCD_ResumeCallback)
    HAL_PCD_SOFCallback                      0x08001765   Thumb Code    14  usbd_conf.o(i.HAL_PCD_SOFCallback)
    HAL_PCD_SetAddress                       0x08001773   Thumb Code    54  stm32f1xx_hal_pcd.o(i.HAL_PCD_SetAddress)
    HAL_PCD_SetupStageCallback               0x080017a9   Thumb Code    18  usbd_conf.o(i.HAL_PCD_SetupStageCallback)
    HAL_PCD_Start                            0x080017bb   Thumb Code    60  stm32f1xx_hal_pcd.o(i.HAL_PCD_Start)
    HAL_PCD_SuspendCallback                  0x080017f9   Thumb Code    30  usbd_conf.o(i.HAL_PCD_SuspendCallback)
    HAL_RCCEx_PeriphCLKConfig                0x0800181d   Thumb Code   290  stm32f1xx_hal_rcc_ex.o(i.HAL_RCCEx_PeriphCLKConfig)
    HAL_RCC_ClockConfig                      0x0800194d   Thumb Code   402  stm32f1xx_hal_rcc.o(i.HAL_RCC_ClockConfig)
    HAL_RCC_GetClockConfig                   0x08001af1   Thumb Code    58  stm32f1xx_hal_rcc.o(i.HAL_RCC_GetClockConfig)
    HAL_RCC_GetHCLKFreq                      0x08001b35   Thumb Code     6  stm32f1xx_hal_rcc.o(i.HAL_RCC_GetHCLKFreq)
    HAL_RCC_GetPCLK1Freq                     0x08001b41   Thumb Code    22  stm32f1xx_hal_rcc.o(i.HAL_RCC_GetPCLK1Freq)
    HAL_RCC_GetPCLK2Freq                     0x08001b61   Thumb Code    22  stm32f1xx_hal_rcc.o(i.HAL_RCC_GetPCLK2Freq)
    HAL_RCC_GetSysClockFreq                  0x08001b81   Thumb Code   116  stm32f1xx_hal_rcc.o(i.HAL_RCC_GetSysClockFreq)
    HAL_RCC_OscConfig                        0x08001c15   Thumb Code  1078  stm32f1xx_hal_rcc.o(i.HAL_RCC_OscConfig)
    HAL_SYSTICK_CLKSourceConfig              0x08002055   Thumb Code    40  stm32f1xx_hal_cortex.o(i.HAL_SYSTICK_CLKSourceConfig)
    HAL_SYSTICK_Config                       0x0800207d   Thumb Code    52  stm32f1xx_hal_cortex.o(i.HAL_SYSTICK_Config)
    HAL_TIMEx_BreakCallback                  0x080020b1   Thumb Code     2  stm32f1xx_hal_tim_ex.o(i.HAL_TIMEx_BreakCallback)
    HAL_TIMEx_CommutationCallback            0x080020b3   Thumb Code     2  stm32f1xx_hal_tim_ex.o(i.HAL_TIMEx_CommutationCallback)
    HAL_TIM_Base_Init                        0x080020b5   Thumb Code    52  stm32f1xx_hal_tim.o(i.HAL_TIM_Base_Init)
    HAL_TIM_Base_MspInit                     0x080020e9   Thumb Code     2  stm32f1xx_hal_tim.o(i.HAL_TIM_Base_MspInit)
    HAL_TIM_Base_Start_IT                    0x080020eb   Thumb Code    30  stm32f1xx_hal_tim.o(i.HAL_TIM_Base_Start_IT)
    HAL_TIM_IC_CaptureCallback               0x08002109   Thumb Code     2  stm32f1xx_hal_tim.o(i.HAL_TIM_IC_CaptureCallback)
    HAL_TIM_IRQHandler                       0x0800210b   Thumb Code   406  stm32f1xx_hal_tim.o(i.HAL_TIM_IRQHandler)
    HAL_TIM_OC_DelayElapsedCallback          0x080022a1   Thumb Code     2  stm32f1xx_hal_tim.o(i.HAL_TIM_OC_DelayElapsedCallback)
    HAL_TIM_PWM_PulseFinishedCallback        0x080022a3   Thumb Code     2  stm32f1xx_hal_tim.o(i.HAL_TIM_PWM_PulseFinishedCallback)
    HAL_TIM_PeriodElapsedCallback            0x080022a5   Thumb Code    18  main.o(i.HAL_TIM_PeriodElapsedCallback)
    HAL_TIM_TriggerCallback                  0x080022bd   Thumb Code     2  stm32f1xx_hal_tim.o(i.HAL_TIM_TriggerCallback)
    HAL_UART_DMAStop                         0x080022bf   Thumb Code   102  stm32f1xx_hal_uart.o(i.HAL_UART_DMAStop)
    HAL_UART_ErrorCallback                   0x08002325   Thumb Code     2  stm32f1xx_hal_uart.o(i.HAL_UART_ErrorCallback)
    HAL_UART_IRQHandler                      0x08002329   Thumb Code   326  stm32f1xx_hal_uart.o(i.HAL_UART_IRQHandler)
    HAL_UART_Init                            0x08002475   Thumb Code   114  stm32f1xx_hal_uart.o(i.HAL_UART_Init)
    HAL_UART_MspInit                         0x080024e9   Thumb Code   156  usart.o(i.HAL_UART_MspInit)
    HAL_UART_Receive_DMA                     0x080025a9   Thumb Code   182  stm32f1xx_hal_uart.o(i.HAL_UART_Receive_DMA)
    HAL_UART_RxCpltCallback                  0x0800266d   Thumb Code     2  usart.o(i.HAL_UART_RxCpltCallback)
    HAL_UART_RxHalfCpltCallback              0x0800266f   Thumb Code     2  stm32f1xx_hal_uart.o(i.HAL_UART_RxHalfCpltCallback)
    HAL_UART_Transmit                        0x08002671   Thumb Code   214  stm32f1xx_hal_uart.o(i.HAL_UART_Transmit)
    HAL_UART_TxCpltCallback                  0x08002747   Thumb Code     2  stm32f1xx_hal_uart.o(i.HAL_UART_TxCpltCallback)
    HardFault_Handler                        0x08002749   Thumb Code     4  stm32f1xx_it.o(i.HardFault_Handler)
    MX_DMA_Init                              0x0800274d   Thumb Code    48  dma.o(i.MX_DMA_Init)
    MX_FREERTOS_Init                         0x08002781   Thumb Code    66  freertos.o(i.MX_FREERTOS_Init)
    MX_GPIO_Init                             0x080027d1   Thumb Code   180  gpio.o(i.MX_GPIO_Init)
    MX_USART1_UART_Init                      0x0800288d   Thumb Code    50  usart.o(i.MX_USART1_UART_Init)
    MX_USB_DEVICE_Init                       0x080028d9   Thumb Code    36  usb_device.o(i.MX_USB_DEVICE_Init)
    MemManage_Handler                        0x0800290d   Thumb Code     4  stm32f1xx_it.o(i.MemManage_Handler)
    NMI_Handler                              0x08002911   Thumb Code     2  stm32f1xx_it.o(i.NMI_Handler)
    SerialDatagramEvtAlloc                   0x08002db9   Thumb Code    32  thread_ble_transfer.o(i.SerialDatagramEvtAlloc)
    SerialDatagramEvtSend                    0x08002ddd   Thumb Code    26  thread_ble_transfer.o(i.SerialDatagramEvtSend)
    StartDefaultTask                         0x08002dfd   Thumb Code    70  freertos.o(i.StartDefaultTask)
    StartTask02                              0x08002e4d   Thumb Code   178  freertos.o(i.StartTask02)
    SysTick_Handler                          0x08002f11   Thumb Code     8  stm32f1xx_it.o(i.SysTick_Handler)
    SystemClock_Config                       0x08002f19   Thumb Code   152  main.o(i.SystemClock_Config)
    SystemInit                               0x08002fc1   Thumb Code    70  system_stm32f1xx.o(i.SystemInit)
    TIM4_IRQHandler                          0x08003019   Thumb Code    10  stm32f1xx_it.o(i.TIM4_IRQHandler)
    TIM_Base_SetConfig                       0x08003029   Thumb Code   102  stm32f1xx_hal_tim.o(i.TIM_Base_SetConfig)
    USART1_IDLE_IRQHandler                   0x080034ed   Thumb Code   110  usart.o(i.USART1_IDLE_IRQHandler)
    USART1_IRQHandler                        0x08003561   Thumb Code    16  stm32f1xx_it.o(i.USART1_IRQHandler)
    USBD_CUSTOM_HID_RegisterInterface        0x08003683   Thumb Code    14  usbd_customhid.o(i.USBD_CUSTOM_HID_RegisterInterface)
    USBD_CUSTOM_HID_SendReport               0x08003691   Thumb Code    74  usbd_customhid.o(i.USBD_CUSTOM_HID_SendReport)
    USBD_ClrClassConfig                      0x080037f9   Thumb Code    22  usbd_core.o(i.USBD_ClrClassConfig)
    USBD_CtlContinueRx                       0x08003853   Thumb Code    24  usbd_ioreq.o(i.USBD_CtlContinueRx)
    USBD_CtlContinueSendData                 0x0800386b   Thumb Code    24  usbd_ioreq.o(i.USBD_CtlContinueSendData)
    USBD_CtlError                            0x08003883   Thumb Code    24  usbd_ctlreq.o(i.USBD_CtlError)
    USBD_CtlPrepareRx                        0x0800389b   Thumb Code    40  usbd_ioreq.o(i.USBD_CtlPrepareRx)
    USBD_CtlReceiveStatus                    0x080038c3   Thumb Code    26  usbd_ioreq.o(i.USBD_CtlReceiveStatus)
    USBD_CtlSendData                         0x080038dd   Thumb Code    34  usbd_ioreq.o(i.USBD_CtlSendData)
    USBD_CtlSendStatus                       0x080038ff   Thumb Code    26  usbd_ioreq.o(i.USBD_CtlSendStatus)
    USBD_FS_ConfigStrDescriptor              0x08003919   Thumb Code    34  usbd_desc.o(i.USBD_FS_ConfigStrDescriptor)
    USBD_FS_DeviceDescriptor                 0x08003955   Thumb Code    10  usbd_desc.o(i.USBD_FS_DeviceDescriptor)
    USBD_FS_InterfaceStrDescriptor           0x08003965   Thumb Code    34  usbd_desc.o(i.USBD_FS_InterfaceStrDescriptor)
    USBD_FS_LangIDStrDescriptor              0x080039a5   Thumb Code    10  usbd_desc.o(i.USBD_FS_LangIDStrDescriptor)
    USBD_FS_ManufacturerStrDescriptor        0x080039b5   Thumb Code    20  usbd_desc.o(i.USBD_FS_ManufacturerStrDescriptor)
    USBD_FS_ProductStrDescriptor             0x080039e1   Thumb Code    34  usbd_desc.o(i.USBD_FS_ProductStrDescriptor)
    USBD_FS_SerialStrDescriptor              0x08003a15   Thumb Code    34  usbd_desc.o(i.USBD_FS_SerialStrDescriptor)
    USBD_GetString                           0x08003c45   Thumb Code    82  usbd_ctlreq.o(i.USBD_GetString)
    USBD_Init                                0x08003c97   Thumb Code    50  usbd_core.o(i.USBD_Init)
    USBD_LL_ClearStallEP                     0x08003cc9   Thumb Code    68  usbd_conf.o(i.USBD_LL_ClearStallEP)
    USBD_LL_CloseEP                          0x08003d0d   Thumb Code    68  usbd_conf.o(i.USBD_LL_CloseEP)
    USBD_LL_DataInStage                      0x08003d51   Thumb Code   218  usbd_core.o(i.USBD_LL_DataInStage)
    USBD_LL_DataOutStage                     0x08003e2b   Thumb Code   134  usbd_core.o(i.USBD_LL_DataOutStage)
    USBD_LL_Init                             0x08003eb1   Thumb Code   116  usbd_conf.o(i.USBD_LL_Init)
    USBD_LL_IsStallEP                        0x08003f41   Thumb Code    48  usbd_conf.o(i.USBD_LL_IsStallEP)
    USBD_LL_OpenEP                           0x08003f71   Thumb Code    98  usbd_conf.o(i.USBD_LL_OpenEP)
    USBD_LL_PrepareReceive                   0x08003fd3   Thumb Code    98  usbd_conf.o(i.USBD_LL_PrepareReceive)
    USBD_LL_Reset                            0x08004035   Thumb Code    68  usbd_core.o(i.USBD_LL_Reset)
    USBD_LL_Resume                           0x08004079   Thumb Code    14  usbd_core.o(i.USBD_LL_Resume)
    USBD_LL_SOF                              0x08004087   Thumb Code    34  usbd_core.o(i.USBD_LL_SOF)
    USBD_LL_SetSpeed                         0x080040a9   Thumb Code     8  usbd_core.o(i.USBD_LL_SetSpeed)
    USBD_LL_SetUSBAddress                    0x080040b1   Thumb Code    68  usbd_conf.o(i.USBD_LL_SetUSBAddress)
    USBD_LL_SetupStage                       0x080040f5   Thumb Code   110  usbd_core.o(i.USBD_LL_SetupStage)
    USBD_LL_StallEP                          0x08004163   Thumb Code    68  usbd_conf.o(i.USBD_LL_StallEP)
    USBD_LL_Start                            0x080041a7   Thumb Code    60  usbd_conf.o(i.USBD_LL_Start)
    USBD_LL_Suspend                          0x080041e3   Thumb Code    20  usbd_core.o(i.USBD_LL_Suspend)
    USBD_LL_Transmit                         0x080041f7   Thumb Code    98  usbd_conf.o(i.USBD_LL_Transmit)
    USBD_ParseSetupRequest                   0x08004259   Thumb Code    40  usbd_ctlreq.o(i.USBD_ParseSetupRequest)
    USBD_RegisterClass                       0x08004281   Thumb Code    16  usbd_core.o(i.USBD_RegisterClass)
    USBD_RunTestMode                         0x08004291   Thumb Code     6  usbd_core.o(i.USBD_RunTestMode)
    USBD_SetClassConfig                      0x080042eb   Thumb Code    34  usbd_core.o(i.USBD_SetClassConfig)
    USBD_Start                               0x08004411   Thumb Code    14  usbd_core.o(i.USBD_Start)
    USBD_StdDevReq                           0x0800441f   Thumb Code   114  usbd_ctlreq.o(i.USBD_StdDevReq)
    USBD_StdEPReq                            0x08004491   Thumb Code   342  usbd_ctlreq.o(i.USBD_StdEPReq)
    USBD_StdItfReq                           0x080045e7   Thumb Code    74  usbd_ctlreq.o(i.USBD_StdItfReq)
    USBD_static_free                         0x08004631   Thumb Code     2  usbd_conf.o(i.USBD_static_free)
    USBD_static_malloc                       0x08004635   Thumb Code     6  usbd_conf.o(i.USBD_static_malloc)
    USB_ActivateEndpoint                     0x08004641   Thumb Code   938  stm32f1xx_ll_usb.o(i.USB_ActivateEndpoint)
    USB_CoreInit                             0x080049eb   Thumb Code     8  stm32f1xx_ll_usb.o(i.USB_CoreInit)
    USB_DeactivateEndpoint                   0x080049f3   Thumb Code   532  stm32f1xx_ll_usb.o(i.USB_DeactivateEndpoint)
    USB_DevConnect                           0x08004c07   Thumb Code     6  stm32f1xx_ll_usb.o(i.USB_DevConnect)
    USB_DevDisconnect                        0x08004c0d   Thumb Code     6  stm32f1xx_ll_usb.o(i.USB_DevDisconnect)
    USB_DevInit                              0x08004c13   Thumb Code    30  stm32f1xx_ll_usb.o(i.USB_DevInit)
    USB_DisableGlobalInt                     0x08004c31   Thumb Code    22  stm32f1xx_ll_usb.o(i.USB_DisableGlobalInt)
    USB_EP0_OutStart                         0x08004c47   Thumb Code     6  stm32f1xx_ll_usb.o(i.USB_EP0_OutStart)
    USB_EPClearStall                         0x08004c4d   Thumb Code   180  stm32f1xx_ll_usb.o(i.USB_EPClearStall)
    USB_EPSetStall                           0x08004d01   Thumb Code   134  stm32f1xx_ll_usb.o(i.USB_EPSetStall)
    USB_EPStartXfer                          0x08004d87   Thumb Code   818  stm32f1xx_ll_usb.o(i.USB_EPStartXfer)
    USB_EnableGlobalInt                      0x080050b9   Thumb Code    22  stm32f1xx_ll_usb.o(i.USB_EnableGlobalInt)
    USB_LP_CAN1_RX0_IRQHandler               0x080050d1   Thumb Code    10  stm32f1xx_it.o(i.USB_LP_CAN1_RX0_IRQHandler)
    USB_ReadInterrupts                       0x080050e1   Thumb Code    10  stm32f1xx_ll_usb.o(i.USB_ReadInterrupts)
    USB_ReadPMA                              0x080050eb   Thumb Code    40  stm32f1xx_ll_usb.o(i.USB_ReadPMA)
    USB_SetCurrentMode                       0x08005113   Thumb Code     6  stm32f1xx_ll_usb.o(i.USB_SetCurrentMode)
    USB_SetDevAddress                        0x08005119   Thumb Code    14  stm32f1xx_ll_usb.o(i.USB_SetDevAddress)
    USB_WritePMA                             0x08005127   Thumb Code    66  stm32f1xx_ll_usb.o(i.USB_WritePMA)
    UsageFault_Handler                       0x08005169   Thumb Code     4  stm32f1xx_it.o(i.UsageFault_Handler)
    _Error_Handler                           0x0800516d   Thumb Code     4  main.o(i._Error_Handler)
    __0sprintf                               0x08005171   Thumb Code    34  printfa.o(i.__0sprintf)
    __1sprintf                               0x08005171   Thumb Code     0  printfa.o(i.__0sprintf)
    __2sprintf                               0x08005171   Thumb Code     0  printfa.o(i.__0sprintf)
    __c89sprintf                             0x08005171   Thumb Code     0  printfa.o(i.__0sprintf)
    sprintf                                  0x08005171   Thumb Code     0  printfa.o(i.__0sprintf)
    __scatterload_copy                       0x08005199   Thumb Code    14  handlers.o(i.__scatterload_copy)
    __scatterload_null                       0x080051a7   Thumb Code     2  handlers.o(i.__scatterload_null)
    __scatterload_zeroinit                   0x080051a9   Thumb Code    14  handlers.o(i.__scatterload_zeroinit)
    init_thread_ble_transfer                 0x08005a85   Thumb Code    80  thread_ble_transfer.o(i.init_thread_ble_transfer)
    init_thread_frame_send                   0x08005ae5   Thumb Code    30  thread_frame_send.o(i.init_thread_frame_send)
    init_thread_usbframe_process             0x08005b0d   Thumb Code    56  thread_usbframe_process.o(i.init_thread_usbframe_process)
    main                                     0x08005b51   Thumb Code    44  main.o(i.main)
    osDelay                                  0x08005b8b   Thumb Code    24  cmsis_os.o(i.osDelay)
    osKernelStart                            0x08005ba3   Thumb Code    10  cmsis_os.o(i.osKernelStart)
    osMailAlloc                              0x08005bad   Thumb Code    24  cmsis_os.o(i.osMailAlloc)
    osMailCreate                             0x08005bc5   Thumb Code   122  cmsis_os.o(i.osMailCreate)
    osMailFree                               0x08005c3f   Thumb Code    22  cmsis_os.o(i.osMailFree)
    osMailGet                                0x08005c55   Thumb Code   148  cmsis_os.o(i.osMailGet)
    osMailPut                                0x08005ced   Thumb Code    90  cmsis_os.o(i.osMailPut)
    osPoolAlloc                              0x08005d4d   Thumb Code   122  cmsis_os.o(i.osPoolAlloc)
    osPoolCreate                             0x08005dc7   Thumb Code   112  cmsis_os.o(i.osPoolCreate)
    osPoolFree                               0x08005e37   Thumb Code    74  cmsis_os.o(i.osPoolFree)
    osSignalSet                              0x08005e81   Thumb Code    92  cmsis_os.o(i.osSignalSet)
    osSystickHandler                         0x08005ee1   Thumb Code    16  cmsis_os.o(i.osSystickHandler)
    osThreadCreate                           0x08005ef1   Thumb Code    48  cmsis_os.o(i.osThreadCreate)
    pvPortMalloc                             0x080064f9   Thumb Code   296  heap_4.o(i.pvPortMalloc)
    pvTaskIncrementMutexHeldCount            0x08006635   Thumb Code    26  tasks.o(i.pvTaskIncrementMutexHeldCount)
    pxPortInitialiseStack                    0x08006655   Thumb Code    30  port.o(i.pxPortInitialiseStack)
    received_dataframe_process               0x08006679   Thumb Code   404  thread_usbframe_process.o(i.received_dataframe_process)
    thread_ble_transfer                      0x08006821   Thumb Code    54  thread_ble_transfer.o(i.thread_ble_transfer)
    thread_frame_send                        0x08006861   Thumb Code   102  thread_frame_send.o(i.thread_frame_send)
    thread_setup_data_frame_tx               0x080068d1   Thumb Code    62  thread_ble_transfer.o(i.thread_setup_data_frame_tx)
    thread_usbframe_process                  0x08006915   Thumb Code    80  thread_usbframe_process.o(i.thread_usbframe_process)
    update_glove_angle                       0x08006969   Thumb Code    94  thread_usbframe_process.o(i.update_glove_angle)
    usb_dataframe_alloc                      0x080069e5   Thumb Code    32  thread_usbframe_process.o(i.usb_dataframe_alloc)
    usb_dataframe_send                       0x08006a09   Thumb Code    20  thread_usbframe_process.o(i.usb_dataframe_send)
    uxListRemove                             0x08006a21   Thumb Code    40  list.o(i.uxListRemove)
    vListInitialise                          0x08006a49   Thumb Code    26  list.o(i.vListInitialise)
    vListInitialiseItem                      0x08006a63   Thumb Code     6  list.o(i.vListInitialiseItem)
    vListInsert                              0x08006a69   Thumb Code    52  list.o(i.vListInsert)
    vListInsertEnd                           0x08006a9d   Thumb Code    24  list.o(i.vListInsertEnd)
    vPortEnterCritical                       0x08006ab5   Thumb Code    76  port.o(i.vPortEnterCritical)
    vPortExitCritical                        0x08006b09   Thumb Code    56  port.o(i.vPortExitCritical)
    vPortFree                                0x08006b45   Thumb Code   140  heap_4.o(i.vPortFree)
    vPortSetupTimerInterrupt                 0x08006bd9   Thumb Code    26  port.o(i.vPortSetupTimerInterrupt)
    vPortValidateInterruptPriority           0x08006bf9   Thumb Code   106  port.o(i.vPortValidateInterruptPriority)
    vTaskDelay                               0x08006c71   Thumb Code    82  tasks.o(i.vTaskDelay)
    vTaskMissedYield                         0x08006ccd   Thumb Code     8  tasks.o(i.vTaskMissedYield)
    vTaskPlaceOnEventList                    0x08006cd9   Thumb Code    52  tasks.o(i.vTaskPlaceOnEventList)
    vTaskPriorityInherit                     0x08006d11   Thumb Code   164  tasks.o(i.vTaskPriorityInherit)
    vTaskSetTimeOutState                     0x08006dc1   Thumb Code    38  tasks.o(i.vTaskSetTimeOutState)
    vTaskStartScheduler                      0x08006df1   Thumb Code   108  tasks.o(i.vTaskStartScheduler)
    vTaskSuspendAll                          0x08006e79   Thumb Code    12  tasks.o(i.vTaskSuspendAll)
    vTaskSwitchContext                       0x08006e89   Thumb Code   118  tasks.o(i.vTaskSwitchContext)
    xPortStartScheduler                      0x08006f15   Thumb Code   140  port.o(i.xPortStartScheduler)
    xPortSysTickHandler                      0x08006fb5   Thumb Code    46  port.o(i.xPortSysTickHandler)
    xQueueGenericCreate                      0x08006fe9   Thumb Code    88  queue.o(i.xQueueGenericCreate)
    xQueueGenericReceive                     0x08007041   Thumb Code   446  queue.o(i.xQueueGenericReceive)
    xQueueGenericReset                       0x08007205   Thumb Code   146  queue.o(i.xQueueGenericReset)
    xQueueGenericSend                        0x0800729d   Thumb Code   420  queue.o(i.xQueueGenericSend)
    xQueueGenericSendFromISR                 0x08007445   Thumb Code   248  queue.o(i.xQueueGenericSendFromISR)
    xQueueReceiveFromISR                     0x0800753d   Thumb Code   202  queue.o(i.xQueueReceiveFromISR)
    xTaskCheckForTimeOut                     0x08007609   Thumb Code   132  tasks.o(i.xTaskCheckForTimeOut)
    xTaskCreate                              0x08007695   Thumb Code    96  tasks.o(i.xTaskCreate)
    xTaskGenericNotify                       0x080076f5   Thumb Code   242  tasks.o(i.xTaskGenericNotify)
    xTaskGenericNotifyFromISR                0x080077f9   Thumb Code   298  tasks.o(i.xTaskGenericNotifyFromISR)
    xTaskGetSchedulerState                   0x0800793d   Thumb Code    24  tasks.o(i.xTaskGetSchedulerState)
    xTaskIncrementTick                       0x0800795d   Thumb Code   282  tasks.o(i.xTaskIncrementTick)
    xTaskPriorityDisinherit                  0x08007aa5   Thumb Code   188  tasks.o(i.xTaskPriorityDisinherit)
    xTaskRemoveFromEventList                 0x08007b6d   Thumb Code   128  tasks.o(i.xTaskRemoveFromEventList)
    xTaskResumeAll                           0x08007c05   Thumb Code   224  tasks.o(i.xTaskResumeAll)
    AHBPrescTable                            0x08007d98   Data          16  system_stm32f1xx.o(.constdata)
    APBPrescTable                            0x08007da8   Data           8  system_stm32f1xx.o(.constdata)
    Region$$Table$$Base                      0x08007e0c   Number         0  anon$$obj.o(Region$$Table)
    Region$$Table$$Limit                     0x08007e2c   Number         0  anon$$obj.o(Region$$Table)
    ble_status                               0x20000000   Data           1  freertos.o(.data)
    connected_tick                           0x20000004   Data           4  freertos.o(.data)
    defaultTaskHandle                        0x20000008   Data           4  freertos.o(.data)
    myTask02Handle                           0x2000000c   Data           4  freertos.o(.data)
    myTask03Handle                           0x20000010   Data           4  freertos.o(.data)
    FS_Desc                                  0x20000014   Data          28  usbd_desc.o(.data)
    USBD_FS_DeviceDesc                       0x20000030   Data          18  usbd_desc.o(.data)
    USBD_LangIDDesc                          0x20000044   Data           4  usbd_desc.o(.data)
    USBD_CustomHID_fops_FS                   0x200000b8   Data          20  usbd_custom_hid_if.o(.data)
    usbframe_process_handler                 0x200000cc   Data           4  thread_usbframe_process.o(.data)
    mailid_of_usb_tx                         0x200000d0   Data           4  thread_usbframe_process.o(.data)
    transfer_state                           0x200000d4   Data           1  thread_usbframe_process.o(.data)
    mouse_state                              0x200000d5   Data           4  thread_usbframe_process.o(.data)
    glove_state                              0x200000d9   Data           5  thread_usbframe_process.o(.data)
    times                                    0x200000e0   Data           4  thread_usbframe_process.o(.data)
    frame_send_handler                       0x200000e4   Data           4  thread_frame_send.o(.data)
    ble_transfer_handler                     0x200000e8   Data           4  thread_ble_transfer.o(.data)
    setup_data_frame_tx_handler              0x200000ec   Data           4  thread_ble_transfer.o(.data)
    mailid_of_ble_tx                         0x200000f0   Data           4  thread_ble_transfer.o(.data)
    calibration_cmd_global                   0x200000f4   Data           1  thread_ble_transfer.o(.data)
    usb_outevent_process_handler             0x200000f8   Data           4  thread_usb_outevent_process.o(.data)
    uwTick                                   0x200000fc   Data           4  stm32f1xx_hal.o(.data)
    uwTickPrio                               0x20000100   Data           4  stm32f1xx_hal.o(.data)
    uwTickFreq                               0x20000104   Data           1  stm32f1xx_hal.o(.data)
    SystemCoreClock                          0x20000108   Data           4  system_stm32f1xx.o(.data)
    pxCurrentTCB                             0x20000130   Data           4  tasks.o(.data)
    USBD_CUSTOM_HID                          0x20000170   Data          60  usbd_customhid.o(.data)
    UART_Frame                               0x20000208   Data          66  usart.o(.bss)
    huart1                                   0x2000024c   Data          64  usart.o(.bss)
    hdma_usart1_rx                           0x2000028c   Data          68  usart.o(.bss)
    hUsbDeviceFS                             0x200002d0   Data         548  usb_device.o(.bss)
    hpcd_USB_FS                              0x200004f4   Data        1120  usbd_conf.o(.bss)
    USBD_StrDesc                             0x2000098c   Data         512  usbd_desc.o(.bss)
    htim4                                    0x20000b8c   Data          64  stm32f1xx_hal_timebase_tim.o(.bss)
    last_angle                               0x20000bcc   Data          12  thread_usbframe_process.o(.bss)
    adc_value                                0x20000bd8   Data          10  thread_usbframe_process.o(.bss)
    usb_outevent_buf                         0x20000be2   Data          64  thread_usb_outevent_process.o(.bss)
    __initial_sp                             0x20003918   Data           0  startup_stm32f103xb.o(STACK)



==============================================================================

Memory Map of the image

  Image Entry point : 0x080000ed

  Load Region LR_IROM1 (Base: 0x08000000, Size: 0x00008034, Max: 0x00010000, ABSOLUTE, COMPRESSED[0x00007f54])

    Execution Region ER_IROM1 (Exec base: 0x08000000, Load base: 0x08000000, Size: 0x00007e2c, Max: 0x00010000, ABSOLUTE)

    Exec Addr    Load Addr    Size         Type   Attr      Idx    E Section Name        Object

    0x08000000   0x08000000   0x000000ec   Data   RO            3    RESET               startup_stm32f103xb.o
    0x080000ec   0x080000ec   0x00000000   Code   RO         5299  * .ARM.Collect$$$$00000000  mc_w.l(entry.o)
    0x080000ec   0x080000ec   0x00000004   Code   RO         5581    .ARM.Collect$$$$00000001  mc_w.l(entry2.o)
    0x080000f0   0x080000f0   0x00000004   Code   RO         5584    .ARM.Collect$$$$00000004  mc_w.l(entry5.o)
    0x080000f4   0x080000f4   0x00000000   Code   RO         5586    .ARM.Collect$$$$00000008  mc_w.l(entry7b.o)
    0x080000f4   0x080000f4   0x00000000   Code   RO         5588    .ARM.Collect$$$$0000000A  mc_w.l(entry8b.o)
    0x080000f4   0x080000f4   0x00000008   Code   RO         5589    .ARM.Collect$$$$0000000B  mc_w.l(entry9a.o)
    0x080000fc   0x080000fc   0x00000000   Code   RO         5591    .ARM.Collect$$$$0000000D  mc_w.l(entry10a.o)
    0x080000fc   0x080000fc   0x00000000   Code   RO         5593    .ARM.Collect$$$$0000000F  mc_w.l(entry11a.o)
    0x080000fc   0x080000fc   0x00000004   Code   RO         5582    .ARM.Collect$$$$00002712  mc_w.l(entry2.o)
    0x08000100   0x08000100   0x00000096   Code   RO         3901    .emb_text           port.o
    0x08000196   0x08000196   0x00000002   PAD
    0x08000198   0x08000198   0x00000024   Code   RO            4    .text               startup_stm32f103xb.o
    0x080001bc   0x080001bc   0x00000020   Code   RO         5302    .text               mc_w.l(llushr.o)
    0x080001dc   0x080001dc   0x00000024   Code   RO         5304    .text               mc_w.l(memcpya.o)
    0x08000200   0x08000200   0x0000014e   Code   RO         5571    .text               mf_w.l(dadd.o)
    0x0800034e   0x0800034e   0x000000e4   Code   RO         5573    .text               mf_w.l(dmul.o)
    0x08000432   0x08000432   0x000000de   Code   RO         5575    .text               mf_w.l(ddiv.o)
    0x08000510   0x08000510   0x00000022   Code   RO         5577    .text               mf_w.l(dflti.o)
    0x08000532   0x08000532   0x0000003e   Code   RO         5579    .text               mf_w.l(dfixi.o)
    0x08000570   0x08000570   0x0000002c   Code   RO         5598    .text               mc_w.l(uidiv.o)
    0x0800059c   0x0800059c   0x00000062   Code   RO         5600    .text               mc_w.l(uldiv.o)
    0x080005fe   0x080005fe   0x0000001e   Code   RO         5602    .text               mc_w.l(llshl.o)
    0x0800061c   0x0800061c   0x00000024   Code   RO         5604    .text               mc_w.l(llsshr.o)
    0x08000640   0x08000640   0x00000000   Code   RO         5606    .text               mc_w.l(iusefp.o)
    0x08000640   0x08000640   0x000000ba   Code   RO         5607    .text               mf_w.l(depilogue.o)
    0x080006fa   0x080006fa   0x00000030   Code   RO         5609    .text               mf_w.l(dfixul.o)
    0x0800072a   0x0800072a   0x00000002   PAD
    0x0800072c   0x0800072c   0x00000030   Code   RO         5611    .text               mf_w.l(cdrcmple.o)
    0x0800075c   0x0800075c   0x00000024   Code   RO         5613    .text               mc_w.l(init.o)
    0x08000780   0x08000780   0x00000056   Code   RO         5625    .text               mc_w.l(__dczerorl2.o)
    0x080007d6   0x080007d6   0x00000002   PAD
    0x080007d8   0x080007d8   0x0000002c   Code   RO          217    i.BLE_Reset         gpio.o
    0x08000804   0x08000804   0x00000004   Code   RO          821    i.BusFault_Handler  stm32f1xx_it.o
    0x08000808   0x08000808   0x00000004   Code   RO          755    i.CUSTOM_HID_DeInit_FS  usbd_custom_hid_if.o
    0x0800080c   0x0800080c   0x00000004   Code   RO          756    i.CUSTOM_HID_Init_FS  usbd_custom_hid_if.o
    0x08000810   0x08000810   0x00000024   Code   RO          757    i.CUSTOM_HID_OutEvent_FS  usbd_custom_hid_if.o
    0x08000834   0x08000834   0x00000010   Code   RO          822    i.DMA1_Channel5_IRQHandler  stm32f1xx_it.o
    0x08000844   0x08000844   0x0000002c   Code   RO         3246    i.DMA_SetConfig     stm32f1xx_hal_dma.o
    0x08000870   0x08000870   0x00000002   Code   RO          823    i.DebugMon_Handler  stm32f1xx_it.o
    0x08000872   0x08000872   0x0000003a   Code   RO         3247    i.HAL_DMA_Abort     stm32f1xx_hal_dma.o
    0x080008ac   0x080008ac   0x000000b0   Code   RO         3248    i.HAL_DMA_Abort_IT  stm32f1xx_hal_dma.o
    0x0800095c   0x0800095c   0x0000019c   Code   RO         3252    i.HAL_DMA_IRQHandler  stm32f1xx_hal_dma.o
    0x08000af8   0x08000af8   0x00000070   Code   RO         3253    i.HAL_DMA_Init      stm32f1xx_hal_dma.o
    0x08000b68   0x08000b68   0x0000009c   Code   RO         3257    i.HAL_DMA_Start_IT  stm32f1xx_hal_dma.o
    0x08000c04   0x08000c04   0x00000028   Code   RO         2885    i.HAL_Delay         stm32f1xx_hal.o
    0x08000c2c   0x08000c2c   0x0000031c   Code   RO         3183    i.HAL_GPIO_Init     stm32f1xx_hal_gpio.o
    0x08000f48   0x08000f48   0x00000010   Code   RO         3185    i.HAL_GPIO_ReadPin  stm32f1xx_hal_gpio.o
    0x08000f58   0x08000f58   0x00000008   Code   RO         3186    i.HAL_GPIO_TogglePin  stm32f1xx_hal_gpio.o
    0x08000f60   0x08000f60   0x0000000c   Code   RO         3187    i.HAL_GPIO_WritePin  stm32f1xx_hal_gpio.o
    0x08000f6c   0x08000f6c   0x0000000c   Code   RO         2889    i.HAL_GetTick       stm32f1xx_hal.o
    0x08000f78   0x08000f78   0x00000018   Code   RO         2893    i.HAL_IncTick       stm32f1xx_hal.o
    0x08000f90   0x08000f90   0x00000028   Code   RO         2894    i.HAL_Init          stm32f1xx_hal.o
    0x08000fb8   0x08000fb8   0x00000088   Code   RO          933    i.HAL_InitTick      stm32f1xx_hal_timebase_tim.o
    0x08001040   0x08001040   0x000000a8   Code   RO          909    i.HAL_MspInit       stm32f1xx_hal_msp.o
    0x080010e8   0x080010e8   0x0000001a   Code   RO         3343    i.HAL_NVIC_EnableIRQ  stm32f1xx_hal_cortex.o
    0x08001102   0x08001102   0x0000007c   Code   RO         3349    i.HAL_NVIC_SetPriority  stm32f1xx_hal_cortex.o
    0x0800117e   0x0800117e   0x00000002   PAD
    0x08001180   0x08001180   0x00000028   Code   RO         3350    i.HAL_NVIC_SetPriorityGrouping  stm32f1xx_hal_cortex.o
    0x080011a8   0x080011a8   0x0000003e   Code   RO         1451    i.HAL_PCDEx_PMAConfig  stm32f1xx_hal_pcd_ex.o
    0x080011e6   0x080011e6   0x00000002   Code   RO          478    i.HAL_PCDEx_SetConnectionState  usbd_conf.o
    0x080011e8   0x080011e8   0x0000001c   Code   RO          480    i.HAL_PCD_DataInStageCallback  usbd_conf.o
    0x08001204   0x08001204   0x0000001c   Code   RO          481    i.HAL_PCD_DataOutStageCallback  usbd_conf.o
    0x08001220   0x08001220   0x00000064   Code   RO         1245    i.HAL_PCD_EP_Close  stm32f1xx_hal_pcd.o
    0x08001284   0x08001284   0x00000062   Code   RO         1246    i.HAL_PCD_EP_ClrStall  stm32f1xx_hal_pcd.o
    0x080012e6   0x080012e6   0x00000076   Code   RO         1249    i.HAL_PCD_EP_Open   stm32f1xx_hal_pcd.o
    0x0800135c   0x0800135c   0x0000004a   Code   RO         1250    i.HAL_PCD_EP_Receive  stm32f1xx_hal_pcd.o
    0x080013a6   0x080013a6   0x00000072   Code   RO         1251    i.HAL_PCD_EP_SetStall  stm32f1xx_hal_pcd.o
    0x08001418   0x08001418   0x0000004c   Code   RO         1252    i.HAL_PCD_EP_Transmit  stm32f1xx_hal_pcd.o
    0x08001464   0x08001464   0x00000168   Code   RO         1254    i.HAL_PCD_IRQHandler  stm32f1xx_hal_pcd.o
    0x080015cc   0x080015cc   0x0000011a   Code   RO         1257    i.HAL_PCD_Init      stm32f1xx_hal_pcd.o
    0x080016e6   0x080016e6   0x00000002   PAD
    0x080016e8   0x080016e8   0x00000044   Code   RO          486    i.HAL_PCD_MspInit   usbd_conf.o
    0x0800172c   0x0800172c   0x0000002a   Code   RO          487    i.HAL_PCD_ResetCallback  usbd_conf.o
    0x08001756   0x08001756   0x0000000e   Code   RO          488    i.HAL_PCD_ResumeCallback  usbd_conf.o
    0x08001764   0x08001764   0x0000000e   Code   RO          489    i.HAL_PCD_SOFCallback  usbd_conf.o
    0x08001772   0x08001772   0x00000036   Code   RO         1263    i.HAL_PCD_SetAddress  stm32f1xx_hal_pcd.o
    0x080017a8   0x080017a8   0x00000012   Code   RO          490    i.HAL_PCD_SetupStageCallback  usbd_conf.o
    0x080017ba   0x080017ba   0x0000003c   Code   RO         1265    i.HAL_PCD_Start     stm32f1xx_hal_pcd.o
    0x080017f6   0x080017f6   0x00000002   PAD
    0x080017f8   0x080017f8   0x00000024   Code   RO          491    i.HAL_PCD_SuspendCallback  usbd_conf.o
    0x0800181c   0x0800181c   0x00000130   Code   RO         3146    i.HAL_RCCEx_PeriphCLKConfig  stm32f1xx_hal_rcc_ex.o
    0x0800194c   0x0800194c   0x000001a4   Code   RO         3038    i.HAL_RCC_ClockConfig  stm32f1xx_hal_rcc.o
    0x08001af0   0x08001af0   0x00000044   Code   RO         3042    i.HAL_RCC_GetClockConfig  stm32f1xx_hal_rcc.o
    0x08001b34   0x08001b34   0x0000000c   Code   RO         3043    i.HAL_RCC_GetHCLKFreq  stm32f1xx_hal_rcc.o
    0x08001b40   0x08001b40   0x00000020   Code   RO         3045    i.HAL_RCC_GetPCLK1Freq  stm32f1xx_hal_rcc.o
    0x08001b60   0x08001b60   0x00000020   Code   RO         3046    i.HAL_RCC_GetPCLK2Freq  stm32f1xx_hal_rcc.o
    0x08001b80   0x08001b80   0x00000094   Code   RO         3047    i.HAL_RCC_GetSysClockFreq  stm32f1xx_hal_rcc.o
    0x08001c14   0x08001c14   0x00000440   Code   RO         3050    i.HAL_RCC_OscConfig  stm32f1xx_hal_rcc.o
    0x08002054   0x08002054   0x00000028   Code   RO         3352    i.HAL_SYSTICK_CLKSourceConfig  stm32f1xx_hal_cortex.o
    0x0800207c   0x0800207c   0x00000034   Code   RO         3354    i.HAL_SYSTICK_Config  stm32f1xx_hal_cortex.o
    0x080020b0   0x080020b0   0x00000002   Code   RO         2314    i.HAL_TIMEx_BreakCallback  stm32f1xx_hal_tim_ex.o
    0x080020b2   0x080020b2   0x00000002   Code   RO         2315    i.HAL_TIMEx_CommutationCallback  stm32f1xx_hal_tim_ex.o
    0x080020b4   0x080020b4   0x00000034   Code   RO         1675    i.HAL_TIM_Base_Init  stm32f1xx_hal_tim.o
    0x080020e8   0x080020e8   0x00000002   Code   RO         1677    i.HAL_TIM_Base_MspInit  stm32f1xx_hal_tim.o
    0x080020ea   0x080020ea   0x0000001e   Code   RO         1680    i.HAL_TIM_Base_Start_IT  stm32f1xx_hal_tim.o
    0x08002108   0x08002108   0x00000002   Code   RO         1704    i.HAL_TIM_IC_CaptureCallback  stm32f1xx_hal_tim.o
    0x0800210a   0x0800210a   0x00000196   Code   RO         1717    i.HAL_TIM_IRQHandler  stm32f1xx_hal_tim.o
    0x080022a0   0x080022a0   0x00000002   Code   RO         1720    i.HAL_TIM_OC_DelayElapsedCallback  stm32f1xx_hal_tim.o
    0x080022a2   0x080022a2   0x00000002   Code   RO         1747    i.HAL_TIM_PWM_PulseFinishedCallback  stm32f1xx_hal_tim.o
    0x080022a4   0x080022a4   0x00000018   Code   RO           13    i.HAL_TIM_PeriodElapsedCallback  main.o
    0x080022bc   0x080022bc   0x00000002   Code   RO         1758    i.HAL_TIM_TriggerCallback  stm32f1xx_hal_tim.o
    0x080022be   0x080022be   0x00000066   Code   RO         2566    i.HAL_UART_DMAStop  stm32f1xx_hal_uart.o
    0x08002324   0x08002324   0x00000002   Code   RO         2568    i.HAL_UART_ErrorCallback  stm32f1xx_hal_uart.o
    0x08002326   0x08002326   0x00000002   PAD
    0x08002328   0x08002328   0x0000014c   Code   RO         2571    i.HAL_UART_IRQHandler  stm32f1xx_hal_uart.o
    0x08002474   0x08002474   0x00000072   Code   RO         2572    i.HAL_UART_Init     stm32f1xx_hal_uart.o
    0x080024e6   0x080024e6   0x00000002   PAD
    0x080024e8   0x080024e8   0x000000c0   Code   RO          374    i.HAL_UART_MspInit  usart.o
    0x080025a8   0x080025a8   0x000000c4   Code   RO         2576    i.HAL_UART_Receive_DMA  stm32f1xx_hal_uart.o
    0x0800266c   0x0800266c   0x00000002   Code   RO          375    i.HAL_UART_RxCpltCallback  usart.o
    0x0800266e   0x0800266e   0x00000002   Code   RO         2579    i.HAL_UART_RxHalfCpltCallback  stm32f1xx_hal_uart.o
    0x08002670   0x08002670   0x000000d6   Code   RO         2580    i.HAL_UART_Transmit  stm32f1xx_hal_uart.o
    0x08002746   0x08002746   0x00000002   Code   RO         2583    i.HAL_UART_TxCpltCallback  stm32f1xx_hal_uart.o
    0x08002748   0x08002748   0x00000004   Code   RO          824    i.HardFault_Handler  stm32f1xx_it.o
    0x0800274c   0x0800274c   0x00000034   Code   RO          250    i.MX_DMA_Init       dma.o
    0x08002780   0x08002780   0x00000050   Code   RO          274    i.MX_FREERTOS_Init  freertos.o
    0x080027d0   0x080027d0   0x000000bc   Code   RO          218    i.MX_GPIO_Init      gpio.o
    0x0800288c   0x0800288c   0x0000004c   Code   RO          376    i.MX_USART1_UART_Init  usart.o
    0x080028d8   0x080028d8   0x00000034   Code   RO          430    i.MX_USB_DEVICE_Init  usb_device.o
    0x0800290c   0x0800290c   0x00000004   Code   RO          825    i.MemManage_Handler  stm32f1xx_it.o
    0x08002910   0x08002910   0x00000002   Code   RO          826    i.NMI_Handler       stm32f1xx_it.o
    0x08002912   0x08002912   0x00000002   PAD
    0x08002914   0x08002914   0x00000010   Code   RO         3356    i.NVIC_GetPriorityGrouping  stm32f1xx_hal_cortex.o
    0x08002924   0x08002924   0x00000028   Code   RO         3357    i.NVIC_SetPriority  stm32f1xx_hal_cortex.o
    0x0800294c   0x0800294c   0x00000444   Code   RO         1268    i.PCD_EP_ISR_Handler  stm32f1xx_hal_pcd.o
    0x08002d90   0x08002d90   0x00000028   Code   RO         3051    i.RCC_Delay         stm32f1xx_hal_rcc.o
    0x08002db8   0x08002db8   0x00000024   Code   RO         1097    i.SerialDatagramEvtAlloc  thread_ble_transfer.o
    0x08002ddc   0x08002ddc   0x00000020   Code   RO         1098    i.SerialDatagramEvtSend  thread_ble_transfer.o
    0x08002dfc   0x08002dfc   0x00000050   Code   RO          275    i.StartDefaultTask  freertos.o
    0x08002e4c   0x08002e4c   0x000000c4   Code   RO          276    i.StartTask02       freertos.o
    0x08002f10   0x08002f10   0x00000008   Code   RO          827    i.SysTick_Handler   stm32f1xx_it.o
    0x08002f18   0x08002f18   0x000000a8   Code   RO           14    i.SystemClock_Config  main.o
    0x08002fc0   0x08002fc0   0x00000058   Code   RO         3798    i.SystemInit        system_stm32f1xx.o
    0x08003018   0x08003018   0x00000010   Code   RO          828    i.TIM4_IRQHandler   stm32f1xx_it.o
    0x08003028   0x08003028   0x00000074   Code   RO         1759    i.TIM_Base_SetConfig  stm32f1xx_hal_tim.o
    0x0800309c   0x0800309c   0x00000014   Code   RO         2585    i.UART_DMAAbortOnError  stm32f1xx_hal_uart.o
    0x080030b0   0x080030b0   0x00000050   Code   RO         2586    i.UART_DMAError     stm32f1xx_hal_uart.o
    0x08003100   0x08003100   0x00000046   Code   RO         2587    i.UART_DMAReceiveCplt  stm32f1xx_hal_uart.o
    0x08003146   0x08003146   0x0000000e   Code   RO         2589    i.UART_DMARxHalfCplt  stm32f1xx_hal_uart.o
    0x08003154   0x08003154   0x00000020   Code   RO         2595    i.UART_EndRxTransfer  stm32f1xx_hal_uart.o
    0x08003174   0x08003174   0x00000020   Code   RO         2596    i.UART_EndTransmit_IT  stm32f1xx_hal_uart.o
    0x08003194   0x08003194   0x00000014   Code   RO         2597    i.UART_EndTxTransfer  stm32f1xx_hal_uart.o
    0x080031a8   0x080031a8   0x000000a6   Code   RO         2598    i.UART_Receive_IT   stm32f1xx_hal_uart.o
    0x0800324e   0x0800324e   0x00000002   PAD
    0x08003250   0x08003250   0x000001c8   Code   RO         2599    i.UART_SetConfig    stm32f1xx_hal_uart.o
    0x08003418   0x08003418   0x00000068   Code   RO         2600    i.UART_Transmit_IT  stm32f1xx_hal_uart.o
    0x08003480   0x08003480   0x0000006c   Code   RO         2601    i.UART_WaitOnFlagUntilTimeout  stm32f1xx_hal_uart.o
    0x080034ec   0x080034ec   0x00000074   Code   RO          377    i.USART1_IDLE_IRQHandler  usart.o
    0x08003560   0x08003560   0x00000014   Code   RO          829    i.USART1_IRQHandler  stm32f1xx_it.o
    0x08003574   0x08003574   0x0000000e   Code   RO         5223    i.USBD_CUSTOM_HID_DataIn  usbd_customhid.o
    0x08003582   0x08003582   0x00000024   Code   RO         5224    i.USBD_CUSTOM_HID_DataOut  usbd_customhid.o
    0x080035a6   0x080035a6   0x00000036   Code   RO         5225    i.USBD_CUSTOM_HID_DeInit  usbd_customhid.o
    0x080035dc   0x080035dc   0x00000020   Code   RO         5226    i.USBD_CUSTOM_HID_EP0_RxReady  usbd_customhid.o
    0x080035fc   0x080035fc   0x00000010   Code   RO         5227    i.USBD_CUSTOM_HID_GetCfgDesc  usbd_customhid.o
    0x0800360c   0x0800360c   0x00000010   Code   RO         5228    i.USBD_CUSTOM_HID_GetDeviceQualifierDesc  usbd_customhid.o
    0x0800361c   0x0800361c   0x00000066   Code   RO         5229    i.USBD_CUSTOM_HID_Init  usbd_customhid.o
    0x08003682   0x08003682   0x0000000e   Code   RO         5230    i.USBD_CUSTOM_HID_RegisterInterface  usbd_customhid.o
    0x08003690   0x08003690   0x0000004a   Code   RO         5231    i.USBD_CUSTOM_HID_SendReport  usbd_customhid.o
    0x080036da   0x080036da   0x00000002   PAD
    0x080036dc   0x080036dc   0x0000011c   Code   RO         5232    i.USBD_CUSTOM_HID_Setup  usbd_customhid.o
    0x080037f8   0x080037f8   0x00000016   Code   RO         4930    i.USBD_ClrClassConfig  usbd_core.o
    0x0800380e   0x0800380e   0x00000044   Code   RO         5068    i.USBD_ClrFeature   usbd_ctlreq.o
    0x08003852   0x08003852   0x00000018   Code   RO         5163    i.USBD_CtlContinueRx  usbd_ioreq.o
    0x0800386a   0x0800386a   0x00000018   Code   RO         5164    i.USBD_CtlContinueSendData  usbd_ioreq.o
    0x08003882   0x08003882   0x00000018   Code   RO         5069    i.USBD_CtlError     usbd_ctlreq.o
    0x0800389a   0x0800389a   0x00000028   Code   RO         5165    i.USBD_CtlPrepareRx  usbd_ioreq.o
    0x080038c2   0x080038c2   0x0000001a   Code   RO         5166    i.USBD_CtlReceiveStatus  usbd_ioreq.o
    0x080038dc   0x080038dc   0x00000022   Code   RO         5167    i.USBD_CtlSendData  usbd_ioreq.o
    0x080038fe   0x080038fe   0x0000001a   Code   RO         5168    i.USBD_CtlSendStatus  usbd_ioreq.o
    0x08003918   0x08003918   0x0000003c   Code   RO          685    i.USBD_FS_ConfigStrDescriptor  usbd_desc.o
    0x08003954   0x08003954   0x00000010   Code   RO          686    i.USBD_FS_DeviceDescriptor  usbd_desc.o
    0x08003964   0x08003964   0x00000040   Code   RO          687    i.USBD_FS_InterfaceStrDescriptor  usbd_desc.o
    0x080039a4   0x080039a4   0x00000010   Code   RO          688    i.USBD_FS_LangIDStrDescriptor  usbd_desc.o
    0x080039b4   0x080039b4   0x0000002c   Code   RO          689    i.USBD_FS_ManufacturerStrDescriptor  usbd_desc.o
    0x080039e0   0x080039e0   0x00000034   Code   RO          690    i.USBD_FS_ProductStrDescriptor  usbd_desc.o
    0x08003a14   0x08003a14   0x00000038   Code   RO          691    i.USBD_FS_SerialStrDescriptor  usbd_desc.o
    0x08003a4c   0x08003a4c   0x00000050   Code   RO         5070    i.USBD_GetConfig    usbd_ctlreq.o
    0x08003a9c   0x08003a9c   0x00000150   Code   RO         5071    i.USBD_GetDescriptor  usbd_ctlreq.o
    0x08003bec   0x08003bec   0x00000014   Code   RO         5072    i.USBD_GetLen       usbd_ctlreq.o
    0x08003c00   0x08003c00   0x00000044   Code   RO         5073    i.USBD_GetStatus    usbd_ctlreq.o
    0x08003c44   0x08003c44   0x00000052   Code   RO         5074    i.USBD_GetString    usbd_ctlreq.o
    0x08003c96   0x08003c96   0x00000032   Code   RO         4932    i.USBD_Init         usbd_core.o
    0x08003cc8   0x08003cc8   0x00000044   Code   RO          492    i.USBD_LL_ClearStallEP  usbd_conf.o
    0x08003d0c   0x08003d0c   0x00000044   Code   RO          493    i.USBD_LL_CloseEP   usbd_conf.o
    0x08003d50   0x08003d50   0x000000da   Code   RO         4933    i.USBD_LL_DataInStage  usbd_core.o
    0x08003e2a   0x08003e2a   0x00000086   Code   RO         4934    i.USBD_LL_DataOutStage  usbd_core.o
    0x08003eb0   0x08003eb0   0x00000090   Code   RO          498    i.USBD_LL_Init      usbd_conf.o
    0x08003f40   0x08003f40   0x00000030   Code   RO          499    i.USBD_LL_IsStallEP  usbd_conf.o
    0x08003f70   0x08003f70   0x00000062   Code   RO          500    i.USBD_LL_OpenEP    usbd_conf.o
    0x08003fd2   0x08003fd2   0x00000062   Code   RO          501    i.USBD_LL_PrepareReceive  usbd_conf.o
    0x08004034   0x08004034   0x00000044   Code   RO         4939    i.USBD_LL_Reset     usbd_core.o
    0x08004078   0x08004078   0x0000000e   Code   RO         4940    i.USBD_LL_Resume    usbd_core.o
    0x08004086   0x08004086   0x00000022   Code   RO         4941    i.USBD_LL_SOF       usbd_core.o
    0x080040a8   0x080040a8   0x00000008   Code   RO         4942    i.USBD_LL_SetSpeed  usbd_core.o
    0x080040b0   0x080040b0   0x00000044   Code   RO          502    i.USBD_LL_SetUSBAddress  usbd_conf.o
    0x080040f4   0x080040f4   0x0000006e   Code   RO         4943    i.USBD_LL_SetupStage  usbd_core.o
    0x08004162   0x08004162   0x00000044   Code   RO          503    i.USBD_LL_StallEP   usbd_conf.o
    0x080041a6   0x080041a6   0x0000003c   Code   RO          504    i.USBD_LL_Start     usbd_conf.o
    0x080041e2   0x080041e2   0x00000014   Code   RO         4944    i.USBD_LL_Suspend   usbd_core.o
    0x080041f6   0x080041f6   0x00000062   Code   RO          506    i.USBD_LL_Transmit  usbd_conf.o
    0x08004258   0x08004258   0x00000028   Code   RO         5075    i.USBD_ParseSetupRequest  usbd_ctlreq.o
    0x08004280   0x08004280   0x00000010   Code   RO         4945    i.USBD_RegisterClass  usbd_core.o
    0x08004290   0x08004290   0x00000006   Code   RO         4946    i.USBD_RunTestMode  usbd_core.o
    0x08004296   0x08004296   0x00000054   Code   RO         5076    i.USBD_SetAddress   usbd_ctlreq.o
    0x080042ea   0x080042ea   0x00000022   Code   RO         4947    i.USBD_SetClassConfig  usbd_core.o
    0x0800430c   0x0800430c   0x000000e0   Code   RO         5077    i.USBD_SetConfig    usbd_ctlreq.o
    0x080043ec   0x080043ec   0x00000024   Code   RO         5078    i.USBD_SetFeature   usbd_ctlreq.o
    0x08004410   0x08004410   0x0000000e   Code   RO         4948    i.USBD_Start        usbd_core.o
    0x0800441e   0x0800441e   0x00000072   Code   RO         5079    i.USBD_StdDevReq    usbd_ctlreq.o
    0x08004490   0x08004490   0x00000156   Code   RO         5080    i.USBD_StdEPReq     usbd_ctlreq.o
    0x080045e6   0x080045e6   0x0000004a   Code   RO         5081    i.USBD_StdItfReq    usbd_ctlreq.o
    0x08004630   0x08004630   0x00000002   Code   RO          507    i.USBD_static_free  usbd_conf.o
    0x08004632   0x08004632   0x00000002   PAD
    0x08004634   0x08004634   0x0000000c   Code   RO          508    i.USBD_static_malloc  usbd_conf.o
    0x08004640   0x08004640   0x000003aa   Code   RO         1481    i.USB_ActivateEndpoint  stm32f1xx_ll_usb.o
    0x080049ea   0x080049ea   0x00000008   Code   RO         1484    i.USB_CoreInit      stm32f1xx_ll_usb.o
    0x080049f2   0x080049f2   0x00000214   Code   RO         1486    i.USB_DeactivateEndpoint  stm32f1xx_ll_usb.o
    0x08004c06   0x08004c06   0x00000006   Code   RO         1487    i.USB_DevConnect    stm32f1xx_ll_usb.o
    0x08004c0c   0x08004c0c   0x00000006   Code   RO         1488    i.USB_DevDisconnect  stm32f1xx_ll_usb.o
    0x08004c12   0x08004c12   0x0000001e   Code   RO         1489    i.USB_DevInit       stm32f1xx_ll_usb.o
    0x08004c30   0x08004c30   0x00000016   Code   RO         1490    i.USB_DisableGlobalInt  stm32f1xx_ll_usb.o
    0x08004c46   0x08004c46   0x00000006   Code   RO         1491    i.USB_EP0_OutStart  stm32f1xx_ll_usb.o
    0x08004c4c   0x08004c4c   0x000000b4   Code   RO         1492    i.USB_EPClearStall  stm32f1xx_ll_usb.o
    0x08004d00   0x08004d00   0x00000086   Code   RO         1493    i.USB_EPSetStall    stm32f1xx_ll_usb.o
    0x08004d86   0x08004d86   0x00000332   Code   RO         1494    i.USB_EPStartXfer   stm32f1xx_ll_usb.o
    0x080050b8   0x080050b8   0x00000016   Code   RO         1495    i.USB_EnableGlobalInt  stm32f1xx_ll_usb.o
    0x080050ce   0x080050ce   0x00000002   PAD
    0x080050d0   0x080050d0   0x00000010   Code   RO          830    i.USB_LP_CAN1_RX0_IRQHandler  stm32f1xx_it.o
    0x080050e0   0x080050e0   0x0000000a   Code   RO         1502    i.USB_ReadInterrupts  stm32f1xx_ll_usb.o
    0x080050ea   0x080050ea   0x00000028   Code   RO         1503    i.USB_ReadPMA       stm32f1xx_ll_usb.o
    0x08005112   0x08005112   0x00000006   Code   RO         1505    i.USB_SetCurrentMode  stm32f1xx_ll_usb.o
    0x08005118   0x08005118   0x0000000e   Code   RO         1506    i.USB_SetDevAddress  stm32f1xx_ll_usb.o
    0x08005126   0x08005126   0x00000042   Code   RO         1508    i.USB_WritePMA      stm32f1xx_ll_usb.o
    0x08005168   0x08005168   0x00000004   Code   RO          831    i.UsageFault_Handler  stm32f1xx_it.o
    0x0800516c   0x0800516c   0x00000004   Code   RO           15    i._Error_Handler    main.o
    0x08005170   0x08005170   0x00000028   Code   RO         5545    i.__0sprintf        mc_w.l(printfa.o)
    0x08005198   0x08005198   0x0000000e   Code   RO         5619    i.__scatterload_copy  mc_w.l(handlers.o)
    0x080051a6   0x080051a6   0x00000002   Code   RO         5620    i.__scatterload_null  mc_w.l(handlers.o)
    0x080051a8   0x080051a8   0x0000000e   Code   RO         5621    i.__scatterload_zeroinit  mc_w.l(handlers.o)
    0x080051b6   0x080051b6   0x00000002   PAD
    0x080051b8   0x080051b8   0x00000184   Code   RO         5550    i._fp_digits        mc_w.l(printfa.o)
    0x0800533c   0x0800533c   0x000006dc   Code   RO         5551    i._printf_core      mc_w.l(printfa.o)
    0x08005a18   0x08005a18   0x00000024   Code   RO         5552    i._printf_post_padding  mc_w.l(printfa.o)
    0x08005a3c   0x08005a3c   0x0000002e   Code   RO         5553    i._printf_pre_padding  mc_w.l(printfa.o)
    0x08005a6a   0x08005a6a   0x0000000a   Code   RO         5555    i._sputc            mc_w.l(printfa.o)
    0x08005a74   0x08005a74   0x00000010   Code   RO         4552    i.inHandlerMode     cmsis_os.o
    0x08005a84   0x08005a84   0x00000060   Code   RO         1099    i.init_thread_ble_transfer  thread_ble_transfer.o
    0x08005ae4   0x08005ae4   0x00000028   Code   RO         1059    i.init_thread_frame_send  thread_frame_send.o
    0x08005b0c   0x08005b0c   0x00000044   Code   RO          974    i.init_thread_usbframe_process  thread_usbframe_process.o
    0x08005b50   0x08005b50   0x0000002c   Code   RO           16    i.main              main.o
    0x08005b7c   0x08005b7c   0x0000000e   Code   RO         4554    i.makeFreeRtosPriority  cmsis_os.o
    0x08005b8a   0x08005b8a   0x00000018   Code   RO         4556    i.osDelay           cmsis_os.o
    0x08005ba2   0x08005ba2   0x0000000a   Code   RO         4559    i.osKernelStart     cmsis_os.o
    0x08005bac   0x08005bac   0x00000018   Code   RO         4561    i.osMailAlloc       cmsis_os.o
    0x08005bc4   0x08005bc4   0x0000007a   Code   RO         4563    i.osMailCreate      cmsis_os.o
    0x08005c3e   0x08005c3e   0x00000016   Code   RO         4564    i.osMailFree        cmsis_os.o
    0x08005c54   0x08005c54   0x00000098   Code   RO         4565    i.osMailGet         cmsis_os.o
    0x08005cec   0x08005cec   0x00000060   Code   RO         4566    i.osMailPut         cmsis_os.o
    0x08005d4c   0x08005d4c   0x0000007a   Code   RO         4578    i.osPoolAlloc       cmsis_os.o
    0x08005dc6   0x08005dc6   0x00000070   Code   RO         4580    i.osPoolCreate      cmsis_os.o
    0x08005e36   0x08005e36   0x0000004a   Code   RO         4581    i.osPoolFree        cmsis_os.o
    0x08005e80   0x08005e80   0x00000060   Code   RO         4590    i.osSignalSet       cmsis_os.o
    0x08005ee0   0x08005ee0   0x00000010   Code   RO         4592    i.osSystickHandler  cmsis_os.o
    0x08005ef0   0x08005ef0   0x00000030   Code   RO         4593    i.osThreadCreate    cmsis_os.o
    0x08005f20   0x08005f20   0x00000098   Code   RO         4259    i.prvAddCurrentTaskToDelayedList  tasks.o
    0x08005fb8   0x08005fb8   0x000000b4   Code   RO         4260    i.prvAddNewTaskToReadyList  tasks.o
    0x0800606c   0x0800606c   0x00000064   Code   RO         4261    i.prvCheckTasksWaitingTermination  tasks.o
    0x080060d0   0x080060d0   0x0000002a   Code   RO         4104    i.prvCopyDataFromQueue  queue.o
    0x080060fa   0x080060fa   0x0000007c   Code   RO         4105    i.prvCopyDataToQueue  queue.o
    0x08006176   0x08006176   0x00000012   Code   RO         4262    i.prvDeleteTCB      tasks.o
    0x08006188   0x08006188   0x0000007c   Code   RO         3831    i.prvHeapInit       heap_4.o
    0x08006204   0x08006204   0x00000028   Code   RO         4263    i.prvIdleTask       tasks.o
    0x0800622c   0x0800622c   0x00000026   Code   RO         4107    i.prvInitialiseNewQueue  queue.o
    0x08006252   0x08006252   0x000000aa   Code   RO         4264    i.prvInitialiseNewTask  tasks.o
    0x080062fc   0x080062fc   0x00000068   Code   RO         4265    i.prvInitialiseTaskLists  tasks.o
    0x08006364   0x08006364   0x00000068   Code   RO         3832    i.prvInsertBlockIntoFreeList  heap_4.o
    0x080063cc   0x080063cc   0x0000001a   Code   RO         4108    i.prvIsQueueEmpty   queue.o
    0x080063e6   0x080063e6   0x0000001e   Code   RO         4109    i.prvIsQueueFull    queue.o
    0x08006404   0x08006404   0x00000034   Code   RO         4266    i.prvResetNextTaskUnblockTime  tasks.o
    0x08006438   0x08006438   0x00000040   Code   RO         3902    i.prvTaskExitError  port.o
    0x08006478   0x08006478   0x0000007e   Code   RO         4110    i.prvUnlockQueue    queue.o
    0x080064f6   0x080064f6   0x00000002   PAD
    0x080064f8   0x080064f8   0x0000013c   Code   RO         3833    i.pvPortMalloc      heap_4.o
    0x08006634   0x08006634   0x00000020   Code   RO         4268    i.pvTaskIncrementMutexHeldCount  tasks.o
    0x08006654   0x08006654   0x00000024   Code   RO         3903    i.pxPortInitialiseStack  port.o
    0x08006678   0x08006678   0x000001a8   Code   RO          975    i.received_dataframe_process  thread_usbframe_process.o
    0x08006820   0x08006820   0x00000040   Code   RO         1100    i.thread_ble_transfer  thread_ble_transfer.o
    0x08006860   0x08006860   0x00000070   Code   RO         1060    i.thread_frame_send  thread_frame_send.o
    0x080068d0   0x080068d0   0x00000044   Code   RO         1101    i.thread_setup_data_frame_tx  thread_ble_transfer.o
    0x08006914   0x08006914   0x00000054   Code   RO          977    i.thread_usbframe_process  thread_usbframe_process.o
    0x08006968   0x08006968   0x0000007c   Code   RO          978    i.update_glove_angle  thread_usbframe_process.o
    0x080069e4   0x080069e4   0x00000024   Code   RO          979    i.usb_dataframe_alloc  thread_usbframe_process.o
    0x08006a08   0x08006a08   0x00000018   Code   RO          981    i.usb_dataframe_send  thread_usbframe_process.o
    0x08006a20   0x08006a20   0x00000028   Code   RO         4067    i.uxListRemove      list.o
    0x08006a48   0x08006a48   0x0000001a   Code   RO         4068    i.vListInitialise   list.o
    0x08006a62   0x08006a62   0x00000006   Code   RO         4069    i.vListInitialiseItem  list.o
    0x08006a68   0x08006a68   0x00000034   Code   RO         4070    i.vListInsert       list.o
    0x08006a9c   0x08006a9c   0x00000018   Code   RO         4071    i.vListInsertEnd    list.o
    0x08006ab4   0x08006ab4   0x00000054   Code   RO         3905    i.vPortEnterCritical  port.o
    0x08006b08   0x08006b08   0x0000003c   Code   RO         3906    i.vPortExitCritical  port.o
    0x08006b44   0x08006b44   0x00000094   Code   RO         3834    i.vPortFree         heap_4.o
    0x08006bd8   0x08006bd8   0x00000020   Code   RO         3907    i.vPortSetupTimerInterrupt  port.o
    0x08006bf8   0x08006bf8   0x00000078   Code   RO         3908    i.vPortValidateInterruptPriority  port.o
    0x08006c70   0x08006c70   0x0000005c   Code   RO         4274    i.vTaskDelay        tasks.o
    0x08006ccc   0x08006ccc   0x0000000c   Code   RO         4277    i.vTaskMissedYield  tasks.o
    0x08006cd8   0x08006cd8   0x00000038   Code   RO         4279    i.vTaskPlaceOnEventList  tasks.o
    0x08006d10   0x08006d10   0x000000b0   Code   RO         4281    i.vTaskPriorityInherit  tasks.o
    0x08006dc0   0x08006dc0   0x00000030   Code   RO         4284    i.vTaskSetTimeOutState  tasks.o
    0x08006df0   0x08006df0   0x00000088   Code   RO         4285    i.vTaskStartScheduler  tasks.o
    0x08006e78   0x08006e78   0x00000010   Code   RO         4287    i.vTaskSuspendAll   tasks.o
    0x08006e88   0x08006e88   0x0000008c   Code   RO         4288    i.vTaskSwitchContext  tasks.o
    0x08006f14   0x08006f14   0x000000a0   Code   RO         3909    i.xPortStartScheduler  port.o
    0x08006fb4   0x08006fb4   0x00000034   Code   RO         3910    i.xPortSysTickHandler  port.o
    0x08006fe8   0x08006fe8   0x00000058   Code   RO         4118    i.xQueueGenericCreate  queue.o
    0x08007040   0x08007040   0x000001c4   Code   RO         4119    i.xQueueGenericReceive  queue.o
    0x08007204   0x08007204   0x00000098   Code   RO         4120    i.xQueueGenericReset  queue.o
    0x0800729c   0x0800729c   0x000001a8   Code   RO         4121    i.xQueueGenericSend  queue.o
    0x08007444   0x08007444   0x000000f8   Code   RO         4122    i.xQueueGenericSendFromISR  queue.o
    0x0800753c   0x0800753c   0x000000ca   Code   RO         4127    i.xQueueReceiveFromISR  queue.o
    0x08007606   0x08007606   0x00000002   PAD
    0x08007608   0x08007608   0x0000008c   Code   RO         4289    i.xTaskCheckForTimeOut  tasks.o
    0x08007694   0x08007694   0x00000060   Code   RO         4290    i.xTaskCreate       tasks.o
    0x080076f4   0x080076f4   0x00000104   Code   RO         4291    i.xTaskGenericNotify  tasks.o
    0x080077f8   0x080077f8   0x00000144   Code   RO         4292    i.xTaskGenericNotifyFromISR  tasks.o
    0x0800793c   0x0800793c   0x00000020   Code   RO         4294    i.xTaskGetSchedulerState  tasks.o
    0x0800795c   0x0800795c   0x00000148   Code   RO         4297    i.xTaskIncrementTick  tasks.o
    0x08007aa4   0x08007aa4   0x000000c8   Code   RO         4300    i.xTaskPriorityDisinherit  tasks.o
    0x08007b6c   0x08007b6c   0x00000098   Code   RO         4301    i.xTaskRemoveFromEventList  tasks.o
    0x08007c04   0x08007c04   0x00000104   Code   RO         4303    i.xTaskResumeAll    tasks.o
    0x08007d08   0x08007d08   0x00000028   Data   RO          278    .constdata          freertos.o
    0x08007d30   0x08007d30   0x00000020   Data   RO          983    .constdata          thread_usbframe_process.o
    0x08007d50   0x08007d50   0x00000014   Data   RO         1061    .constdata          thread_frame_send.o
    0x08007d64   0x08007d64   0x00000034   Data   RO         1102    .constdata          thread_ble_transfer.o
    0x08007d98   0x08007d98   0x00000018   Data   RO         3799    .constdata          system_stm32f1xx.o
    0x08007db0   0x08007db0   0x00000018   Data   RO          279    .conststring        freertos.o
    0x08007dc8   0x08007dc8   0x00000011   Data   RO          984    .conststring        thread_usbframe_process.o
    0x08007dd9   0x08007dd9   0x00000003   PAD
    0x08007ddc   0x08007ddc   0x0000000b   Data   RO         1062    .conststring        thread_frame_send.o
    0x08007de7   0x08007de7   0x00000001   PAD
    0x08007de8   0x08007de8   0x00000024   Data   RO         1103    .conststring        thread_ble_transfer.o
    0x08007e0c   0x08007e0c   0x00000020   Data   RO         5617    Region$$Table       anon$$obj.o


    Execution Region RW_IRAM1 (Exec base: 0x20000000, Load base: 0x08007e2c, Size: 0x00003918, Max: 0x00005000, ABSOLUTE, COMPRESSED[0x00000128])

    Exec Addr    Load Addr    Size         Type   Attr      Idx    E Section Name        Object

    0x20000000   COMPRESSED   0x00000014   Data   RW          280    .data               freertos.o
    0x20000014   COMPRESSED   0x00000034   Data   RW          693    .data               usbd_desc.o
    0x20000048   COMPRESSED   0x00000084   Data   RW          759    .data               usbd_custom_hid_if.o
    0x200000cc   COMPRESSED   0x00000018   Data   RW          985    .data               thread_usbframe_process.o
    0x200000e4   COMPRESSED   0x00000004   Data   RW         1063    .data               thread_frame_send.o
    0x200000e8   COMPRESSED   0x0000000d   Data   RW         1104    .data               thread_ble_transfer.o
    0x200000f5   COMPRESSED   0x00000003   PAD
    0x200000f8   COMPRESSED   0x00000004   Data   RW         1165    .data               thread_usb_outevent_process.o
    0x200000fc   COMPRESSED   0x00000009   Data   RW         2901    .data               stm32f1xx_hal.o
    0x20000105   COMPRESSED   0x00000003   PAD
    0x20000108   COMPRESSED   0x00000004   Data   RW         3800    .data               system_stm32f1xx.o
    0x2000010c   COMPRESSED   0x00000018   Data   RW         3839    .data               heap_4.o
    0x20000124   COMPRESSED   0x0000000c   Data   RW         3911    .data               port.o
    0x20000130   COMPRESSED   0x0000003c   Data   RW         4306    .data               tasks.o
    0x2000016c   COMPRESSED   0x00000001   Data   RW         5082    .data               usbd_ctlreq.o
    0x2000016d   COMPRESSED   0x00000003   PAD
    0x20000170   COMPRESSED   0x00000096   Data   RW         5233    .data               usbd_customhid.o
    0x20000206   COMPRESSED   0x00000002   PAD
    0x20000208        -       0x000000c8   Zero   RW          378    .bss                usart.o
    0x200002d0        -       0x00000224   Zero   RW          431    .bss                usb_device.o
    0x200004f4        -       0x00000498   Zero   RW          509    .bss                usbd_conf.o
    0x2000098c        -       0x00000200   Zero   RW          692    .bss                usbd_desc.o
    0x20000b8c        -       0x00000040   Zero   RW          936    .bss                stm32f1xx_hal_timebase_tim.o
    0x20000bcc        -       0x00000016   Zero   RW          982    .bss                thread_usbframe_process.o
    0x20000be2        -       0x00000040   Zero   RW         1162    .bss                thread_usb_outevent_process.o
    0x20000c22        -       0x00002800   Zero   RW         3838    .bss                heap_4.o
    0x20003422   COMPRESSED   0x00000002   PAD
    0x20003424        -       0x000000f0   Zero   RW         4305    .bss                tasks.o
    0x20003514   COMPRESSED   0x00000004   PAD
    0x20003518        -       0x00000400   Zero   RW            1    STACK               startup_stm32f103xb.o


==============================================================================

Image component sizes


      Code (inc. data)   RO Data    RW Data    ZI Data      Debug   Object Name

       948         14          0          0          0      21868   cmsis_os.o
        52          4          0          0          0        678   dma.o
         0          0          0          0          0       8032   event_groups.o
       356         42         64         20          0       8282   freertos.o
       232         14          0          0          0       1283   gpio.o
       692         62          0         24      10240       8575   heap_4.o
       148          0          0          0          0       3294   list.o
       240         22          0          0          0     471701   main.o
       758         80          0         12          0      10861   port.o
      1952         16          0          0          0      13480   queue.o
        36          8        236          0       1024        784   startup_stm32f103xb.o
       116         24          0          9          0       3062   stm32f1xx_hal.o
       338         22          0          0          0      26629   stm32f1xx_hal_cortex.o
       958         12          0          0          0       4658   stm32f1xx_hal_dma.o
       832         32          0          0          0       3772   stm32f1xx_hal_gpio.o
       168         10          0          0          0        894   stm32f1xx_hal_msp.o
      2428          0          0          0          0       9101   stm32f1xx_hal_pcd.o
        62          0          0          0          0       1134   stm32f1xx_hal_pcd_ex.o
      1840        118          0          0          0       6369   stm32f1xx_hal_rcc.o
       304         14          0          0          0       1352   stm32f1xx_hal_rcc_ex.o
       614         14          0          0          0       5738   stm32f1xx_hal_tim.o
         4          0          0          0          0       1462   stm32f1xx_hal_tim_ex.o
       136         18          0          0         64       1428   stm32f1xx_hal_timebase_tim.o
      2066         26          0          0          0      12681   stm32f1xx_hal_uart.o
        96         22          0          0          0       4609   stm32f1xx_it.o
      2838          0          0          0          0      13131   stm32f1xx_ll_usb.o
        88         18         24          4          0       1103   system_stm32f1xx.o
      3316        414          0         60        240      23884   tasks.o
       296         42         88         13          0       9973   thread_ble_transfer.o
       152         20         31          4          0       1722   thread_frame_send.o
         0          0          0          4         64        652   thread_usb_outevent_process.o
       760         74         49         24         22      10881   thread_usbframe_process.o
       386         68          0          0        200       3135   usart.o
        52         16          0          0        548        656   usb_device.o
      1082         50          0          0       1176      12897   usbd_conf.o
       748          0          0          0          0       9467   usbd_core.o
      1592         30          0          1          0      10148   usbd_ctlreq.o
        44          8          0        132          0       4692   usbd_custom_hid_if.o
       642         26          0        150          0       9351   usbd_customhid.o
       308        132          0         52        512       9351   usbd_desc.o
       174          0          0          0          0       4388   usbd_ioreq.o

    ----------------------------------------------------------------------
     27880       1472        528        520      14096     757158   Object Totals
         0          0         32          0          0          0   (incl. Generated)
        26          0          4         11          6          0   (incl. Padding)

    ----------------------------------------------------------------------

      Code (inc. data)   RO Data    RW Data    ZI Data      Debug   Library Member Name

        86          0          0          0          0          0   __dczerorl2.o
         0          0          0          0          0          0   entry.o
         0          0          0          0          0          0   entry10a.o
         0          0          0          0          0          0   entry11a.o
         8          4          0          0          0          0   entry2.o
         4          0          0          0          0          0   entry5.o
         0          0          0          0          0          0   entry7b.o
         0          0          0          0          0          0   entry8b.o
         8          4          0          0          0          0   entry9a.o
        30          0          0          0          0          0   handlers.o
        36          8          0          0          0         68   init.o
         0          0          0          0          0          0   iusefp.o
        30          0          0          0          0         68   llshl.o
        36          0          0          0          0         68   llsshr.o
        32          0          0          0          0         68   llushr.o
        36          0          0          0          0         68   memcpya.o
      2276         86          0          0          0        520   printfa.o
        44          0          0          0          0         80   uidiv.o
        98          0          0          0          0         92   uldiv.o
        48          0          0          0          0         68   cdrcmple.o
       334          0          0          0          0        148   dadd.o
       222          0          0          0          0        100   ddiv.o
       186          0          0          0          0        176   depilogue.o
        62          0          0          0          0         80   dfixi.o
        48          0          0          0          0         68   dfixul.o
        34          0          0          0          0         76   dflti.o
       228          0          0          0          0         96   dmul.o

    ----------------------------------------------------------------------
      3892        102          0          0          0       1844   Library Totals
         6          0          0          0          0          0   (incl. Padding)

    ----------------------------------------------------------------------

      Code (inc. data)   RO Data    RW Data    ZI Data      Debug   Library Name

      2724        102          0          0          0       1032   mc_w.l
      1162          0          0          0          0        812   mf_w.l

    ----------------------------------------------------------------------
      3892        102          0          0          0       1844   Library Totals

    ----------------------------------------------------------------------

==============================================================================


      Code (inc. data)   RO Data    RW Data    ZI Data      Debug   

     31772       1574        528        520      14096     744050   Grand Totals
     31772       1574        528        296      14096     744050   ELF Image Totals (compressed)
     31772       1574        528        296          0          0   ROM Totals

==============================================================================

    Total RO  Size (Code + RO Data)                32300 (  31.54kB)
    Total RW  Size (RW Data + ZI Data)             14616 (  14.27kB)
    Total ROM Size (Code + RO Data + RW Data)      32596 (  31.83kB)

==============================================================================

